INFO: [VRFC 10-2263] Analyzing SystemVerilog file "D:/School/UIUC_ECE385_SP25/lab3/lab3.srcs/sources_1/imports/design_source/adder_toplevel.sv" into library xil_defaultlib
INFO: [VRFC 10-311] analyzing module adder_toplevel
INFO: [VRFC 10-2263] Analyzing SystemVerilog file "D:/School/UIUC_ECE385_SP25/lab3/lab3.srcs/sources_1/imports/design_source/hex_driver.sv" into library xil_defaultlib
INFO: [VRFC 10-311] analyzing module hex_driver
INFO: [VRFC 10-311] analyzing module nibble_to_hex
INFO: [VRFC 10-2263] Analyzing SystemVerilog file "D:/School/UIUC_ECE385_SP25/lab3/lab3.srcs/sources_1/imports/design_source/load_reg.sv" into library xil_defaultlib
INFO: [VRFC 10-311] analyzing module load_reg
INFO: [VRFC 10-2263] Analyzing SystemVerilog file "D:/School/UIUC_ECE385_SP25/lab3/lab3.srcs/sources_1/imports/design_source/negedge_detector.sv" into library xil_defaultlib
INFO: [VRFC 10-311] analyzing module negedge_detector
INFO: [VRFC 10-2263] Analyzing SystemVerilog file "D:/School/UIUC_ECE385_SP25/lab3/lab3.srcs/sources_1/imports/design_source/select_adder.sv" into library xil_defaultlib
INFO: [VRFC 10-311] analyzing module select_adder
INFO: [VRFC 10-311] analyzing module fourbitscadder
INFO: [VRFC 10-311] analyzing module CSfull_adder
INFO: [VRFC 10-2263] Analyzing SystemVerilog file "D:/School/UIUC_ECE385_SP25/lab3/lab3.srcs/sources_1/imports/design_source/sync_debounce.sv" into library xil_defaultlib
INFO: [VRFC 10-311] analyzing module sync_debounce
WARNING: [VRFC 10-9336] redeclaration of ANSI port 'q' is not allowed [D:/School/UIUC_ECE385_SP25/lab3/lab3.srcs/sources_1/imports/design_source/sync_debounce.sv:20]
INFO: [VRFC 10-2263] Analyzing SystemVerilog file "D:/School/UIUC_ECE385_SP25/lab3/lab3.srcs/sim_1/imports/UIUC_ECE385_SP25/tb_adder.sv" into library xil_defaultlib
INFO: [VRFC 10-311] analyzing module testbench
INFO: [VRFC 10-2263] Analyzing Verilog file "D:/School/UIUC_ECE385_SP25/lab3/lab3.sim/sim_1/behav/xsim/glbl.v" into library xil_defaultlib
INFO: [VRFC 10-311] analyzing module glbl
