16:36:29 DEBUG : Logs will be stored at 'D:/School/UIUC_ECE385_SP25/lab6_2/sdk/IDE.log'.
16:36:31 INFO  : Launching XSCT server: xsct.bat -n  -interactive D:\School\UIUC_ECE385_SP25\lab6_2\sdk\temp_xsdb_launch_script.tcl
16:36:31 INFO  : Platform repository initialization has completed.
16:36:31 INFO  : Registering command handlers for Vitis TCF services
16:36:33 INFO  : XSCT server has started successfully.
16:36:33 INFO  : Successfully done setting XSCT server connection channel  
16:36:33 INFO  : plnx-install-location is set to ''
16:36:33 INFO  : Successfully done query RDI_DATADIR 
16:36:33 INFO  : Successfully done setting workspace for the tool. 
16:38:24 INFO  : Result from executing command 'getProjects': mb_usb_hdmi_top
16:38:24 INFO  : Result from executing command 'getPlatforms': 
16:38:24 WARN  : An unexpected exception occurred in the module 'platform project logging'
16:38:24 INFO  : Platform 'mb_usb_hdmi_top' is added to custom repositories.
16:38:25 INFO  : Platform 'mb_usb_hdmi_top' is added to custom repositories.
16:39:57 INFO  : Hardware specification for platform project 'mb_usb_hdmi_top' is updated.
16:54:10 INFO  : Hardware specification for platform project 'mb_usb_hdmi_top' is updated.
16:54:32 INFO  : Result from executing command 'getProjects': mb_usb_hdmi_top
16:54:32 INFO  : Result from executing command 'getPlatforms': mb_usb_hdmi_top|D:/School/UIUC_ECE385_SP25/lab6_2/sdk/mb_usb_hdmi_top/export/mb_usb_hdmi_top/mb_usb_hdmi_top.xpfm
16:54:32 INFO  : Checking for BSP changes to sync application flags for project 'mb_usb_hdmi'...
17:13:30 DEBUG : Logs will be stored at 'D:/School/UIUC_ECE385_SP25/lab6_2/sdk/IDE.log'.
17:13:31 INFO  : Launching XSCT server: xsct.bat -n  -interactive D:\School\UIUC_ECE385_SP25\lab6_2\sdk\temp_xsdb_launch_script.tcl
17:13:33 INFO  : Platform repository initialization has completed.
17:13:33 INFO  : Registering command handlers for Vitis TCF services
17:13:35 INFO  : XSCT server has started successfully.
17:13:38 INFO  : plnx-install-location is set to ''
17:13:38 INFO  : Successfully done setting XSCT server connection channel  
17:13:38 INFO  : Successfully done query RDI_DATADIR 
17:13:38 INFO  : Successfully done setting workspace for the tool. 
19:08:16 INFO  : Result from executing command 'removePlatformRepo': 
19:08:22 INFO  : Result from executing command 'getProjects': mb_usb_hdmi_top
19:08:22 INFO  : Result from executing command 'getPlatforms': 
19:08:22 INFO  : Checking for BSP changes to sync application flags for project 'mb_usb_hdmi'...
20:03:09 INFO  : Checking for BSP changes to sync application flags for project 'mb_usb_hdmi'...
20:25:33 INFO  : Checking for BSP changes to sync application flags for project 'mb_usb_hdmi'...
20:26:16 INFO  : Checking for BSP changes to sync application flags for project 'mb_usb_hdmi'...
20:26:41 INFO  : Checking for BSP changes to sync application flags for project 'mb_usb_hdmi'...
20:27:03 INFO  : Checking for BSP changes to sync application flags for project 'mb_usb_hdmi'...
20:39:09 INFO  : Connected to target on host '127.0.0.1' and port '3121'.
20:39:09 INFO  : Jtag cable 'RealDigital Boo 88710000000EA' is selected.
20:39:09 INFO  : 'jtag frequency' command is executed.
20:39:09 INFO  : 'targets -set -filter {jtag_cable_name =~ "RealDigital Boo 88710000000EA" && level==0 && jtag_device_ctx=="jsn1-0362f093-0"}' command is executed.
20:39:10 INFO  : Device configured successfully with "D:/School/UIUC_ECE385_SP25/lab6_2/sdk/mb_usb_hdmi/_ide/bitstream/mb_usb_hdmi_top.bit"
20:39:10 INFO  : Context for processor 'microblaze_0' is selected.
20:39:11 INFO  : Hardware design and registers information is loaded from 'D:/School/UIUC_ECE385_SP25/lab6_2/sdk/mb_usb_hdmi_top/export/mb_usb_hdmi_top/hw/mb_usb_hdmi_top.xsa'.
20:39:11 INFO  : 'configparams mdm-detect-bscan-mask 2' command is executed.
20:39:11 INFO  : Context for processor 'microblaze_0' is selected.
20:39:11 INFO  : System reset is completed.
20:39:14 INFO  : 'after 3000' command is executed.
20:39:14 INFO  : Context for processor 'microblaze_0' is selected.
20:39:14 INFO  : The application 'D:/School/UIUC_ECE385_SP25/lab6_2/sdk/mb_usb_hdmi/Debug/mb_usb_hdmi.elf' is downloaded to processor 'microblaze_0'.
20:39:14 INFO  : ----------------XSDB Script----------------
connect -url tcp:127.0.0.1:3121
targets -set -filter {jtag_cable_name =~ "RealDigital Boo 88710000000EA" && level==0 && jtag_device_ctx=="jsn1-0362f093-0"}
fpga -file D:/School/UIUC_ECE385_SP25/lab6_2/sdk/mb_usb_hdmi/_ide/bitstream/mb_usb_hdmi_top.bit
targets -set -nocase -filter {name =~ "*microblaze*#0" && bscan=="USER2" }
loadhw -hw D:/School/UIUC_ECE385_SP25/lab6_2/sdk/mb_usb_hdmi_top/export/mb_usb_hdmi_top/hw/mb_usb_hdmi_top.xsa -regs
configparams mdm-detect-bscan-mask 2
targets -set -nocase -filter {name =~ "*microblaze*#0" && bscan=="USER2" }
rst -system
after 3000
targets -set -nocase -filter {name =~ "*microblaze*#0" && bscan=="USER2" }
dow D:/School/UIUC_ECE385_SP25/lab6_2/sdk/mb_usb_hdmi/Debug/mb_usb_hdmi.elf
----------------End of Script----------------

20:39:14 INFO  : Context for processor 'microblaze_0' is selected.
20:39:14 INFO  : 'con' command is executed.
20:39:14 INFO  : ----------------XSDB Script (After Launch)----------------
targets -set -nocase -filter {name =~ "*microblaze*#0" && bscan=="USER2" }
con
----------------End of Script----------------

20:39:14 INFO  : Disconnected from the channel tcfchan#3.
20:39:49 INFO  : Connected to target on host '127.0.0.1' and port '3121'.
20:39:49 INFO  : Jtag cable 'RealDigital Boo 88710000000EA' is selected.
20:39:49 INFO  : 'jtag frequency' command is executed.
20:39:49 INFO  : 'targets -set -filter {jtag_cable_name =~ "RealDigital Boo 88710000000EA" && level==0 && jtag_device_ctx=="jsn1-0362f093-0"}' command is executed.
20:39:50 INFO  : Device configured successfully with "D:/School/UIUC_ECE385_SP25/lab6_2/sdk/mb_usb_hdmi/_ide/bitstream/mb_usb_hdmi_top.bit"
20:39:51 INFO  : Context for processor 'microblaze_0' is selected.
20:39:51 INFO  : Hardware design and registers information is loaded from 'D:/School/UIUC_ECE385_SP25/lab6_2/sdk/mb_usb_hdmi_top/export/mb_usb_hdmi_top/hw/mb_usb_hdmi_top.xsa'.
20:39:51 INFO  : 'configparams mdm-detect-bscan-mask 2' command is executed.
20:39:51 INFO  : Context for processor 'microblaze_0' is selected.
20:39:51 INFO  : System reset is completed.
20:39:54 INFO  : 'after 3000' command is executed.
20:39:54 INFO  : Context for processor 'microblaze_0' is selected.
20:39:54 INFO  : The application 'D:/School/UIUC_ECE385_SP25/lab6_2/sdk/mb_usb_hdmi/Debug/mb_usb_hdmi.elf' is downloaded to processor 'microblaze_0'.
20:39:54 INFO  : ----------------XSDB Script----------------
connect -url tcp:127.0.0.1:3121
targets -set -filter {jtag_cable_name =~ "RealDigital Boo 88710000000EA" && level==0 && jtag_device_ctx=="jsn1-0362f093-0"}
fpga -file D:/School/UIUC_ECE385_SP25/lab6_2/sdk/mb_usb_hdmi/_ide/bitstream/mb_usb_hdmi_top.bit
targets -set -nocase -filter {name =~ "*microblaze*#0" && bscan=="USER2" }
loadhw -hw D:/School/UIUC_ECE385_SP25/lab6_2/sdk/mb_usb_hdmi_top/export/mb_usb_hdmi_top/hw/mb_usb_hdmi_top.xsa -regs
configparams mdm-detect-bscan-mask 2
targets -set -nocase -filter {name =~ "*microblaze*#0" && bscan=="USER2" }
rst -system
after 3000
targets -set -nocase -filter {name =~ "*microblaze*#0" && bscan=="USER2" }
dow D:/School/UIUC_ECE385_SP25/lab6_2/sdk/mb_usb_hdmi/Debug/mb_usb_hdmi.elf
----------------End of Script----------------

20:39:54 INFO  : Context for processor 'microblaze_0' is selected.
20:39:54 INFO  : 'con' command is executed.
20:39:54 INFO  : ----------------XSDB Script (After Launch)----------------
targets -set -nocase -filter {name =~ "*microblaze*#0" && bscan=="USER2" }
con
----------------End of Script----------------

20:39:54 INFO  : Disconnected from the channel tcfchan#4.
20:50:31 INFO  : Connected to target on host '127.0.0.1' and port '3121'.
20:50:31 INFO  : Jtag cable 'RealDigital Boo 88710000000EA' is selected.
20:50:31 INFO  : 'jtag frequency' command is executed.
20:50:31 INFO  : 'targets -set -filter {jtag_cable_name =~ "RealDigital Boo 88710000000EA" && level==0 && jtag_device_ctx=="jsn1-0362f093-0"}' command is executed.
20:50:32 INFO  : Device configured successfully with "D:/School/UIUC_ECE385_SP25/lab6_2/sdk/mb_usb_hdmi/_ide/bitstream/mb_usb_hdmi_top.bit"
20:50:32 INFO  : Context for processor 'microblaze_0' is selected.
20:50:32 INFO  : Hardware design and registers information is loaded from 'D:/School/UIUC_ECE385_SP25/lab6_2/sdk/mb_usb_hdmi_top/export/mb_usb_hdmi_top/hw/mb_usb_hdmi_top.xsa'.
20:50:32 INFO  : 'configparams mdm-detect-bscan-mask 2' command is executed.
20:50:32 INFO  : Context for processor 'microblaze_0' is selected.
20:50:32 INFO  : System reset is completed.
20:50:35 INFO  : 'after 3000' command is executed.
20:50:35 INFO  : Context for processor 'microblaze_0' is selected.
20:50:36 INFO  : The application 'D:/School/UIUC_ECE385_SP25/lab6_2/sdk/mb_usb_hdmi/Debug/mb_usb_hdmi.elf' is downloaded to processor 'microblaze_0'.
20:50:36 INFO  : ----------------XSDB Script----------------
connect -url tcp:127.0.0.1:3121
targets -set -filter {jtag_cable_name =~ "RealDigital Boo 88710000000EA" && level==0 && jtag_device_ctx=="jsn1-0362f093-0"}
fpga -file D:/School/UIUC_ECE385_SP25/lab6_2/sdk/mb_usb_hdmi/_ide/bitstream/mb_usb_hdmi_top.bit
targets -set -nocase -filter {name =~ "*microblaze*#0" && bscan=="USER2" }
loadhw -hw D:/School/UIUC_ECE385_SP25/lab6_2/sdk/mb_usb_hdmi_top/export/mb_usb_hdmi_top/hw/mb_usb_hdmi_top.xsa -regs
configparams mdm-detect-bscan-mask 2
targets -set -nocase -filter {name =~ "*microblaze*#0" && bscan=="USER2" }
rst -system
after 3000
targets -set -nocase -filter {name =~ "*microblaze*#0" && bscan=="USER2" }
dow D:/School/UIUC_ECE385_SP25/lab6_2/sdk/mb_usb_hdmi/Debug/mb_usb_hdmi.elf
----------------End of Script----------------

20:50:36 INFO  : Context for processor 'microblaze_0' is selected.
20:50:36 INFO  : 'con' command is executed.
20:50:36 INFO  : ----------------XSDB Script (After Launch)----------------
targets -set -nocase -filter {name =~ "*microblaze*#0" && bscan=="USER2" }
con
----------------End of Script----------------

20:50:36 INFO  : Disconnected from the channel tcfchan#5.
20:58:01 DEBUG : Logs will be stored at 'D:/School/UIUC_ECE385_SP25/lab6_2/sdk/IDE.log'.
20:58:02 INFO  : Launching XSCT server: xsct.bat -n  -interactive D:\School\UIUC_ECE385_SP25\lab6_2\sdk\temp_xsdb_launch_script.tcl
20:58:05 INFO  : Registering command handlers for Vitis TCF services
20:58:05 INFO  : Platform repository initialization has completed.
20:58:06 INFO  : XSCT server has started successfully.
20:58:09 INFO  : Successfully done setting XSCT server connection channel  
20:58:09 INFO  : plnx-install-location is set to ''
20:58:09 INFO  : Successfully done query RDI_DATADIR 
20:58:09 INFO  : Successfully done setting workspace for the tool. 
20:58:33 INFO  : Checking for BSP changes to sync application flags for project 'mb_usb_hdmi'...
20:58:45 INFO  : Connected to target on host '127.0.0.1' and port '3121'.
20:58:46 INFO  : Jtag cable 'RealDigital Boo 88710000000EA' is selected.
20:58:46 INFO  : 'jtag frequency' command is executed.
20:58:47 INFO  : 'targets -set -filter {jtag_cable_name =~ "RealDigital Boo 88710000000EA" && level==0 && jtag_device_ctx=="jsn1-0362f093-0"}' command is executed.
20:58:48 INFO  : Device configured successfully with "D:/School/UIUC_ECE385_SP25/lab6_2/sdk/mb_usb_hdmi/_ide/bitstream/mb_usb_hdmi_top.bit"
20:58:48 INFO  : Context for processor 'microblaze_0' is selected.
20:58:48 INFO  : Hardware design and registers information is loaded from 'D:/School/UIUC_ECE385_SP25/lab6_2/sdk/mb_usb_hdmi_top/export/mb_usb_hdmi_top/hw/mb_usb_hdmi_top.xsa'.
20:58:48 INFO  : 'configparams mdm-detect-bscan-mask 2' command is executed.
20:58:48 INFO  : Context for processor 'microblaze_0' is selected.
20:58:48 INFO  : System reset is completed.
20:58:51 INFO  : 'after 3000' command is executed.
20:58:52 INFO  : Context for processor 'microblaze_0' is selected.
20:58:52 INFO  : The application 'D:/School/UIUC_ECE385_SP25/lab6_2/sdk/mb_usb_hdmi/Debug/mb_usb_hdmi.elf' is downloaded to processor 'microblaze_0'.
20:58:52 INFO  : ----------------XSDB Script----------------
connect -url tcp:127.0.0.1:3121
targets -set -filter {jtag_cable_name =~ "RealDigital Boo 88710000000EA" && level==0 && jtag_device_ctx=="jsn1-0362f093-0"}
fpga -file D:/School/UIUC_ECE385_SP25/lab6_2/sdk/mb_usb_hdmi/_ide/bitstream/mb_usb_hdmi_top.bit
targets -set -nocase -filter {name =~ "*microblaze*#0" && bscan=="USER2" }
loadhw -hw D:/School/UIUC_ECE385_SP25/lab6_2/sdk/mb_usb_hdmi_top/export/mb_usb_hdmi_top/hw/mb_usb_hdmi_top.xsa -regs
configparams mdm-detect-bscan-mask 2
targets -set -nocase -filter {name =~ "*microblaze*#0" && bscan=="USER2" }
rst -system
after 3000
targets -set -nocase -filter {name =~ "*microblaze*#0" && bscan=="USER2" }
dow D:/School/UIUC_ECE385_SP25/lab6_2/sdk/mb_usb_hdmi/Debug/mb_usb_hdmi.elf
----------------End of Script----------------

20:58:52 INFO  : Context for processor 'microblaze_0' is selected.
20:58:52 INFO  : 'con' command is executed.
20:58:52 INFO  : ----------------XSDB Script (After Launch)----------------
targets -set -nocase -filter {name =~ "*microblaze*#0" && bscan=="USER2" }
con
----------------End of Script----------------

20:58:52 INFO  : Disconnected from the channel tcfchan#1.
21:17:03 INFO  : Checking for BSP changes to sync application flags for project 'mb_usb_hdmi'...
21:17:10 INFO  : Connected to target on host '127.0.0.1' and port '3121'.
21:17:10 INFO  : Jtag cable 'RealDigital Boo 88710000000EA' is selected.
21:17:10 INFO  : 'jtag frequency' command is executed.
21:17:11 INFO  : 'targets -set -filter {jtag_cable_name =~ "RealDigital Boo 88710000000EA" && level==0 && jtag_device_ctx=="jsn1-0362f093-0"}' command is executed.
21:17:12 INFO  : Device configured successfully with "D:/School/UIUC_ECE385_SP25/lab6_2/sdk/mb_usb_hdmi/_ide/bitstream/mb_usb_hdmi_top.bit"
21:17:12 INFO  : Context for processor 'microblaze_0' is selected.
21:17:12 INFO  : Hardware design and registers information is loaded from 'D:/School/UIUC_ECE385_SP25/lab6_2/sdk/mb_usb_hdmi_top/export/mb_usb_hdmi_top/hw/mb_usb_hdmi_top.xsa'.
21:17:12 INFO  : 'configparams mdm-detect-bscan-mask 2' command is executed.
21:17:12 INFO  : Context for processor 'microblaze_0' is selected.
21:17:12 INFO  : System reset is completed.
21:17:15 INFO  : 'after 3000' command is executed.
21:17:15 INFO  : Context for processor 'microblaze_0' is selected.
21:17:15 INFO  : The application 'D:/School/UIUC_ECE385_SP25/lab6_2/sdk/mb_usb_hdmi/Debug/mb_usb_hdmi.elf' is downloaded to processor 'microblaze_0'.
21:17:15 INFO  : ----------------XSDB Script----------------
connect -url tcp:127.0.0.1:3121
targets -set -filter {jtag_cable_name =~ "RealDigital Boo 88710000000EA" && level==0 && jtag_device_ctx=="jsn1-0362f093-0"}
fpga -file D:/School/UIUC_ECE385_SP25/lab6_2/sdk/mb_usb_hdmi/_ide/bitstream/mb_usb_hdmi_top.bit
targets -set -nocase -filter {name =~ "*microblaze*#0" && bscan=="USER2" }
loadhw -hw D:/School/UIUC_ECE385_SP25/lab6_2/sdk/mb_usb_hdmi_top/export/mb_usb_hdmi_top/hw/mb_usb_hdmi_top.xsa -regs
configparams mdm-detect-bscan-mask 2
targets -set -nocase -filter {name =~ "*microblaze*#0" && bscan=="USER2" }
rst -system
after 3000
targets -set -nocase -filter {name =~ "*microblaze*#0" && bscan=="USER2" }
dow D:/School/UIUC_ECE385_SP25/lab6_2/sdk/mb_usb_hdmi/Debug/mb_usb_hdmi.elf
----------------End of Script----------------

21:17:15 INFO  : Context for processor 'microblaze_0' is selected.
21:17:15 INFO  : 'con' command is executed.
21:17:15 INFO  : ----------------XSDB Script (After Launch)----------------
targets -set -nocase -filter {name =~ "*microblaze*#0" && bscan=="USER2" }
con
----------------End of Script----------------

21:17:15 INFO  : Disconnected from the channel tcfchan#2.
21:19:39 INFO  : Checking for BSP changes to sync application flags for project 'mb_usb_hdmi'...
21:19:45 INFO  : Connected to target on host '127.0.0.1' and port '3121'.
21:19:46 INFO  : Jtag cable 'RealDigital Boo 88710000000EA' is selected.
21:19:46 INFO  : 'jtag frequency' command is executed.
21:19:46 INFO  : 'targets -set -filter {jtag_cable_name =~ "RealDigital Boo 88710000000EA" && level==0 && jtag_device_ctx=="jsn1-0362f093-0"}' command is executed.
21:19:47 INFO  : Device configured successfully with "D:/School/UIUC_ECE385_SP25/lab6_2/sdk/mb_usb_hdmi/_ide/bitstream/mb_usb_hdmi_top.bit"
21:19:47 INFO  : Context for processor 'microblaze_0' is selected.
21:19:47 INFO  : Hardware design and registers information is loaded from 'D:/School/UIUC_ECE385_SP25/lab6_2/sdk/mb_usb_hdmi_top/export/mb_usb_hdmi_top/hw/mb_usb_hdmi_top.xsa'.
21:19:47 INFO  : 'configparams mdm-detect-bscan-mask 2' command is executed.
21:19:47 INFO  : Context for processor 'microblaze_0' is selected.
21:19:47 INFO  : System reset is completed.
21:19:50 INFO  : 'after 3000' command is executed.
21:19:50 INFO  : Context for processor 'microblaze_0' is selected.
21:19:50 INFO  : The application 'D:/School/UIUC_ECE385_SP25/lab6_2/sdk/mb_usb_hdmi/Debug/mb_usb_hdmi.elf' is downloaded to processor 'microblaze_0'.
21:19:50 INFO  : ----------------XSDB Script----------------
connect -url tcp:127.0.0.1:3121
targets -set -filter {jtag_cable_name =~ "RealDigital Boo 88710000000EA" && level==0 && jtag_device_ctx=="jsn1-0362f093-0"}
fpga -file D:/School/UIUC_ECE385_SP25/lab6_2/sdk/mb_usb_hdmi/_ide/bitstream/mb_usb_hdmi_top.bit
targets -set -nocase -filter {name =~ "*microblaze*#0" && bscan=="USER2" }
loadhw -hw D:/School/UIUC_ECE385_SP25/lab6_2/sdk/mb_usb_hdmi_top/export/mb_usb_hdmi_top/hw/mb_usb_hdmi_top.xsa -regs
configparams mdm-detect-bscan-mask 2
targets -set -nocase -filter {name =~ "*microblaze*#0" && bscan=="USER2" }
rst -system
after 3000
targets -set -nocase -filter {name =~ "*microblaze*#0" && bscan=="USER2" }
dow D:/School/UIUC_ECE385_SP25/lab6_2/sdk/mb_usb_hdmi/Debug/mb_usb_hdmi.elf
----------------End of Script----------------

21:19:50 INFO  : Context for processor 'microblaze_0' is selected.
21:19:50 INFO  : 'con' command is executed.
21:19:50 INFO  : ----------------XSDB Script (After Launch)----------------
targets -set -nocase -filter {name =~ "*microblaze*#0" && bscan=="USER2" }
con
----------------End of Script----------------

21:19:50 INFO  : Disconnected from the channel tcfchan#3.
21:21:06 INFO  : Connected to target on host '127.0.0.1' and port '3121'.
21:21:06 INFO  : Jtag cable 'RealDigital Boo 88710000000EA' is selected.
21:21:06 INFO  : 'jtag frequency' command is executed.
21:21:06 INFO  : 'targets -set -filter {jtag_cable_name =~ "RealDigital Boo 88710000000EA" && level==0 && jtag_device_ctx=="jsn1-0362f093-0"}' command is executed.
21:21:07 INFO  : Device configured successfully with "D:/School/UIUC_ECE385_SP25/lab6_2/sdk/mb_usb_hdmi/_ide/bitstream/mb_usb_hdmi_top.bit"
21:21:07 INFO  : Context for processor 'microblaze_0' is selected.
21:21:08 INFO  : Hardware design and registers information is loaded from 'D:/School/UIUC_ECE385_SP25/lab6_2/sdk/mb_usb_hdmi_top/export/mb_usb_hdmi_top/hw/mb_usb_hdmi_top.xsa'.
21:21:08 INFO  : 'configparams mdm-detect-bscan-mask 2' command is executed.
21:21:08 INFO  : Context for processor 'microblaze_0' is selected.
21:21:08 INFO  : System reset is completed.
21:21:11 INFO  : 'after 3000' command is executed.
21:21:11 INFO  : Context for processor 'microblaze_0' is selected.
21:21:11 INFO  : The application 'D:/School/UIUC_ECE385_SP25/lab6_2/sdk/mb_usb_hdmi/Debug/mb_usb_hdmi.elf' is downloaded to processor 'microblaze_0'.
21:21:11 INFO  : ----------------XSDB Script----------------
connect -url tcp:127.0.0.1:3121
targets -set -filter {jtag_cable_name =~ "RealDigital Boo 88710000000EA" && level==0 && jtag_device_ctx=="jsn1-0362f093-0"}
fpga -file D:/School/UIUC_ECE385_SP25/lab6_2/sdk/mb_usb_hdmi/_ide/bitstream/mb_usb_hdmi_top.bit
targets -set -nocase -filter {name =~ "*microblaze*#0" && bscan=="USER2" }
loadhw -hw D:/School/UIUC_ECE385_SP25/lab6_2/sdk/mb_usb_hdmi_top/export/mb_usb_hdmi_top/hw/mb_usb_hdmi_top.xsa -regs
configparams mdm-detect-bscan-mask 2
targets -set -nocase -filter {name =~ "*microblaze*#0" && bscan=="USER2" }
rst -system
after 3000
targets -set -nocase -filter {name =~ "*microblaze*#0" && bscan=="USER2" }
dow D:/School/UIUC_ECE385_SP25/lab6_2/sdk/mb_usb_hdmi/Debug/mb_usb_hdmi.elf
----------------End of Script----------------

21:21:11 INFO  : Context for processor 'microblaze_0' is selected.
21:21:11 INFO  : 'con' command is executed.
21:21:11 INFO  : ----------------XSDB Script (After Launch)----------------
targets -set -nocase -filter {name =~ "*microblaze*#0" && bscan=="USER2" }
con
----------------End of Script----------------

21:21:11 INFO  : Disconnected from the channel tcfchan#4.
21:58:42 INFO  : Hardware specification for platform project 'mb_usb_hdmi_top' is updated.
21:59:02 INFO  : Result from executing command 'removePlatformRepo': 
21:59:10 INFO  : Result from executing command 'getProjects': mb_usb_hdmi_top
21:59:10 INFO  : Result from executing command 'getPlatforms': 
21:59:10 INFO  : Checking for BSP changes to sync application flags for project 'mb_usb_hdmi'...
21:59:10 WARN  : Failed to closehw "D:/School/UIUC_ECE385_SP25/lab6_2/sdk/mb_usb_hdmi_top/export/mb_usb_hdmi_top/hw/mb_usb_hdmi_top.xsa"
Reason: Cannot close hw design 'D:/School/UIUC_ECE385_SP25/lab6_2/sdk/mb_usb_hdmi_top/export/mb_usb_hdmi_top/hw/mb_usb_hdmi_top.xsa'.
Design is not opened in the current session.

21:59:12 INFO  : The hardware specification used by project 'mb_usb_hdmi' is out of sync with the platform. Resource files extracted from the hardware specification will be updated.
21:59:12 INFO  : The file 'D:\School\UIUC_ECE385_SP25\lab6_2\sdk\mb_usb_hdmi\_ide\bitstream\mb_usb_hdmi_top.bit' stored in project is removed.
21:59:12 INFO  : The file 'D:\School\UIUC_ECE385_SP25\lab6_2\sdk\mb_usb_hdmi\_ide\bitstream\mb_usb_hdmi_top.mmi' stored in project is removed.
21:59:12 INFO  : The updated bitstream files are copied from platform to folder 'D:\School\UIUC_ECE385_SP25\lab6_2\sdk\mb_usb_hdmi\_ide\bitstream' in project 'mb_usb_hdmi'.
21:59:20 INFO  : Connected to target on host '127.0.0.1' and port '3121'.
21:59:21 INFO  : Jtag cable 'RealDigital Boo 88710000000EA' is selected.
21:59:21 INFO  : 'jtag frequency' command is executed.
21:59:21 INFO  : 'targets -set -filter {jtag_cable_name =~ "RealDigital Boo 88710000000EA" && level==0 && jtag_device_ctx=="jsn1-0362f093-0"}' command is executed.
21:59:23 INFO  : Device configured successfully with "D:/School/UIUC_ECE385_SP25/lab6_2/sdk/mb_usb_hdmi/_ide/bitstream/mb_usb_hdmi_top.bit"
21:59:23 INFO  : Context for processor 'microblaze_0' is selected.
21:59:23 INFO  : Hardware design and registers information is loaded from 'D:/School/UIUC_ECE385_SP25/lab6_2/sdk/mb_usb_hdmi_top/export/mb_usb_hdmi_top/hw/mb_usb_hdmi_top.xsa'.
21:59:23 INFO  : 'configparams mdm-detect-bscan-mask 2' command is executed.
21:59:23 INFO  : Context for processor 'microblaze_0' is selected.
21:59:23 INFO  : System reset is completed.
21:59:26 INFO  : 'after 3000' command is executed.
21:59:27 INFO  : Context for processor 'microblaze_0' is selected.
21:59:27 INFO  : The application 'D:/School/UIUC_ECE385_SP25/lab6_2/sdk/mb_usb_hdmi/Debug/mb_usb_hdmi.elf' is downloaded to processor 'microblaze_0'.
21:59:27 INFO  : ----------------XSDB Script----------------
connect -url tcp:127.0.0.1:3121
targets -set -filter {jtag_cable_name =~ "RealDigital Boo 88710000000EA" && level==0 && jtag_device_ctx=="jsn1-0362f093-0"}
fpga -file D:/School/UIUC_ECE385_SP25/lab6_2/sdk/mb_usb_hdmi/_ide/bitstream/mb_usb_hdmi_top.bit
targets -set -nocase -filter {name =~ "*microblaze*#0" && bscan=="USER2" }
loadhw -hw D:/School/UIUC_ECE385_SP25/lab6_2/sdk/mb_usb_hdmi_top/export/mb_usb_hdmi_top/hw/mb_usb_hdmi_top.xsa -regs
configparams mdm-detect-bscan-mask 2
targets -set -nocase -filter {name =~ "*microblaze*#0" && bscan=="USER2" }
rst -system
after 3000
targets -set -nocase -filter {name =~ "*microblaze*#0" && bscan=="USER2" }
dow D:/School/UIUC_ECE385_SP25/lab6_2/sdk/mb_usb_hdmi/Debug/mb_usb_hdmi.elf
----------------End of Script----------------

21:59:27 INFO  : Context for processor 'microblaze_0' is selected.
21:59:27 INFO  : 'con' command is executed.
21:59:27 INFO  : ----------------XSDB Script (After Launch)----------------
targets -set -nocase -filter {name =~ "*microblaze*#0" && bscan=="USER2" }
con
----------------End of Script----------------

21:59:27 INFO  : Disconnected from the channel tcfchan#7.
22:02:38 INFO  : Connected to target on host '127.0.0.1' and port '3121'.
22:02:39 INFO  : Jtag cable 'RealDigital Boo 88710000000EA' is selected.
22:02:39 INFO  : 'jtag frequency' command is executed.
22:02:39 INFO  : 'targets -set -filter {jtag_cable_name =~ "RealDigital Boo 88710000000EA" && level==0 && jtag_device_ctx=="jsn1-0362f093-0"}' command is executed.
22:02:41 INFO  : Device configured successfully with "D:/School/UIUC_ECE385_SP25/lab6_2/sdk/mb_usb_hdmi/_ide/bitstream/mb_usb_hdmi_top.bit"
22:02:41 INFO  : Context for processor 'microblaze_0' is selected.
22:02:41 INFO  : Hardware design and registers information is loaded from 'D:/School/UIUC_ECE385_SP25/lab6_2/sdk/mb_usb_hdmi_top/export/mb_usb_hdmi_top/hw/mb_usb_hdmi_top.xsa'.
22:02:41 INFO  : 'configparams mdm-detect-bscan-mask 2' command is executed.
22:02:41 INFO  : Context for processor 'microblaze_0' is selected.
22:02:41 INFO  : System reset is completed.
22:02:44 INFO  : 'after 3000' command is executed.
22:02:44 INFO  : Context for processor 'microblaze_0' is selected.
22:02:45 INFO  : The application 'D:/School/UIUC_ECE385_SP25/lab6_2/sdk/mb_usb_hdmi/Debug/mb_usb_hdmi.elf' is downloaded to processor 'microblaze_0'.
22:02:45 INFO  : ----------------XSDB Script----------------
connect -url tcp:127.0.0.1:3121
targets -set -filter {jtag_cable_name =~ "RealDigital Boo 88710000000EA" && level==0 && jtag_device_ctx=="jsn1-0362f093-0"}
fpga -file D:/School/UIUC_ECE385_SP25/lab6_2/sdk/mb_usb_hdmi/_ide/bitstream/mb_usb_hdmi_top.bit
targets -set -nocase -filter {name =~ "*microblaze*#0" && bscan=="USER2" }
loadhw -hw D:/School/UIUC_ECE385_SP25/lab6_2/sdk/mb_usb_hdmi_top/export/mb_usb_hdmi_top/hw/mb_usb_hdmi_top.xsa -regs
configparams mdm-detect-bscan-mask 2
targets -set -nocase -filter {name =~ "*microblaze*#0" && bscan=="USER2" }
rst -system
after 3000
targets -set -nocase -filter {name =~ "*microblaze*#0" && bscan=="USER2" }
dow D:/School/UIUC_ECE385_SP25/lab6_2/sdk/mb_usb_hdmi/Debug/mb_usb_hdmi.elf
----------------End of Script----------------

22:02:45 INFO  : Context for processor 'microblaze_0' is selected.
22:02:45 INFO  : 'con' command is executed.
22:02:45 INFO  : ----------------XSDB Script (After Launch)----------------
targets -set -nocase -filter {name =~ "*microblaze*#0" && bscan=="USER2" }
con
----------------End of Script----------------

22:02:45 INFO  : Disconnected from the channel tcfchan#8.
13:38:21 DEBUG : Logs will be stored at 'D:/School/UIUC_ECE385_SP25/lab6_2/sdk/IDE.log'.
13:38:21 INFO  : Launching XSCT server: xsct.bat -n  -interactive D:\School\UIUC_ECE385_SP25\lab6_2\sdk\temp_xsdb_launch_script.tcl
13:38:24 INFO  : Platform repository initialization has completed.
13:38:24 INFO  : Registering command handlers for Vitis TCF services
13:38:25 INFO  : XSCT server has started successfully.
13:38:25 INFO  : plnx-install-location is set to ''
13:38:25 INFO  : Successfully done setting XSCT server connection channel  
13:38:28 INFO  : Successfully done setting workspace for the tool. 
13:38:28 INFO  : Successfully done query RDI_DATADIR 
13:38:34 INFO  : Connected to target on host '127.0.0.1' and port '3121'.
13:38:35 INFO  : Jtag cable 'RealDigital Boo 88710000000EA' is selected.
13:38:35 INFO  : 'jtag frequency' command is executed.
13:38:36 INFO  : 'targets -set -filter {jtag_cable_name =~ "RealDigital Boo 88710000000EA" && level==0 && jtag_device_ctx=="jsn1-0362f093-0"}' command is executed.
13:38:38 INFO  : Device configured successfully with "D:/School/UIUC_ECE385_SP25/lab6_2/sdk/mb_usb_hdmi/_ide/bitstream/mb_usb_hdmi_top.bit"
13:38:38 INFO  : Context for processor 'microblaze_0' is selected.
13:38:38 INFO  : Hardware design and registers information is loaded from 'D:/School/UIUC_ECE385_SP25/lab6_2/sdk/mb_usb_hdmi_top/export/mb_usb_hdmi_top/hw/mb_usb_hdmi_top.xsa'.
13:38:38 INFO  : 'configparams mdm-detect-bscan-mask 2' command is executed.
13:38:38 INFO  : Context for processor 'microblaze_0' is selected.
13:38:38 INFO  : System reset is completed.
13:38:41 INFO  : 'after 3000' command is executed.
13:38:42 INFO  : Context for processor 'microblaze_0' is selected.
13:38:42 INFO  : The application 'D:/School/UIUC_ECE385_SP25/lab6_2/sdk/mb_usb_hdmi/Debug/mb_usb_hdmi.elf' is downloaded to processor 'microblaze_0'.
13:38:42 INFO  : ----------------XSDB Script----------------
connect -url tcp:127.0.0.1:3121
targets -set -filter {jtag_cable_name =~ "RealDigital Boo 88710000000EA" && level==0 && jtag_device_ctx=="jsn1-0362f093-0"}
fpga -file D:/School/UIUC_ECE385_SP25/lab6_2/sdk/mb_usb_hdmi/_ide/bitstream/mb_usb_hdmi_top.bit
targets -set -nocase -filter {name =~ "*microblaze*#0" && bscan=="USER2" }
loadhw -hw D:/School/UIUC_ECE385_SP25/lab6_2/sdk/mb_usb_hdmi_top/export/mb_usb_hdmi_top/hw/mb_usb_hdmi_top.xsa -regs
configparams mdm-detect-bscan-mask 2
targets -set -nocase -filter {name =~ "*microblaze*#0" && bscan=="USER2" }
rst -system
after 3000
targets -set -nocase -filter {name =~ "*microblaze*#0" && bscan=="USER2" }
dow D:/School/UIUC_ECE385_SP25/lab6_2/sdk/mb_usb_hdmi/Debug/mb_usb_hdmi.elf
----------------End of Script----------------

13:38:42 INFO  : Context for processor 'microblaze_0' is selected.
13:38:42 INFO  : 'con' command is executed.
13:38:42 INFO  : ----------------XSDB Script (After Launch)----------------
targets -set -nocase -filter {name =~ "*microblaze*#0" && bscan=="USER2" }
con
----------------End of Script----------------

13:38:42 INFO  : Disconnected from the channel tcfchan#1.
13:48:29 INFO  : Connected to target on host '127.0.0.1' and port '3121'.
13:48:30 INFO  : Jtag cable 'RealDigital Boo 88710000000EA' is selected.
13:48:30 INFO  : 'jtag frequency' command is executed.
13:48:30 INFO  : 'targets -set -filter {jtag_cable_name =~ "RealDigital Boo 88710000000EA" && level==0 && jtag_device_ctx=="jsn1-0362f093-0"}' command is executed.
13:48:32 INFO  : Device configured successfully with "D:/School/UIUC_ECE385_SP25/lab6_2/sdk/mb_usb_hdmi/_ide/bitstream/mb_usb_hdmi_top.bit"
13:48:32 INFO  : Context for processor 'microblaze_0' is selected.
13:48:32 INFO  : Hardware design and registers information is loaded from 'D:/School/UIUC_ECE385_SP25/lab6_2/sdk/mb_usb_hdmi_top/export/mb_usb_hdmi_top/hw/mb_usb_hdmi_top.xsa'.
13:48:32 INFO  : 'configparams mdm-detect-bscan-mask 2' command is executed.
13:48:32 INFO  : Context for processor 'microblaze_0' is selected.
13:48:32 INFO  : System reset is completed.
13:48:35 INFO  : 'after 3000' command is executed.
13:48:36 INFO  : Context for processor 'microblaze_0' is selected.
13:48:36 INFO  : The application 'D:/School/UIUC_ECE385_SP25/lab6_2/sdk/mb_usb_hdmi/Debug/mb_usb_hdmi.elf' is downloaded to processor 'microblaze_0'.
13:48:36 INFO  : ----------------XSDB Script----------------
connect -url tcp:127.0.0.1:3121
targets -set -filter {jtag_cable_name =~ "RealDigital Boo 88710000000EA" && level==0 && jtag_device_ctx=="jsn1-0362f093-0"}
fpga -file D:/School/UIUC_ECE385_SP25/lab6_2/sdk/mb_usb_hdmi/_ide/bitstream/mb_usb_hdmi_top.bit
targets -set -nocase -filter {name =~ "*microblaze*#0" && bscan=="USER2" }
loadhw -hw D:/School/UIUC_ECE385_SP25/lab6_2/sdk/mb_usb_hdmi_top/export/mb_usb_hdmi_top/hw/mb_usb_hdmi_top.xsa -regs
configparams mdm-detect-bscan-mask 2
targets -set -nocase -filter {name =~ "*microblaze*#0" && bscan=="USER2" }
rst -system
after 3000
targets -set -nocase -filter {name =~ "*microblaze*#0" && bscan=="USER2" }
dow D:/School/UIUC_ECE385_SP25/lab6_2/sdk/mb_usb_hdmi/Debug/mb_usb_hdmi.elf
----------------End of Script----------------

13:48:36 INFO  : Context for processor 'microblaze_0' is selected.
13:48:36 INFO  : 'con' command is executed.
13:48:36 INFO  : ----------------XSDB Script (After Launch)----------------
targets -set -nocase -filter {name =~ "*microblaze*#0" && bscan=="USER2" }
con
----------------End of Script----------------

13:48:36 INFO  : Disconnected from the channel tcfchan#2.
14:21:54 INFO  : Hardware specification for platform project 'mb_usb_hdmi_top' is updated.
14:22:25 INFO  : Hardware specification for platform project 'mb_usb_hdmi_top' is updated.
14:22:35 INFO  : Result from executing command 'removePlatformRepo': 
14:22:45 INFO  : Result from executing command 'getProjects': mb_usb_hdmi_top
14:22:45 INFO  : Result from executing command 'getPlatforms': 
14:22:45 INFO  : Checking for BSP changes to sync application flags for project 'mb_usb_hdmi'...
14:22:45 WARN  : Failed to closehw "D:/School/UIUC_ECE385_SP25/lab6_2/sdk/mb_usb_hdmi_top/export/mb_usb_hdmi_top/hw/mb_usb_hdmi_top.xsa"
Reason: Cannot close hw design 'D:/School/UIUC_ECE385_SP25/lab6_2/sdk/mb_usb_hdmi_top/export/mb_usb_hdmi_top/hw/mb_usb_hdmi_top.xsa'.
Design is not opened in the current session.

14:22:48 INFO  : The hardware specification used by project 'mb_usb_hdmi' is out of sync with the platform. Resource files extracted from the hardware specification will be updated.
14:22:48 INFO  : The file 'D:\School\UIUC_ECE385_SP25\lab6_2\sdk\mb_usb_hdmi\_ide\bitstream\mb_usb_hdmi_top.bit' stored in project is removed.
14:22:48 INFO  : The file 'D:\School\UIUC_ECE385_SP25\lab6_2\sdk\mb_usb_hdmi\_ide\bitstream\mb_usb_hdmi_top.mmi' stored in project is removed.
14:22:48 INFO  : The updated bitstream files are copied from platform to folder 'D:\School\UIUC_ECE385_SP25\lab6_2\sdk\mb_usb_hdmi\_ide\bitstream' in project 'mb_usb_hdmi'.
14:22:53 INFO  : Connected to target on host '127.0.0.1' and port '3121'.
14:22:54 INFO  : Jtag cable 'RealDigital Boo 88710000000EA' is selected.
14:22:54 INFO  : 'jtag frequency' command is executed.
14:22:54 INFO  : 'targets -set -filter {jtag_cable_name =~ "RealDigital Boo 88710000000EA" && level==0 && jtag_device_ctx=="jsn1-0362f093-0"}' command is executed.
14:22:56 INFO  : Device configured successfully with "D:/School/UIUC_ECE385_SP25/lab6_2/sdk/mb_usb_hdmi/_ide/bitstream/mb_usb_hdmi_top.bit"
14:22:56 INFO  : Context for processor 'microblaze_0' is selected.
14:22:56 INFO  : Hardware design and registers information is loaded from 'D:/School/UIUC_ECE385_SP25/lab6_2/sdk/mb_usb_hdmi_top/export/mb_usb_hdmi_top/hw/mb_usb_hdmi_top.xsa'.
14:22:56 INFO  : 'configparams mdm-detect-bscan-mask 2' command is executed.
14:22:56 INFO  : Context for processor 'microblaze_0' is selected.
14:22:56 INFO  : System reset is completed.
14:22:59 INFO  : 'after 3000' command is executed.
14:23:00 INFO  : Context for processor 'microblaze_0' is selected.
14:23:00 INFO  : The application 'D:/School/UIUC_ECE385_SP25/lab6_2/sdk/mb_usb_hdmi/Debug/mb_usb_hdmi.elf' is downloaded to processor 'microblaze_0'.
14:23:00 INFO  : ----------------XSDB Script----------------
connect -url tcp:127.0.0.1:3121
targets -set -filter {jtag_cable_name =~ "RealDigital Boo 88710000000EA" && level==0 && jtag_device_ctx=="jsn1-0362f093-0"}
fpga -file D:/School/UIUC_ECE385_SP25/lab6_2/sdk/mb_usb_hdmi/_ide/bitstream/mb_usb_hdmi_top.bit
targets -set -nocase -filter {name =~ "*microblaze*#0" && bscan=="USER2" }
loadhw -hw D:/School/UIUC_ECE385_SP25/lab6_2/sdk/mb_usb_hdmi_top/export/mb_usb_hdmi_top/hw/mb_usb_hdmi_top.xsa -regs
configparams mdm-detect-bscan-mask 2
targets -set -nocase -filter {name =~ "*microblaze*#0" && bscan=="USER2" }
rst -system
after 3000
targets -set -nocase -filter {name =~ "*microblaze*#0" && bscan=="USER2" }
dow D:/School/UIUC_ECE385_SP25/lab6_2/sdk/mb_usb_hdmi/Debug/mb_usb_hdmi.elf
----------------End of Script----------------

14:23:00 INFO  : Context for processor 'microblaze_0' is selected.
14:23:00 INFO  : 'con' command is executed.
14:23:00 INFO  : ----------------XSDB Script (After Launch)----------------
targets -set -nocase -filter {name =~ "*microblaze*#0" && bscan=="USER2" }
con
----------------End of Script----------------

14:23:00 INFO  : Disconnected from the channel tcfchan#5.
14:23:10 INFO  : Connected to target on host '127.0.0.1' and port '3121'.
14:23:11 INFO  : Jtag cable 'RealDigital Boo 88710000000EA' is selected.
14:23:11 INFO  : 'jtag frequency' command is executed.
14:23:14 ERROR : no targets found with "jtag_cable_name =~ "RealDigital Boo 88710000000EA" && level==0 && jtag_device_ctx=="jsn1-0362f093-0"". available targets:
  1  xc7s50
     2  MicroBlaze Debug Module at USER2
        3  MicroBlaze #0 (Running)
14:23:14 ERROR : Exception occured while running Program Device.
java.lang.RuntimeException: no targets found with "jtag_cable_name =~ "RealDigital Boo 88710000000EA" && level==0 && jtag_device_ctx=="jsn1-0362f093-0"". available targets:
  1  xc7s50
     2  MicroBlaze Debug Module at USER2
        3  MicroBlaze #0 (Running)
14:23:14 INFO  : ----------------XSDB Script----------------
connect -url tcp:127.0.0.1:3121
----------------End of Script----------------

14:23:14 ERROR : no targets found with "jtag_cable_name =~ "RealDigital Boo 88710000000EA" && level==0 && jtag_device_ctx=="jsn1-0362f093-0"". available targets:
  1  xc7s50
     2  MicroBlaze Debug Module at USER2
        3  MicroBlaze #0 (Running)
14:23:31 INFO  : Connected to target on host '127.0.0.1' and port '3121'.
14:23:33 INFO  : Jtag cable 'RealDigital Boo 88710000000EA' is selected.
14:23:33 INFO  : 'jtag frequency' command is executed.
14:23:36 ERROR : no targets found with "jtag_cable_name =~ "RealDigital Boo 88710000000EA" && level==0 && jtag_device_ctx=="jsn1-0362f093-0"". available targets:
  1  xc7s50
     2  MicroBlaze Debug Module at USER2
        3  MicroBlaze #0 (Running)
14:23:36 ERROR : Exception occured while running Program Device.
java.lang.RuntimeException: no targets found with "jtag_cable_name =~ "RealDigital Boo 88710000000EA" && level==0 && jtag_device_ctx=="jsn1-0362f093-0"". available targets:
  1  xc7s50
     2  MicroBlaze Debug Module at USER2
        3  MicroBlaze #0 (Running)
14:23:36 INFO  : ----------------XSDB Script----------------
connect -url tcp:127.0.0.1:3121
----------------End of Script----------------

14:23:36 ERROR : no targets found with "jtag_cable_name =~ "RealDigital Boo 88710000000EA" && level==0 && jtag_device_ctx=="jsn1-0362f093-0"". available targets:
  1  xc7s50
     2  MicroBlaze Debug Module at USER2
        3  MicroBlaze #0 (Running)
14:23:52 INFO  : Connected to target on host '127.0.0.1' and port '3121'.
14:23:52 INFO  : Jtag cable 'RealDigital Boo 88710000000EA' is selected.
14:23:52 INFO  : 'jtag frequency' command is executed.
14:23:55 ERROR : no targets found with "jtag_cable_name =~ "RealDigital Boo 88710000000EA" && level==0 && jtag_device_ctx=="jsn1-0362f093-0"". available targets:
  1  xc7s50
     2  MicroBlaze Debug Module at USER2
        3  MicroBlaze #0 (Running)
14:23:55 ERROR : Exception occured while running Program Device.
java.lang.RuntimeException: no targets found with "jtag_cable_name =~ "RealDigital Boo 88710000000EA" && level==0 && jtag_device_ctx=="jsn1-0362f093-0"". available targets:
  1  xc7s50
     2  MicroBlaze Debug Module at USER2
        3  MicroBlaze #0 (Running)
14:23:55 INFO  : ----------------XSDB Script----------------
connect -url tcp:127.0.0.1:3121
----------------End of Script----------------

14:23:55 ERROR : no targets found with "jtag_cable_name =~ "RealDigital Boo 88710000000EA" && level==0 && jtag_device_ctx=="jsn1-0362f093-0"". available targets:
  1  xc7s50
     2  MicroBlaze Debug Module at USER2
        3  MicroBlaze #0 (Running)
14:26:36 DEBUG : Logs will be stored at 'D:/School/UIUC_ECE385_SP25/lab6_2/sdk/IDE.log'.
14:26:37 INFO  : Launching XSCT server: xsct.bat -n  -interactive D:\School\UIUC_ECE385_SP25\lab6_2\sdk\temp_xsdb_launch_script.tcl
14:26:41 INFO  : Registering command handlers for Vitis TCF services
14:26:41 INFO  : Platform repository initialization has completed.
14:26:42 INFO  : XSCT server has started successfully.
14:26:47 INFO  : plnx-install-location is set to ''
14:26:47 INFO  : Successfully done setting XSCT server connection channel  
14:26:47 INFO  : Successfully done query RDI_DATADIR 
14:26:47 INFO  : Successfully done setting workspace for the tool. 
14:27:17 INFO  : Result from executing command 'getProjects': mb_usb_hdmi_top
14:27:17 INFO  : Result from executing command 'getPlatforms': mb_usb_hdmi_top|D:/School/UIUC_ECE385_SP25/lab6_2/sdk/mb_usb_hdmi_top/export/mb_usb_hdmi_top/mb_usb_hdmi_top.xpfm
14:27:17 INFO  : Checking for BSP changes to sync application flags for project 'mb_usb_hdmi'...
14:27:27 INFO  : Connected to target on host '127.0.0.1' and port '3121'.
14:27:29 INFO  : Jtag cable 'RealDigital Boo 88710000000EA' is selected.
14:27:29 INFO  : 'jtag frequency' command is executed.
14:27:29 INFO  : 'targets -set -filter {jtag_cable_name =~ "RealDigital Boo 88710000000EA" && level==0 && jtag_device_ctx=="jsn1-0362f093-0"}' command is executed.
14:27:31 INFO  : Device configured successfully with "D:/School/UIUC_ECE385_SP25/lab6_2/sdk/mb_usb_hdmi/_ide/bitstream/mb_usb_hdmi_top.bit"
14:27:31 INFO  : Context for processor 'microblaze_0' is selected.
14:27:31 INFO  : Hardware design and registers information is loaded from 'D:/School/UIUC_ECE385_SP25/lab6_2/sdk/mb_usb_hdmi_top/export/mb_usb_hdmi_top/hw/mb_usb_hdmi_top.xsa'.
14:27:31 INFO  : 'configparams mdm-detect-bscan-mask 2' command is executed.
14:27:31 INFO  : Context for processor 'microblaze_0' is selected.
14:27:31 INFO  : System reset is completed.
14:27:34 INFO  : 'after 3000' command is executed.
14:27:35 INFO  : Context for processor 'microblaze_0' is selected.
14:27:35 INFO  : The application 'D:/School/UIUC_ECE385_SP25/lab6_2/sdk/mb_usb_hdmi/Debug/mb_usb_hdmi.elf' is downloaded to processor 'microblaze_0'.
14:27:35 INFO  : ----------------XSDB Script----------------
connect -url tcp:127.0.0.1:3121
targets -set -filter {jtag_cable_name =~ "RealDigital Boo 88710000000EA" && level==0 && jtag_device_ctx=="jsn1-0362f093-0"}
fpga -file D:/School/UIUC_ECE385_SP25/lab6_2/sdk/mb_usb_hdmi/_ide/bitstream/mb_usb_hdmi_top.bit
targets -set -nocase -filter {name =~ "*microblaze*#0" && bscan=="USER2" }
loadhw -hw D:/School/UIUC_ECE385_SP25/lab6_2/sdk/mb_usb_hdmi_top/export/mb_usb_hdmi_top/hw/mb_usb_hdmi_top.xsa -regs
configparams mdm-detect-bscan-mask 2
targets -set -nocase -filter {name =~ "*microblaze*#0" && bscan=="USER2" }
rst -system
after 3000
targets -set -nocase -filter {name =~ "*microblaze*#0" && bscan=="USER2" }
dow D:/School/UIUC_ECE385_SP25/lab6_2/sdk/mb_usb_hdmi/Debug/mb_usb_hdmi.elf
----------------End of Script----------------

14:27:35 INFO  : Context for processor 'microblaze_0' is selected.
14:27:35 INFO  : 'con' command is executed.
14:27:35 INFO  : ----------------XSDB Script (After Launch)----------------
targets -set -nocase -filter {name =~ "*microblaze*#0" && bscan=="USER2" }
con
----------------End of Script----------------

14:27:35 INFO  : Disconnected from the channel tcfchan#2.
14:39:14 INFO  : Hardware specification for platform project 'mb_usb_hdmi_top' is updated.
14:39:25 INFO  : Result from executing command 'removePlatformRepo': 
14:39:34 INFO  : Result from executing command 'getProjects': mb_usb_hdmi_top
14:39:34 INFO  : Result from executing command 'getPlatforms': 
14:39:34 INFO  : Checking for BSP changes to sync application flags for project 'mb_usb_hdmi'...
14:39:37 INFO  : The hardware specification used by project 'mb_usb_hdmi' is out of sync with the platform. Resource files extracted from the hardware specification will be updated.
14:39:37 INFO  : The file 'D:\School\UIUC_ECE385_SP25\lab6_2\sdk\mb_usb_hdmi\_ide\bitstream\mb_usb_hdmi_top.bit' stored in project is removed.
14:39:37 INFO  : The file 'D:\School\UIUC_ECE385_SP25\lab6_2\sdk\mb_usb_hdmi\_ide\bitstream\mb_usb_hdmi_top.mmi' stored in project is removed.
14:39:37 INFO  : The updated bitstream files are copied from platform to folder 'D:\School\UIUC_ECE385_SP25\lab6_2\sdk\mb_usb_hdmi\_ide\bitstream' in project 'mb_usb_hdmi'.
14:39:43 INFO  : Connected to target on host '127.0.0.1' and port '3121'.
14:39:44 INFO  : Jtag cable 'RealDigital Boo 88710000000EA' is selected.
14:39:44 INFO  : 'jtag frequency' command is executed.
14:39:44 INFO  : 'targets -set -filter {jtag_cable_name =~ "RealDigital Boo 88710000000EA" && level==0 && jtag_device_ctx=="jsn1-0362f093-0"}' command is executed.
14:39:46 INFO  : Device configured successfully with "D:/School/UIUC_ECE385_SP25/lab6_2/sdk/mb_usb_hdmi/_ide/bitstream/mb_usb_hdmi_top.bit"
14:39:46 INFO  : Context for processor 'microblaze_0' is selected.
14:39:46 INFO  : Hardware design and registers information is loaded from 'D:/School/UIUC_ECE385_SP25/lab6_2/sdk/mb_usb_hdmi_top/export/mb_usb_hdmi_top/hw/mb_usb_hdmi_top.xsa'.
14:39:46 INFO  : 'configparams mdm-detect-bscan-mask 2' command is executed.
14:39:46 INFO  : Context for processor 'microblaze_0' is selected.
14:39:46 INFO  : System reset is completed.
14:39:49 INFO  : 'after 3000' command is executed.
14:39:50 INFO  : Context for processor 'microblaze_0' is selected.
14:39:50 INFO  : The application 'D:/School/UIUC_ECE385_SP25/lab6_2/sdk/mb_usb_hdmi/Debug/mb_usb_hdmi.elf' is downloaded to processor 'microblaze_0'.
14:39:50 INFO  : ----------------XSDB Script----------------
connect -url tcp:127.0.0.1:3121
targets -set -filter {jtag_cable_name =~ "RealDigital Boo 88710000000EA" && level==0 && jtag_device_ctx=="jsn1-0362f093-0"}
fpga -file D:/School/UIUC_ECE385_SP25/lab6_2/sdk/mb_usb_hdmi/_ide/bitstream/mb_usb_hdmi_top.bit
targets -set -nocase -filter {name =~ "*microblaze*#0" && bscan=="USER2" }
loadhw -hw D:/School/UIUC_ECE385_SP25/lab6_2/sdk/mb_usb_hdmi_top/export/mb_usb_hdmi_top/hw/mb_usb_hdmi_top.xsa -regs
configparams mdm-detect-bscan-mask 2
targets -set -nocase -filter {name =~ "*microblaze*#0" && bscan=="USER2" }
rst -system
after 3000
targets -set -nocase -filter {name =~ "*microblaze*#0" && bscan=="USER2" }
dow D:/School/UIUC_ECE385_SP25/lab6_2/sdk/mb_usb_hdmi/Debug/mb_usb_hdmi.elf
----------------End of Script----------------

14:39:50 INFO  : Context for processor 'microblaze_0' is selected.
14:39:50 INFO  : 'con' command is executed.
14:39:50 INFO  : ----------------XSDB Script (After Launch)----------------
targets -set -nocase -filter {name =~ "*microblaze*#0" && bscan=="USER2" }
con
----------------End of Script----------------

14:39:50 INFO  : Disconnected from the channel tcfchan#5.
14:45:56 INFO  : Hardware specification for platform project 'mb_usb_hdmi_top' is updated.
14:46:10 INFO  : Hardware specification for platform project 'mb_usb_hdmi_top' is updated.
14:46:39 INFO  : Hardware specification for platform project 'mb_usb_hdmi_top' is updated.
14:46:50 INFO  : Hardware specification for platform project 'mb_usb_hdmi_top' is updated.
14:47:05 INFO  : Hardware specification for platform project 'mb_usb_hdmi_top' is updated.
14:47:14 INFO  : Result from executing command 'removePlatformRepo': 
14:47:19 INFO  : Result from executing command 'getProjects': mb_usb_hdmi_top
14:47:19 INFO  : Result from executing command 'getPlatforms': 
14:47:19 INFO  : Checking for BSP changes to sync application flags for project 'mb_usb_hdmi'...
14:47:20 INFO  : The hardware specification used by project 'mb_usb_hdmi' is out of sync with the platform. Resource files extracted from the hardware specification will be updated.
14:47:20 INFO  : The file 'D:\School\UIUC_ECE385_SP25\lab6_2\sdk\mb_usb_hdmi\_ide\bitstream\mb_usb_hdmi_top.bit' stored in project is removed.
14:47:20 INFO  : The file 'D:\School\UIUC_ECE385_SP25\lab6_2\sdk\mb_usb_hdmi\_ide\bitstream\mb_usb_hdmi_top.mmi' stored in project is removed.
14:47:20 INFO  : The updated bitstream files are copied from platform to folder 'D:\School\UIUC_ECE385_SP25\lab6_2\sdk\mb_usb_hdmi\_ide\bitstream' in project 'mb_usb_hdmi'.
14:47:38 INFO  : Connected to target on host '127.0.0.1' and port '3121'.
14:47:39 INFO  : Jtag cable 'RealDigital Boo 88710000000EA' is selected.
14:47:39 INFO  : 'jtag frequency' command is executed.
14:47:39 INFO  : 'targets -set -filter {jtag_cable_name =~ "RealDigital Boo 88710000000EA" && level==0 && jtag_device_ctx=="jsn1-0362f093-0"}' command is executed.
14:47:41 INFO  : Device configured successfully with "D:/School/UIUC_ECE385_SP25/lab6_2/sdk/mb_usb_hdmi/_ide/bitstream/mb_usb_hdmi_top.bit"
14:47:41 INFO  : Context for processor 'microblaze_0' is selected.
14:47:41 INFO  : Hardware design and registers information is loaded from 'D:/School/UIUC_ECE385_SP25/lab6_2/sdk/mb_usb_hdmi_top/export/mb_usb_hdmi_top/hw/mb_usb_hdmi_top.xsa'.
14:47:41 INFO  : 'configparams mdm-detect-bscan-mask 2' command is executed.
14:47:41 INFO  : Context for processor 'microblaze_0' is selected.
14:47:41 INFO  : System reset is completed.
14:47:44 INFO  : 'after 3000' command is executed.
14:47:44 INFO  : Context for processor 'microblaze_0' is selected.
14:47:45 INFO  : The application 'D:/School/UIUC_ECE385_SP25/lab6_2/sdk/mb_usb_hdmi/Debug/mb_usb_hdmi.elf' is downloaded to processor 'microblaze_0'.
14:47:45 INFO  : ----------------XSDB Script----------------
connect -url tcp:127.0.0.1:3121
targets -set -filter {jtag_cable_name =~ "RealDigital Boo 88710000000EA" && level==0 && jtag_device_ctx=="jsn1-0362f093-0"}
fpga -file D:/School/UIUC_ECE385_SP25/lab6_2/sdk/mb_usb_hdmi/_ide/bitstream/mb_usb_hdmi_top.bit
targets -set -nocase -filter {name =~ "*microblaze*#0" && bscan=="USER2" }
loadhw -hw D:/School/UIUC_ECE385_SP25/lab6_2/sdk/mb_usb_hdmi_top/export/mb_usb_hdmi_top/hw/mb_usb_hdmi_top.xsa -regs
configparams mdm-detect-bscan-mask 2
targets -set -nocase -filter {name =~ "*microblaze*#0" && bscan=="USER2" }
rst -system
after 3000
targets -set -nocase -filter {name =~ "*microblaze*#0" && bscan=="USER2" }
dow D:/School/UIUC_ECE385_SP25/lab6_2/sdk/mb_usb_hdmi/Debug/mb_usb_hdmi.elf
----------------End of Script----------------

14:47:45 INFO  : Context for processor 'microblaze_0' is selected.
14:47:45 INFO  : 'con' command is executed.
14:47:45 INFO  : ----------------XSDB Script (After Launch)----------------
targets -set -nocase -filter {name =~ "*microblaze*#0" && bscan=="USER2" }
con
----------------End of Script----------------

14:47:45 INFO  : Disconnected from the channel tcfchan#8.
14:11:50 DEBUG : Logs will be stored at 'D:/School/UIUC_ECE385_SP25/lab6_2/sdk/IDE.log'.
14:11:50 INFO  : Launching XSCT server: xsct.bat -n  -interactive D:\School\UIUC_ECE385_SP25\lab6_2\sdk\temp_xsdb_launch_script.tcl
14:11:53 INFO  : Platform repository initialization has completed.
14:11:53 INFO  : Registering command handlers for Vitis TCF services
14:11:54 INFO  : XSCT server has started successfully.
14:11:58 INFO  : Successfully done setting XSCT server connection channel  
14:11:58 INFO  : plnx-install-location is set to ''
14:11:58 INFO  : Successfully done query RDI_DATADIR 
14:11:58 INFO  : Successfully done setting workspace for the tool. 
14:12:00 INFO  : Connected to target on host '127.0.0.1' and port '3121'.
14:12:01 INFO  : Jtag cable 'RealDigital Boo 88710000000EA' is selected.
14:12:01 INFO  : 'jtag frequency' command is executed.
14:12:02 INFO  : 'targets -set -filter {jtag_cable_name =~ "RealDigital Boo 88710000000EA" && level==0 && jtag_device_ctx=="jsn1-0362f093-0"}' command is executed.
14:12:04 INFO  : Device configured successfully with "D:/School/UIUC_ECE385_SP25/lab6_2/sdk/mb_usb_hdmi/_ide/bitstream/mb_usb_hdmi_top.bit"
14:12:04 INFO  : Context for processor 'microblaze_0' is selected.
14:12:04 INFO  : Hardware design and registers information is loaded from 'D:/School/UIUC_ECE385_SP25/lab6_2/sdk/mb_usb_hdmi_top/export/mb_usb_hdmi_top/hw/mb_usb_hdmi_top.xsa'.
14:12:04 INFO  : 'configparams mdm-detect-bscan-mask 2' command is executed.
14:12:04 INFO  : Context for processor 'microblaze_0' is selected.
14:12:04 INFO  : System reset is completed.
14:12:07 INFO  : 'after 3000' command is executed.
14:12:08 INFO  : Context for processor 'microblaze_0' is selected.
14:12:08 INFO  : The application 'D:/School/UIUC_ECE385_SP25/lab6_2/sdk/mb_usb_hdmi/Debug/mb_usb_hdmi.elf' is downloaded to processor 'microblaze_0'.
14:12:08 INFO  : ----------------XSDB Script----------------
connect -url tcp:127.0.0.1:3121
targets -set -filter {jtag_cable_name =~ "RealDigital Boo 88710000000EA" && level==0 && jtag_device_ctx=="jsn1-0362f093-0"}
fpga -file D:/School/UIUC_ECE385_SP25/lab6_2/sdk/mb_usb_hdmi/_ide/bitstream/mb_usb_hdmi_top.bit
targets -set -nocase -filter {name =~ "*microblaze*#0" && bscan=="USER2" }
loadhw -hw D:/School/UIUC_ECE385_SP25/lab6_2/sdk/mb_usb_hdmi_top/export/mb_usb_hdmi_top/hw/mb_usb_hdmi_top.xsa -regs
configparams mdm-detect-bscan-mask 2
targets -set -nocase -filter {name =~ "*microblaze*#0" && bscan=="USER2" }
rst -system
after 3000
targets -set -nocase -filter {name =~ "*microblaze*#0" && bscan=="USER2" }
dow D:/School/UIUC_ECE385_SP25/lab6_2/sdk/mb_usb_hdmi/Debug/mb_usb_hdmi.elf
----------------End of Script----------------

14:12:08 INFO  : Context for processor 'microblaze_0' is selected.
14:12:08 INFO  : 'con' command is executed.
14:12:08 INFO  : ----------------XSDB Script (After Launch)----------------
targets -set -nocase -filter {name =~ "*microblaze*#0" && bscan=="USER2" }
con
----------------End of Script----------------

14:12:08 INFO  : Disconnected from the channel tcfchan#1.
14:12:34 INFO  : Connected to target on host '127.0.0.1' and port '3121'.
14:12:34 INFO  : Jtag cable 'RealDigital Boo 88710000000EA' is selected.
14:12:34 INFO  : 'jtag frequency' command is executed.
14:12:34 INFO  : 'targets -set -filter {jtag_cable_name =~ "RealDigital Boo 88710000000EA" && level==0 && jtag_device_ctx=="jsn1-0362f093-0"}' command is executed.
14:12:36 INFO  : Device configured successfully with "D:/School/UIUC_ECE385_SP25/lab6_2/sdk/mb_usb_hdmi/_ide/bitstream/mb_usb_hdmi_top.bit"
14:12:36 INFO  : Context for processor 'microblaze_0' is selected.
14:12:36 INFO  : Hardware design and registers information is loaded from 'D:/School/UIUC_ECE385_SP25/lab6_2/sdk/mb_usb_hdmi_top/export/mb_usb_hdmi_top/hw/mb_usb_hdmi_top.xsa'.
14:12:36 INFO  : 'configparams mdm-detect-bscan-mask 2' command is executed.
14:12:36 INFO  : Context for processor 'microblaze_0' is selected.
14:12:36 INFO  : System reset is completed.
14:12:39 INFO  : 'after 3000' command is executed.
14:12:39 INFO  : Context for processor 'microblaze_0' is selected.
14:12:39 INFO  : The application 'D:/School/UIUC_ECE385_SP25/lab6_2/sdk/mb_usb_hdmi/Debug/mb_usb_hdmi.elf' is downloaded to processor 'microblaze_0'.
14:12:39 INFO  : ----------------XSDB Script----------------
connect -url tcp:127.0.0.1:3121
targets -set -filter {jtag_cable_name =~ "RealDigital Boo 88710000000EA" && level==0 && jtag_device_ctx=="jsn1-0362f093-0"}
fpga -file D:/School/UIUC_ECE385_SP25/lab6_2/sdk/mb_usb_hdmi/_ide/bitstream/mb_usb_hdmi_top.bit
targets -set -nocase -filter {name =~ "*microblaze*#0" && bscan=="USER2" }
loadhw -hw D:/School/UIUC_ECE385_SP25/lab6_2/sdk/mb_usb_hdmi_top/export/mb_usb_hdmi_top/hw/mb_usb_hdmi_top.xsa -regs
configparams mdm-detect-bscan-mask 2
targets -set -nocase -filter {name =~ "*microblaze*#0" && bscan=="USER2" }
rst -system
after 3000
targets -set -nocase -filter {name =~ "*microblaze*#0" && bscan=="USER2" }
dow D:/School/UIUC_ECE385_SP25/lab6_2/sdk/mb_usb_hdmi/Debug/mb_usb_hdmi.elf
----------------End of Script----------------

14:12:39 INFO  : Context for processor 'microblaze_0' is selected.
14:12:39 INFO  : 'con' command is executed.
14:12:39 INFO  : ----------------XSDB Script (After Launch)----------------
targets -set -nocase -filter {name =~ "*microblaze*#0" && bscan=="USER2" }
con
----------------End of Script----------------

14:12:39 INFO  : Disconnected from the channel tcfchan#2.
14:13:56 INFO  : Connected to target on host '127.0.0.1' and port '3121'.
14:13:56 INFO  : Jtag cable 'RealDigital Boo 88710000000EA' is selected.
14:13:56 INFO  : 'jtag frequency' command is executed.
14:13:56 INFO  : 'targets -set -filter {jtag_cable_name =~ "RealDigital Boo 88710000000EA" && level==0 && jtag_device_ctx=="jsn1-0362f093-0"}' command is executed.
14:13:58 INFO  : Device configured successfully with "D:/School/UIUC_ECE385_SP25/lab6_2/sdk/mb_usb_hdmi/_ide/bitstream/mb_usb_hdmi_top.bit"
14:13:58 INFO  : Context for processor 'microblaze_0' is selected.
14:13:58 INFO  : Hardware design and registers information is loaded from 'D:/School/UIUC_ECE385_SP25/lab6_2/sdk/mb_usb_hdmi_top/export/mb_usb_hdmi_top/hw/mb_usb_hdmi_top.xsa'.
14:13:58 INFO  : 'configparams mdm-detect-bscan-mask 2' command is executed.
14:13:58 INFO  : Context for processor 'microblaze_0' is selected.
14:13:58 INFO  : System reset is completed.
14:14:01 INFO  : 'after 3000' command is executed.
14:14:01 INFO  : Context for processor 'microblaze_0' is selected.
14:14:01 INFO  : The application 'D:/School/UIUC_ECE385_SP25/lab6_2/sdk/mb_usb_hdmi/Debug/mb_usb_hdmi.elf' is downloaded to processor 'microblaze_0'.
14:14:01 INFO  : ----------------XSDB Script----------------
connect -url tcp:127.0.0.1:3121
targets -set -filter {jtag_cable_name =~ "RealDigital Boo 88710000000EA" && level==0 && jtag_device_ctx=="jsn1-0362f093-0"}
fpga -file D:/School/UIUC_ECE385_SP25/lab6_2/sdk/mb_usb_hdmi/_ide/bitstream/mb_usb_hdmi_top.bit
targets -set -nocase -filter {name =~ "*microblaze*#0" && bscan=="USER2" }
loadhw -hw D:/School/UIUC_ECE385_SP25/lab6_2/sdk/mb_usb_hdmi_top/export/mb_usb_hdmi_top/hw/mb_usb_hdmi_top.xsa -regs
configparams mdm-detect-bscan-mask 2
targets -set -nocase -filter {name =~ "*microblaze*#0" && bscan=="USER2" }
rst -system
after 3000
targets -set -nocase -filter {name =~ "*microblaze*#0" && bscan=="USER2" }
dow D:/School/UIUC_ECE385_SP25/lab6_2/sdk/mb_usb_hdmi/Debug/mb_usb_hdmi.elf
----------------End of Script----------------

14:14:01 INFO  : Context for processor 'microblaze_0' is selected.
14:14:01 INFO  : 'con' command is executed.
14:14:01 INFO  : ----------------XSDB Script (After Launch)----------------
targets -set -nocase -filter {name =~ "*microblaze*#0" && bscan=="USER2" }
con
----------------End of Script----------------

14:14:01 INFO  : Disconnected from the channel tcfchan#3.
14:14:30 INFO  : Connected to target on host '127.0.0.1' and port '3121'.
14:14:30 INFO  : Jtag cable 'RealDigital Boo 88710000000EA' is selected.
14:14:30 INFO  : 'jtag frequency' command is executed.
14:14:30 INFO  : 'targets -set -filter {jtag_cable_name =~ "RealDigital Boo 88710000000EA" && level==0 && jtag_device_ctx=="jsn1-0362f093-0"}' command is executed.
14:14:31 INFO  : Device configured successfully with "D:/School/UIUC_ECE385_SP25/lab6_2/sdk/mb_usb_hdmi/_ide/bitstream/mb_usb_hdmi_top.bit"
14:14:31 INFO  : Context for processor 'microblaze_0' is selected.
14:14:31 INFO  : Hardware design and registers information is loaded from 'D:/School/UIUC_ECE385_SP25/lab6_2/sdk/mb_usb_hdmi_top/export/mb_usb_hdmi_top/hw/mb_usb_hdmi_top.xsa'.
14:14:31 INFO  : 'configparams mdm-detect-bscan-mask 2' command is executed.
14:14:31 INFO  : Context for processor 'microblaze_0' is selected.
14:14:31 INFO  : System reset is completed.
14:14:34 INFO  : 'after 3000' command is executed.
14:14:34 INFO  : Context for processor 'microblaze_0' is selected.
14:14:34 INFO  : The application 'D:/School/UIUC_ECE385_SP25/lab6_2/sdk/mb_usb_hdmi/Debug/mb_usb_hdmi.elf' is downloaded to processor 'microblaze_0'.
14:14:34 INFO  : ----------------XSDB Script----------------
connect -url tcp:127.0.0.1:3121
targets -set -filter {jtag_cable_name =~ "RealDigital Boo 88710000000EA" && level==0 && jtag_device_ctx=="jsn1-0362f093-0"}
fpga -file D:/School/UIUC_ECE385_SP25/lab6_2/sdk/mb_usb_hdmi/_ide/bitstream/mb_usb_hdmi_top.bit
targets -set -nocase -filter {name =~ "*microblaze*#0" && bscan=="USER2" }
loadhw -hw D:/School/UIUC_ECE385_SP25/lab6_2/sdk/mb_usb_hdmi_top/export/mb_usb_hdmi_top/hw/mb_usb_hdmi_top.xsa -regs
configparams mdm-detect-bscan-mask 2
targets -set -nocase -filter {name =~ "*microblaze*#0" && bscan=="USER2" }
rst -system
after 3000
targets -set -nocase -filter {name =~ "*microblaze*#0" && bscan=="USER2" }
dow D:/School/UIUC_ECE385_SP25/lab6_2/sdk/mb_usb_hdmi/Debug/mb_usb_hdmi.elf
----------------End of Script----------------

14:14:34 INFO  : Context for processor 'microblaze_0' is selected.
14:14:34 INFO  : 'con' command is executed.
14:14:34 INFO  : ----------------XSDB Script (After Launch)----------------
targets -set -nocase -filter {name =~ "*microblaze*#0" && bscan=="USER2" }
con
----------------End of Script----------------

14:14:34 INFO  : Disconnected from the channel tcfchan#4.
14:59:42 INFO  : Connected to target on host '127.0.0.1' and port '3121'.
14:59:42 INFO  : Jtag cable 'RealDigital Boo 88710000000EA' is selected.
14:59:42 INFO  : 'jtag frequency' command is executed.
14:59:43 INFO  : 'targets -set -filter {jtag_cable_name =~ "RealDigital Boo 88710000000EA" && level==0 && jtag_device_ctx=="jsn1-0362f093-0"}' command is executed.
14:59:44 INFO  : Device configured successfully with "D:/School/UIUC_ECE385_SP25/lab6_2/sdk/mb_usb_hdmi/_ide/bitstream/mb_usb_hdmi_top.bit"
14:59:44 INFO  : Context for processor 'microblaze_0' is selected.
14:59:44 INFO  : Hardware design and registers information is loaded from 'D:/School/UIUC_ECE385_SP25/lab6_2/sdk/mb_usb_hdmi_top/export/mb_usb_hdmi_top/hw/mb_usb_hdmi_top.xsa'.
14:59:44 INFO  : 'configparams mdm-detect-bscan-mask 2' command is executed.
14:59:44 INFO  : Context for processor 'microblaze_0' is selected.
14:59:44 INFO  : System reset is completed.
14:59:47 INFO  : 'after 3000' command is executed.
14:59:47 INFO  : Context for processor 'microblaze_0' is selected.
14:59:47 INFO  : The application 'D:/School/UIUC_ECE385_SP25/lab6_2/sdk/mb_usb_hdmi/Debug/mb_usb_hdmi.elf' is downloaded to processor 'microblaze_0'.
14:59:47 INFO  : ----------------XSDB Script----------------
connect -url tcp:127.0.0.1:3121
targets -set -filter {jtag_cable_name =~ "RealDigital Boo 88710000000EA" && level==0 && jtag_device_ctx=="jsn1-0362f093-0"}
fpga -file D:/School/UIUC_ECE385_SP25/lab6_2/sdk/mb_usb_hdmi/_ide/bitstream/mb_usb_hdmi_top.bit
targets -set -nocase -filter {name =~ "*microblaze*#0" && bscan=="USER2" }
loadhw -hw D:/School/UIUC_ECE385_SP25/lab6_2/sdk/mb_usb_hdmi_top/export/mb_usb_hdmi_top/hw/mb_usb_hdmi_top.xsa -regs
configparams mdm-detect-bscan-mask 2
targets -set -nocase -filter {name =~ "*microblaze*#0" && bscan=="USER2" }
rst -system
after 3000
targets -set -nocase -filter {name =~ "*microblaze*#0" && bscan=="USER2" }
dow D:/School/UIUC_ECE385_SP25/lab6_2/sdk/mb_usb_hdmi/Debug/mb_usb_hdmi.elf
----------------End of Script----------------

14:59:47 INFO  : Context for processor 'microblaze_0' is selected.
14:59:47 INFO  : 'con' command is executed.
14:59:47 INFO  : ----------------XSDB Script (After Launch)----------------
targets -set -nocase -filter {name =~ "*microblaze*#0" && bscan=="USER2" }
con
----------------End of Script----------------

14:59:47 INFO  : Disconnected from the channel tcfchan#5.
12:35:53 DEBUG : Logs will be stored at 'D:/School/UIUC_ECE385_SP25/lab6_2/sdk/IDE.log'.
12:35:53 INFO  : Launching XSCT server: xsct.bat -n  -interactive D:\School\UIUC_ECE385_SP25\lab6_2\sdk\temp_xsdb_launch_script.tcl
12:35:57 INFO  : Platform repository initialization has completed.
12:35:57 INFO  : Registering command handlers for Vitis TCF services
12:35:57 INFO  : XSCT server has started successfully.
12:36:00 INFO  : Successfully done setting XSCT server connection channel  
12:36:00 INFO  : plnx-install-location is set to ''
12:36:00 INFO  : Successfully done query RDI_DATADIR 
12:36:00 INFO  : Successfully done setting workspace for the tool. 
01:17:48 DEBUG : Logs will be stored at 'D:/School/UIUC_ECE385_SP25/lab6_2/sdk/IDE.log'.
01:17:48 INFO  : Launching XSCT server: xsct.bat -n  -interactive D:\School\UIUC_ECE385_SP25\lab6_2\sdk\temp_xsdb_launch_script.tcl
01:17:50 INFO  : XSCT server has started successfully.
01:17:50 INFO  : Successfully done setting XSCT server connection channel  
01:17:50 INFO  : plnx-install-location is set to ''
01:17:50 INFO  : Successfully done setting workspace for the tool. 
01:17:51 INFO  : Platform repository initialization has completed.
01:17:51 INFO  : Successfully done query RDI_DATADIR 
01:17:51 INFO  : Registering command handlers for Vitis TCF services
22:07:34 DEBUG : Logs will be stored at 'D:/School/UIUC_ECE385_SP25/lab6_2/sdk/IDE.log'.
22:07:34 INFO  : Launching XSCT server: xsct.bat -n  -interactive D:\School\UIUC_ECE385_SP25\lab6_2\sdk\temp_xsdb_launch_script.tcl
22:07:37 INFO  : Platform repository initialization has completed.
22:07:37 INFO  : Registering command handlers for Vitis TCF services
22:07:38 INFO  : XSCT server has started successfully.
22:07:38 INFO  : plnx-install-location is set to ''
22:07:38 INFO  : Successfully done setting XSCT server connection channel  
22:07:42 INFO  : Successfully done setting workspace for the tool. 
22:07:42 INFO  : Successfully done query RDI_DATADIR 
