INFO: [VRFC 10-2263] Analyzing SystemVerilog file "D:/School/UIUC_ECE385_SP25/lab5/lab5.srcs/sources_1/new/ALU.sv" into library xil_defaultlib
INFO: [VRFC 10-311] analyzing module ALU
INFO: [VRFC 10-2263] Analyzing SystemVerilog file "D:/School/UIUC_ECE385_SP25/lab5/lab5.srcs/sources_1/new/MUX.sv" into library xil_defaultlib
INFO: [VRFC 10-311] analyzing module MUX_2
INFO: [VRFC 10-311] analyzing module MUX_4
INFO: [VRFC 10-311] analyzing module bus_mux
INFO: [VRFC 10-2263] Analyzing SystemVerilog file "D:/School/UIUC_ECE385_SP25/lab5/lab5.srcs/sources_1/new/SEXT.sv" into library xil_defaultlib
INFO: [VRFC 10-311] analyzing module SEXT
INFO: [VRFC 10-2263] Analyzing SystemVerilog file "D:/School/UIUC_ECE385_SP25/lab5/lab5.srcs/sources_1/imports/srcs/control.sv" into library xil_defaultlib
INFO: [VRFC 10-311] analyzing module control
INFO: [VRFC 10-2263] Analyzing SystemVerilog file "D:/School/UIUC_ECE385_SP25/lab5/lab5.srcs/sources_1/imports/srcs/cpu.sv" into library xil_defaultlib
INFO: [VRFC 10-311] analyzing module cpu
INFO: [VRFC 10-2263] Analyzing SystemVerilog file "D:/School/UIUC_ECE385_SP25/lab5/lab5.srcs/sources_1/imports/srcs/cpu_to_io.sv" into library xil_defaultlib
INFO: [VRFC 10-311] analyzing module cpu_to_io
INFO: [VRFC 10-2263] Analyzing SystemVerilog file "D:/School/UIUC_ECE385_SP25/lab5/lab5.srcs/sources_1/imports/srcs/hex_driver.sv" into library xil_defaultlib
INFO: [VRFC 10-311] analyzing module hex_driver
INFO: [VRFC 10-311] analyzing module nibble_to_hex
INFO: [VRFC 10-2263] Analyzing SystemVerilog file "D:/School/UIUC_ECE385_SP25/lab5/lab5.srcs/sources_1/imports/srcs/instantiate_ram.sv" into library xil_defaultlib
INFO: [VRFC 10-311] analyzing module instantiate_ram
INFO: [VRFC 10-2263] Analyzing SystemVerilog file "D:/School/UIUC_ECE385_SP25/lab5/lab5.srcs/sources_1/imports/srcs/load_reg.sv" into library xil_defaultlib
INFO: [VRFC 10-311] analyzing module load_reg
INFO: [VRFC 10-2263] Analyzing SystemVerilog file "D:/School/UIUC_ECE385_SP25/lab5/lab5.srcs/sources_1/imports/srcs/memory.sv" into library xil_defaultlib
INFO: [VRFC 10-311] analyzing module memory
INFO: [VRFC 10-2263] Analyzing SystemVerilog file "D:/School/UIUC_ECE385_SP25/lab5/lab5.srcs/sources_1/imports/srcs/processor_top.sv" into library xil_defaultlib
INFO: [VRFC 10-311] analyzing module processor_top
INFO: [VRFC 10-2263] Analyzing SystemVerilog file "D:/School/UIUC_ECE385_SP25/lab5/lab5.srcs/sources_1/new/regfile.sv" into library xil_defaultlib
INFO: [VRFC 10-311] analyzing module regfile
INFO: [VRFC 10-2263] Analyzing SystemVerilog file "D:/School/UIUC_ECE385_SP25/lab5/lab5.srcs/sources_1/imports/srcs/slc3.sv" into library xil_defaultlib
INFO: [VRFC 10-311] analyzing module slc3
INFO: [VRFC 10-2263] Analyzing SystemVerilog file "D:/School/UIUC_ECE385_SP25/lab5/lab5.srcs/sources_1/imports/srcs/sync.sv" into library xil_defaultlib
INFO: [VRFC 10-311] analyzing module sync_debounce
INFO: [VRFC 10-311] analyzing module sync_flop
INFO: [VRFC 10-2263] Analyzing SystemVerilog file "D:/School/UIUC_ECE385_SP25/lab5/lab5.srcs/sources_1/imports/srcs/test_memory.sv" into library xil_defaultlib
INFO: [VRFC 10-311] analyzing module test_memory
INFO: [VRFC 10-2263] Analyzing SystemVerilog file "D:/School/UIUC_ECE385_SP25/lab5/lab5.srcs/sim_1/new/test_w1.sv" into library xil_defaultlib
INFO: [VRFC 10-311] analyzing module test_w1
