
*** Running vivado
    with args -log mult8_top.vds -m64 -product Vivado -mode batch -messageDb vivado.pb -notrace -source mult8_top.tcl



****** Vivado v2022.2 (64-bit)
  **** SW Build 3671981 on Fri Oct 14 05:00:03 MDT 2022
  **** IP Build 3669848 on Fri Oct 14 08:30:02 MDT 2022
    ** Copyright 1986-2022 Xilinx, Inc. All Rights Reserved.

source mult8_top.tcl -notrace
Command: read_checkpoint -auto_incremental -incremental D:/School/UIUC_ECE385_SP25/gpt_lab4/gpt_lab4.srcs/utils_1/imports/synth_1/mult8_top.dcp
INFO: [Vivado 12-5825] Read reference checkpoint from D:/School/UIUC_ECE385_SP25/gpt_lab4/gpt_lab4.srcs/utils_1/imports/synth_1/mult8_top.dcp for incremental synthesis
INFO: [Vivado 12-7989] Please ensure there are no constraint changes
Command: synth_design -top mult8_top -part xc7s50csga324-1
Starting synth_design
Attempting to get a license for feature 'Synthesis' and/or device 'xc7s50'
INFO: [Common 17-349] Got license for feature 'Synthesis' and/or device 'xc7s50'
INFO: [Device 21-403] Loading part xc7s50csga324-1
INFO: [Designutils 20-5440] No compile time benefit to using incremental synthesis; A full resynthesis will be run
INFO: [Designutils 20-4379] Flow is switching to default flow due to incremental criteria not met. If you would like to alter this behaviour and have the flow terminate instead, please set the following parameter config_implementation {autoIncr.Synth.RejectBehavior Terminate}
INFO: [Synth 8-7079] Multithreading enabled for synth_design using a maximum of 2 processes.
INFO: [Synth 8-7078] Launching helper process for spawning children vivado processes
INFO: [Synth 8-7075] Helper process launched with PID 16944
INFO: [Synth 8-11241] undeclared symbol 'REGCCE', assumed default net type 'wire' [C:/Xilinx/Vivado/2022.2/data/verilog/src/unimacro/BRAM_SINGLE_MACRO.v:2170]
WARNING: [Synth 8-11121] redeclaration of ANSI port 'q' is not allowed [D:/School/UIUC_ECE385_SP25/gpt_lab4/gpt_lab4.srcs/sources_1/imports/design_source/sync_debounce.sv:20]
---------------------------------------------------------------------------------
Starting RTL Elaboration : Time (s): cpu = 00:00:04 ; elapsed = 00:00:04 . Memory (MB): peak = 1178.328 ; gain = 408.781
---------------------------------------------------------------------------------
INFO: [Synth 8-6157] synthesizing module 'mult8_top' [D:/School/UIUC_ECE385_SP25/gpt_lab4/gpt_lab4.srcs/sources_1/new/mult8_top.sv:2]
INFO: [Synth 8-6157] synthesizing module 'sync_debounce' [D:/School/UIUC_ECE385_SP25/gpt_lab4/gpt_lab4.srcs/sources_1/imports/design_source/sync_debounce.sv:13]
INFO: [Synth 8-6155] done synthesizing module 'sync_debounce' (0#1) [D:/School/UIUC_ECE385_SP25/gpt_lab4/gpt_lab4.srcs/sources_1/imports/design_source/sync_debounce.sv:13]
INFO: [Synth 8-6157] synthesizing module 'negedge_detector' [D:/School/UIUC_ECE385_SP25/gpt_lab4/gpt_lab4.srcs/sources_1/imports/design_source/negedge_detector.sv:1]
INFO: [Synth 8-6155] done synthesizing module 'negedge_detector' (0#1) [D:/School/UIUC_ECE385_SP25/gpt_lab4/gpt_lab4.srcs/sources_1/imports/design_source/negedge_detector.sv:1]
INFO: [Synth 8-6157] synthesizing module 'load_reg' [D:/School/UIUC_ECE385_SP25/gpt_lab4/gpt_lab4.srcs/sources_1/imports/design_source/load_reg.sv:1]
	Parameter DATA_WIDTH bound to: 1 - type: integer 
INFO: [Synth 8-6155] done synthesizing module 'load_reg' (0#1) [D:/School/UIUC_ECE385_SP25/gpt_lab4/gpt_lab4.srcs/sources_1/imports/design_source/load_reg.sv:1]
INFO: [Synth 8-6157] synthesizing module 'load_reg__parameterized0' [D:/School/UIUC_ECE385_SP25/gpt_lab4/gpt_lab4.srcs/sources_1/imports/design_source/load_reg.sv:1]
	Parameter DATA_WIDTH bound to: 8 - type: integer 
INFO: [Synth 8-6155] done synthesizing module 'load_reg__parameterized0' (0#1) [D:/School/UIUC_ECE385_SP25/gpt_lab4/gpt_lab4.srcs/sources_1/imports/design_source/load_reg.sv:1]
INFO: [Synth 8-6157] synthesizing module 'mult8_controller' [D:/School/UIUC_ECE385_SP25/gpt_lab4/gpt_lab4.srcs/sources_1/new/control.sv:2]
INFO: [Synth 8-294] found qualifier unique on case statement: implementing as parallel_case [D:/School/UIUC_ECE385_SP25/gpt_lab4/gpt_lab4.srcs/sources_1/new/control.sv:41]
INFO: [Synth 8-6155] done synthesizing module 'mult8_controller' (0#1) [D:/School/UIUC_ECE385_SP25/gpt_lab4/gpt_lab4.srcs/sources_1/new/control.sv:2]
INFO: [Synth 8-6157] synthesizing module 'ripple_adder' [D:/School/UIUC_ECE385_SP25/gpt_lab4/gpt_lab4.srcs/sources_1/imports/design_source/ripple_adder.sv:1]
INFO: [Synth 8-6157] synthesizing module 'full_adder' [D:/School/UIUC_ECE385_SP25/gpt_lab4/gpt_lab4.srcs/sources_1/imports/design_source/ripple_adder.sv:32]
INFO: [Synth 8-6155] done synthesizing module 'full_adder' (0#1) [D:/School/UIUC_ECE385_SP25/gpt_lab4/gpt_lab4.srcs/sources_1/imports/design_source/ripple_adder.sv:32]
INFO: [Synth 8-6155] done synthesizing module 'ripple_adder' (0#1) [D:/School/UIUC_ECE385_SP25/gpt_lab4/gpt_lab4.srcs/sources_1/imports/design_source/ripple_adder.sv:1]
INFO: [Synth 8-6157] synthesizing module 'hex_driver' [D:/School/UIUC_ECE385_SP25/gpt_lab4/gpt_lab4.srcs/sources_1/imports/design_source/hex_driver.sv:1]
INFO: [Synth 8-6157] synthesizing module 'nibble_to_hex' [D:/School/UIUC_ECE385_SP25/gpt_lab4/gpt_lab4.srcs/sources_1/imports/design_source/hex_driver.sv:11]
INFO: [Synth 8-6155] done synthesizing module 'nibble_to_hex' (0#1) [D:/School/UIUC_ECE385_SP25/gpt_lab4/gpt_lab4.srcs/sources_1/imports/design_source/hex_driver.sv:11]
INFO: [Synth 8-6157] synthesizing module 'nibble_to_hex' [D:/School/UIUC_ECE385_SP25/gpt_lab4/gpt_lab4.srcs/sources_1/imports/design_source/hex_driver.sv:11]
INFO: [Synth 8-6155] done synthesizing module 'nibble_to_hex' (0#1) [D:/School/UIUC_ECE385_SP25/gpt_lab4/gpt_lab4.srcs/sources_1/imports/design_source/hex_driver.sv:11]
INFO: [Synth 8-6157] synthesizing module 'nibble_to_hex' [D:/School/UIUC_ECE385_SP25/gpt_lab4/gpt_lab4.srcs/sources_1/imports/design_source/hex_driver.sv:11]
INFO: [Synth 8-6155] done synthesizing module 'nibble_to_hex' (0#1) [D:/School/UIUC_ECE385_SP25/gpt_lab4/gpt_lab4.srcs/sources_1/imports/design_source/hex_driver.sv:11]
INFO: [Synth 8-6157] synthesizing module 'nibble_to_hex' [D:/School/UIUC_ECE385_SP25/gpt_lab4/gpt_lab4.srcs/sources_1/imports/design_source/hex_driver.sv:11]
INFO: [Synth 8-6155] done synthesizing module 'nibble_to_hex' (0#1) [D:/School/UIUC_ECE385_SP25/gpt_lab4/gpt_lab4.srcs/sources_1/imports/design_source/hex_driver.sv:11]
INFO: [Synth 8-6155] done synthesizing module 'hex_driver' (0#1) [D:/School/UIUC_ECE385_SP25/gpt_lab4/gpt_lab4.srcs/sources_1/imports/design_source/hex_driver.sv:1]
INFO: [Synth 8-6155] done synthesizing module 'mult8_top' (0#1) [D:/School/UIUC_ECE385_SP25/gpt_lab4/gpt_lab4.srcs/sources_1/new/mult8_top.sv:2]
---------------------------------------------------------------------------------
Finished RTL Elaboration : Time (s): cpu = 00:00:05 ; elapsed = 00:00:05 . Memory (MB): peak = 1269.559 ; gain = 500.012
---------------------------------------------------------------------------------
---------------------------------------------------------------------------------
Start Handling Custom Attributes
---------------------------------------------------------------------------------
---------------------------------------------------------------------------------
Finished Handling Custom Attributes : Time (s): cpu = 00:00:05 ; elapsed = 00:00:05 . Memory (MB): peak = 1269.559 ; gain = 500.012
---------------------------------------------------------------------------------
---------------------------------------------------------------------------------
Finished RTL Optimization Phase 1 : Time (s): cpu = 00:00:05 ; elapsed = 00:00:05 . Memory (MB): peak = 1269.559 ; gain = 500.012
---------------------------------------------------------------------------------
Netlist sorting complete. Time (s): cpu = 00:00:00 ; elapsed = 00:00:00.001 . Memory (MB): peak = 1269.559 ; gain = 0.000
INFO: [Project 1-570] Preparing netlist for logic optimization

Processing XDC Constraints
Initializing timing engine
Parsing XDC File [D:/School/UIUC_ECE385_SP25/gpt_lab4/gpt_lab4.srcs/constrs_1/imports/new/pin.xdc]
Finished Parsing XDC File [D:/School/UIUC_ECE385_SP25/gpt_lab4/gpt_lab4.srcs/constrs_1/imports/new/pin.xdc]
INFO: [Project 1-236] Implementation specific constraints were found while reading constraint file [D:/School/UIUC_ECE385_SP25/gpt_lab4/gpt_lab4.srcs/constrs_1/imports/new/pin.xdc]. These constraints will be ignored for synthesis but will be used in implementation. Impacted constraints are listed in the file [.Xil/mult8_top_propImpl.xdc].
Resolution: To avoid this warning, move constraints listed in [.Xil/mult8_top_propImpl.xdc] to another XDC file and exclude this new file from synthesis with the used_in_synthesis property (File Properties dialog in GUI) and re-run elaboration/synthesis.
Completed Processing XDC Constraints

Netlist sorting complete. Time (s): cpu = 00:00:00 ; elapsed = 00:00:00 . Memory (MB): peak = 1329.078 ; gain = 0.000
INFO: [Project 1-111] Unisim Transformation Summary:
No Unisim elements were transformed.

Constraint Validation Runtime : Time (s): cpu = 00:00:00 ; elapsed = 00:00:00.002 . Memory (MB): peak = 1329.078 ; gain = 0.000
INFO: [Designutils 20-5440] No compile time benefit to using incremental synthesis; A full resynthesis will be run
INFO: [Designutils 20-4379] Flow is switching to default flow due to incremental criteria not met. If you would like to alter this behaviour and have the flow terminate instead, please set the following parameter config_implementation {autoIncr.Synth.RejectBehavior Terminate}
INFO: [Synth 8-11241] undeclared symbol 'REGCCE', assumed default net type 'wire' [C:/Xilinx/Vivado/2022.2/data/verilog/src/unimacro/BRAM_SINGLE_MACRO.v:2170]
---------------------------------------------------------------------------------
Finished Constraint Validation : Time (s): cpu = 00:00:10 ; elapsed = 00:00:11 . Memory (MB): peak = 1329.078 ; gain = 559.531
---------------------------------------------------------------------------------
---------------------------------------------------------------------------------
Start Loading Part and Timing Information
---------------------------------------------------------------------------------
Loading part: xc7s50csga324-1
---------------------------------------------------------------------------------
Finished Loading Part and Timing Information : Time (s): cpu = 00:00:10 ; elapsed = 00:00:11 . Memory (MB): peak = 1329.078 ; gain = 559.531
---------------------------------------------------------------------------------
---------------------------------------------------------------------------------
Start Applying 'set_property' XDC Constraints
---------------------------------------------------------------------------------
---------------------------------------------------------------------------------
Finished applying 'set_property' XDC Constraints : Time (s): cpu = 00:00:10 ; elapsed = 00:00:11 . Memory (MB): peak = 1329.078 ; gain = 559.531
---------------------------------------------------------------------------------
INFO: [Synth 8-802] inferred FSM for state register 'state_reg' in module 'mult8_controller'
---------------------------------------------------------------------------------------------------
                   State |                     New Encoding |                Previous Encoding 
---------------------------------------------------------------------------------------------------
                    IDLE |                              000 |                              000
                    INIT |                              001 |                              001
                   CHECK |                              010 |                              010
                     ADD |                              011 |                              011
                     SUB |                              100 |                              100
                   SHIFT |                              101 |                              101
                    DONE |                              110 |                              110
---------------------------------------------------------------------------------------------------
INFO: [Synth 8-3354] encoded FSM with state register 'state_reg' using encoding 'sequential' in module 'mult8_controller'
---------------------------------------------------------------------------------
Finished RTL Optimization Phase 2 : Time (s): cpu = 00:00:11 ; elapsed = 00:00:11 . Memory (MB): peak = 1329.078 ; gain = 559.531
---------------------------------------------------------------------------------
---------------------------------------------------------------------------------
Start RTL Component Statistics 
---------------------------------------------------------------------------------
Detailed RTL Component Info : 
+---Adders : 
	   2 Input    3 Bit       Adders := 1     
+---XORs : 
	   2 Input      8 Bit         XORs := 1     
	   2 Input      1 Bit         XORs := 2     
	   3 Input      1 Bit         XORs := 9     
+---Registers : 
	                8 Bit    Registers := 2     
	                3 Bit    Registers := 1     
	                1 Bit    Registers := 11    
+---Muxes : 
	   4 Input    8 Bit        Muxes := 1     
	   2 Input    8 Bit        Muxes := 1     
	   5 Input    4 Bit        Muxes := 1     
	   7 Input    3 Bit        Muxes := 1     
	   2 Input    3 Bit        Muxes := 4     
	   2 Input    1 Bit        Muxes := 6     
	   7 Input    1 Bit        Muxes := 6     
---------------------------------------------------------------------------------
Finished RTL Component Statistics 
---------------------------------------------------------------------------------
---------------------------------------------------------------------------------
Start Part Resource Summary
---------------------------------------------------------------------------------
Part Resources:
DSPs: 120 (col length:60)
BRAMs: 150 (col length: RAMB18 60 RAMB36 30)
---------------------------------------------------------------------------------
Finished Part Resource Summary
---------------------------------------------------------------------------------
---------------------------------------------------------------------------------
Start Cross Boundary and Area Optimization
---------------------------------------------------------------------------------
WARNING: [Synth 8-7080] Parallel synthesis criteria is not met
WARNING: [Synth 8-3917] design mult8_top has port hex_seg_o[7] driven by constant 1
---------------------------------------------------------------------------------
Finished Cross Boundary and Area Optimization : Time (s): cpu = 00:00:12 ; elapsed = 00:00:13 . Memory (MB): peak = 1329.078 ; gain = 559.531
---------------------------------------------------------------------------------
---------------------------------------------------------------------------------
Start Applying XDC Timing Constraints
---------------------------------------------------------------------------------
---------------------------------------------------------------------------------
Finished Applying XDC Timing Constraints : Time (s): cpu = 00:00:16 ; elapsed = 00:00:17 . Memory (MB): peak = 1329.078 ; gain = 559.531
---------------------------------------------------------------------------------
---------------------------------------------------------------------------------
Start Timing Optimization
---------------------------------------------------------------------------------
---------------------------------------------------------------------------------
Finished Timing Optimization : Time (s): cpu = 00:00:16 ; elapsed = 00:00:17 . Memory (MB): peak = 1329.078 ; gain = 559.531
---------------------------------------------------------------------------------
---------------------------------------------------------------------------------
Start Technology Mapping
---------------------------------------------------------------------------------
---------------------------------------------------------------------------------
Finished Technology Mapping : Time (s): cpu = 00:00:16 ; elapsed = 00:00:17 . Memory (MB): peak = 1329.078 ; gain = 559.531
---------------------------------------------------------------------------------
---------------------------------------------------------------------------------
Start IO Insertion
---------------------------------------------------------------------------------
---------------------------------------------------------------------------------
Start Flattening Before IO Insertion
---------------------------------------------------------------------------------
---------------------------------------------------------------------------------
Finished Flattening Before IO Insertion
---------------------------------------------------------------------------------
---------------------------------------------------------------------------------
Start Final Netlist Cleanup
---------------------------------------------------------------------------------
---------------------------------------------------------------------------------
Finished Final Netlist Cleanup
---------------------------------------------------------------------------------
---------------------------------------------------------------------------------
Finished IO Insertion : Time (s): cpu = 00:00:20 ; elapsed = 00:00:20 . Memory (MB): peak = 1329.078 ; gain = 559.531
---------------------------------------------------------------------------------
---------------------------------------------------------------------------------
Start Renaming Generated Instances
---------------------------------------------------------------------------------
---------------------------------------------------------------------------------
Finished Renaming Generated Instances : Time (s): cpu = 00:00:20 ; elapsed = 00:00:20 . Memory (MB): peak = 1329.078 ; gain = 559.531
---------------------------------------------------------------------------------
---------------------------------------------------------------------------------
Start Rebuilding User Hierarchy
---------------------------------------------------------------------------------
---------------------------------------------------------------------------------
Finished Rebuilding User Hierarchy : Time (s): cpu = 00:00:20 ; elapsed = 00:00:20 . Memory (MB): peak = 1329.078 ; gain = 559.531
---------------------------------------------------------------------------------
---------------------------------------------------------------------------------
Start Renaming Generated Ports
---------------------------------------------------------------------------------
---------------------------------------------------------------------------------
Finished Renaming Generated Ports : Time (s): cpu = 00:00:20 ; elapsed = 00:00:20 . Memory (MB): peak = 1329.078 ; gain = 559.531
---------------------------------------------------------------------------------
---------------------------------------------------------------------------------
Start Handling Custom Attributes
---------------------------------------------------------------------------------
---------------------------------------------------------------------------------
Finished Handling Custom Attributes : Time (s): cpu = 00:00:20 ; elapsed = 00:00:20 . Memory (MB): peak = 1329.078 ; gain = 559.531
---------------------------------------------------------------------------------
---------------------------------------------------------------------------------
Start Renaming Generated Nets
---------------------------------------------------------------------------------
---------------------------------------------------------------------------------
Finished Renaming Generated Nets : Time (s): cpu = 00:00:20 ; elapsed = 00:00:20 . Memory (MB): peak = 1329.078 ; gain = 559.531
---------------------------------------------------------------------------------
---------------------------------------------------------------------------------
Start Writing Synthesis Report
---------------------------------------------------------------------------------

Report BlackBoxes: 
+-+--------------+----------+
| |BlackBox name |Instances |
+-+--------------+----------+
+-+--------------+----------+

Report Cell Usage: 
+------+-------+------+
|      |Cell   |Count |
+------+-------+------+
|1     |BUFG   |     1|
|2     |CARRY4 |    13|
|3     |LUT1   |     7|
|4     |LUT2   |    11|
|5     |LUT3   |     7|
|6     |LUT4   |    22|
|7     |LUT5   |    11|
|8     |LUT6   |    50|
|9     |MUXF7  |     4|
|10    |FDRE   |    81|
|11    |IBUF   |    11|
|12    |OBUF   |    29|
+------+-------+------+
---------------------------------------------------------------------------------
Finished Writing Synthesis Report : Time (s): cpu = 00:00:20 ; elapsed = 00:00:20 . Memory (MB): peak = 1329.078 ; gain = 559.531
---------------------------------------------------------------------------------
Synthesis finished with 0 errors, 0 critical warnings and 2 warnings.
Synthesis Optimization Runtime : Time (s): cpu = 00:00:14 ; elapsed = 00:00:19 . Memory (MB): peak = 1329.078 ; gain = 500.012
Synthesis Optimization Complete : Time (s): cpu = 00:00:20 ; elapsed = 00:00:20 . Memory (MB): peak = 1329.078 ; gain = 559.531
INFO: [Project 1-571] Translating synthesized netlist
Netlist sorting complete. Time (s): cpu = 00:00:00 ; elapsed = 00:00:00.001 . Memory (MB): peak = 1329.078 ; gain = 0.000
INFO: [Netlist 29-17] Analyzing 17 Unisim elements for replacement
INFO: [Netlist 29-28] Unisim Transformation completed in 0 CPU seconds
INFO: [Project 1-570] Preparing netlist for logic optimization
INFO: [Opt 31-138] Pushed 0 inverter(s) to 0 load pin(s).
Netlist sorting complete. Time (s): cpu = 00:00:00 ; elapsed = 00:00:00 . Memory (MB): peak = 1329.078 ; gain = 0.000
INFO: [Project 1-111] Unisim Transformation Summary:
No Unisim elements were transformed.

Synth Design complete, checksum: ebbe470f
INFO: [Common 17-83] Releasing license: Synthesis
52 Infos, 3 Warnings, 0 Critical Warnings and 0 Errors encountered.
synth_design completed successfully
synth_design: Time (s): cpu = 00:00:22 ; elapsed = 00:00:24 . Memory (MB): peak = 1329.078 ; gain = 932.016
INFO: [Common 17-1381] The checkpoint 'D:/School/UIUC_ECE385_SP25/gpt_lab4/gpt_lab4.runs/synth_1/mult8_top.dcp' has been generated.
INFO: [runtcl-4] Executing : report_utilization -file mult8_top_utilization_synth.rpt -pb mult8_top_utilization_synth.pb
INFO: [Common 17-206] Exiting Vivado at Fri Oct  3 13:50:10 2025...
