Copyright 1986-2022 Xilinx, Inc. All Rights Reserved.
------------------------------------------------------------------------------------------------------------------------------------------------------------------------------------------------------------------------------------
| Tool Version : Vivado v.2022.2 (win64) Build 3671981 Fri Oct 14 05:00:03 MDT 2022
| Date         : Thu Feb 20 17:19:45 2025
| Host         : ECEB-3022-15 running 64-bit major release  (build 9200)
| Command      : report_timing_summary -max_paths 10 -report_unconstrained -file multipliertop_timing_summary_routed.rpt -pb multipliertop_timing_summary_routed.pb -rpx multipliertop_timing_summary_routed.rpx -warn_on_violation
| Design       : multipliertop
| Device       : 7s50-csga324
| Speed File   : -1  PRODUCTION 1.23 2018-06-13
------------------------------------------------------------------------------------------------------------------------------------------------------------------------------------------------------------------------------------

Timing Summary Report

------------------------------------------------------------------------------------------------
| Timer Settings
| --------------
------------------------------------------------------------------------------------------------

  Enable Multi Corner Analysis               :  Yes
  Enable Pessimism Removal                   :  Yes
  Pessimism Removal Resolution               :  Nearest Common Node
  Enable Input Delay Default Clock           :  No
  Enable Preset / Clear Arcs                 :  No
  Disable Flight Delays                      :  No
  Ignore I/O Paths                           :  No
  Timing Early Launch at Borrowing Latches   :  No
  Borrow Time for Max Delay Exceptions       :  Yes
  Merge Timing Exceptions                    :  Yes

  Corner  Analyze    Analyze    
  Name    Max Paths  Min Paths  
  ------  ---------  ---------  
  Slow    Yes        Yes        
  Fast    Yes        Yes        


------------------------------------------------------------------------------------------------
| Report Methodology
| ------------------
------------------------------------------------------------------------------------------------

Rule       Severity          Description                  Violations  
---------  ----------------  ---------------------------  ----------  
TIMING-17  Critical Warning  Non-clocked sequential cell  109         

Note: This report is based on the most recent report_methodology run and may not be up-to-date. Run report_methodology on the current design for the latest report.



check_timing report

Table of Contents
-----------------
1. checking no_clock (109)
2. checking constant_clock (0)
3. checking pulse_width_clock (0)
4. checking unconstrained_internal_endpoints (243)
5. checking no_input_delay (10)
6. checking no_output_delay (28)
7. checking multiple_clock (0)
8. checking generated_clocks (0)
9. checking loops (0)
10. checking partial_input_delay (0)
11. checking partial_output_delay (0)
12. checking latch_loops (0)

1. checking no_clock (109)
--------------------------
 There are 109 register/latch pins with no clock driven by root clock pin: clk (HIGH)


2. checking constant_clock (0)
------------------------------
 There are 0 register/latch pins with constant_clock.


3. checking pulse_width_clock (0)
---------------------------------
 There are 0 register/latch pins which need pulse_width check


4. checking unconstrained_internal_endpoints (243)
--------------------------------------------------
 There are 243 pins that are not constrained for maximum delay. (HIGH)

 There are 0 pins that are not constrained for maximum delay due to constant clock.


5. checking no_input_delay (10)
-------------------------------
 There are 10 input ports with no input delay specified. (HIGH)

 There are 0 input ports with no input delay but user has a false path constraint.


6. checking no_output_delay (28)
--------------------------------
 There are 28 ports with no output delay specified. (HIGH)

 There are 0 ports with no output delay but user has a false path constraint

 There are 0 ports with no output delay but with a timing clock defined on it or propagating through it


7. checking multiple_clock (0)
------------------------------
 There are 0 register/latch pins with multiple clocks.


8. checking generated_clocks (0)
--------------------------------
 There are 0 generated clocks that are not connected to a clock source.


9. checking loops (0)
---------------------
 There are 0 combinational loops in the design.


10. checking partial_input_delay (0)
------------------------------------
 There are 0 input ports with partial input delay specified.


11. checking partial_output_delay (0)
-------------------------------------
 There are 0 ports with partial output delay specified.


12. checking latch_loops (0)
----------------------------
 There are 0 combinational latch loops in the design through latch input



------------------------------------------------------------------------------------------------
| Design Timing Summary
| ---------------------
------------------------------------------------------------------------------------------------

    WNS(ns)      TNS(ns)  TNS Failing Endpoints  TNS Total Endpoints      WHS(ns)      THS(ns)  THS Failing Endpoints  THS Total Endpoints     WPWS(ns)     TPWS(ns)  TPWS Failing Endpoints  TPWS Total Endpoints  
    -------      -------  ---------------------  -------------------      -------      -------  ---------------------  -------------------     --------     --------  ----------------------  --------------------  
        inf        0.000                      0                  271          inf        0.000                      0                  271           NA           NA                      NA                    NA  


There are no user specified timing constraints.


------------------------------------------------------------------------------------------------
| Clock Summary
| -------------
------------------------------------------------------------------------------------------------


------------------------------------------------------------------------------------------------
| Intra Clock Table
| -----------------
------------------------------------------------------------------------------------------------

Clock             WNS(ns)      TNS(ns)  TNS Failing Endpoints  TNS Total Endpoints      WHS(ns)      THS(ns)  THS Failing Endpoints  THS Total Endpoints     WPWS(ns)     TPWS(ns)  TPWS Failing Endpoints  TPWS Total Endpoints  
-----             -------      -------  ---------------------  -------------------      -------      -------  ---------------------  -------------------     --------     --------  ----------------------  --------------------  


------------------------------------------------------------------------------------------------
| Inter Clock Table
| -----------------
------------------------------------------------------------------------------------------------

From Clock    To Clock          WNS(ns)      TNS(ns)  TNS Failing Endpoints  TNS Total Endpoints      WHS(ns)      THS(ns)  THS Failing Endpoints  THS Total Endpoints  
----------    --------          -------      -------  ---------------------  -------------------      -------      -------  ---------------------  -------------------  


------------------------------------------------------------------------------------------------
| Other Path Groups Table
| -----------------------
------------------------------------------------------------------------------------------------

Path Group    From Clock    To Clock          WNS(ns)      TNS(ns)  TNS Failing Endpoints  TNS Total Endpoints      WHS(ns)      THS(ns)  THS Failing Endpoints  THS Total Endpoints  
----------    ----------    --------          -------      -------  ---------------------  -------------------      -------      -------  ---------------------  -------------------  


------------------------------------------------------------------------------------------------
| User Ignored Path Table
| -----------------------
------------------------------------------------------------------------------------------------

Path Group    From Clock    To Clock    
----------    ----------    --------    


------------------------------------------------------------------------------------------------
| Unconstrained Path Table
| ------------------------
------------------------------------------------------------------------------------------------

Path Group    From Clock    To Clock    
----------    ----------    --------    
(none)                                    


------------------------------------------------------------------------------------------------
| Timing Details
| --------------
------------------------------------------------------------------------------------------------


--------------------------------------------------------------------------------------
Path Group:  (none)
From Clock:  
  To Clock:  

Max Delay           271 Endpoints
Min Delay           271 Endpoints
--------------------------------------------------------------------------------------


Max Delay Paths
--------------------------------------------------------------------------------------
Slack:                    inf
  Source:                 hex/counter_reg[16]/C
                            (rising edge-triggered cell FDRE)
  Destination:            hex_seg_o[5]
                            (output port)
  Path Group:             (none)
  Path Type:              Max at Slow Process Corner
  Data Path Delay:        9.203ns  (logic 3.857ns (41.906%)  route 5.346ns (58.094%))
  Logic Levels:           6  (FDRE=1 LUT6=4 OBUF=1)

    Location             Delay type                Incr(ns)  Path(ns)    Netlist Resource(s)
  -------------------------------------------------------------------    -------------------
    SLICE_X61Y79         FDRE                         0.000     0.000 r  hex/counter_reg[16]/C
    SLICE_X61Y79         FDRE (Prop_fdre_C_Q)         0.456     0.456 f  hex/counter_reg[16]/Q
                         net (fo=25, routed)          1.417     1.873    reg_a/p_0_in[1]
    SLICE_X59Y79         LUT6 (Prop_lut6_I2_O)        0.124     1.997 r  reg_a/hex_seg_o_OBUF[5]_inst_i_7/O
                         net (fo=1, routed)           0.433     2.430    reg_a/hex_seg_o_OBUF[5]_inst_i_7_n_0
    SLICE_X59Y79         LUT6 (Prop_lut6_I5_O)        0.124     2.554 r  reg_a/hex_seg_o_OBUF[5]_inst_i_5/O
                         net (fo=1, routed)           0.974     3.528    reg_b/hex_seg_o_OBUF[5]_inst_i_1_1
    SLICE_X60Y81         LUT6 (Prop_lut6_I5_O)        0.124     3.652 r  reg_b/hex_seg_o_OBUF[5]_inst_i_3/O
                         net (fo=1, routed)           0.495     4.147    reg_b/hex_seg_o_OBUF[5]_inst_i_3_n_0
    SLICE_X61Y81         LUT6 (Prop_lut6_I5_O)        0.124     4.271 r  reg_b/hex_seg_o_OBUF[5]_inst_i_1/O
                         net (fo=1, routed)           2.027     6.298    hex_seg_o_OBUF[5]
    D6                   OBUF (Prop_obuf_I_O)         2.905     9.203 r  hex_seg_o_OBUF[5]_inst/O
                         net (fo=0)                   0.000     9.203    hex_seg_o[5]
    D6                                                                r  hex_seg_o[5] (OUT)
  -------------------------------------------------------------------    -------------------

Slack:                    inf
  Source:                 reg_x/data_q_reg[0]/C
                            (rising edge-triggered cell FDRE)
  Destination:            Xval
                            (output port)
  Path Group:             (none)
  Path Type:              Max at Slow Process Corner
  Data Path Delay:        8.903ns  (logic 4.008ns (45.012%)  route 4.896ns (54.988%))
  Logic Levels:           2  (FDRE=1 OBUF=1)

    Location             Delay type                Incr(ns)  Path(ns)    Netlist Resource(s)
  -------------------------------------------------------------------    -------------------
    SLICE_X59Y77         FDRE                         0.000     0.000 r  reg_x/data_q_reg[0]/C
    SLICE_X59Y77         FDRE (Prop_fdre_C_Q)         0.456     0.456 r  reg_x/data_q_reg[0]/Q
                         net (fo=3, routed)           4.896     5.352    Xval_OBUF
    C9                   OBUF (Prop_obuf_I_O)         3.552     8.903 r  Xval_OBUF_inst/O
                         net (fo=0)                   0.000     8.903    Xval
    C9                                                                r  Xval (OUT)
  -------------------------------------------------------------------    -------------------

Slack:                    inf
  Source:                 reg_a/Data_Out_reg[0]/C
                            (rising edge-triggered cell FDRE)
  Destination:            hex_seg_o[6]
                            (output port)
  Path Group:             (none)
  Path Type:              Max at Slow Process Corner
  Data Path Delay:        8.446ns  (logic 4.269ns (50.546%)  route 4.177ns (49.454%))
  Logic Levels:           5  (FDRE=1 LUT4=1 LUT6=1 MUXF7=1 OBUF=1)

    Location             Delay type                Incr(ns)  Path(ns)    Netlist Resource(s)
  -------------------------------------------------------------------    -------------------
    SLICE_X63Y78         FDRE                         0.000     0.000 r  reg_a/Data_Out_reg[0]/C
    SLICE_X63Y78         FDRE (Prop_fdre_C_Q)         0.456     0.456 r  reg_a/Data_Out_reg[0]/Q
                         net (fo=12, routed)          1.351     1.807    reg_a/Q[0]
    SLICE_X61Y80         LUT4 (Prop_lut4_I3_O)        0.153     1.960 r  reg_a/hex_seg_o_OBUF[6]_inst_i_5/O
                         net (fo=1, routed)           0.954     2.914    reg_b/hex_seg_o_OBUF[6]_inst_i_1_1
    SLICE_X62Y81         LUT6 (Prop_lut6_I5_O)        0.327     3.241 r  reg_b/hex_seg_o_OBUF[6]_inst_i_3/O
                         net (fo=1, routed)           0.000     3.241    reg_b/hex_seg_o_OBUF[6]_inst_i_3_n_0
    SLICE_X62Y81         MUXF7 (Prop_muxf7_I1_O)      0.245     3.486 r  reg_b/hex_seg_o_OBUF[6]_inst_i_1/O
                         net (fo=1, routed)           1.872     5.358    hex_seg_o_OBUF[6]
    C4                   OBUF (Prop_obuf_I_O)         3.088     8.446 r  hex_seg_o_OBUF[6]_inst/O
                         net (fo=0)                   0.000     8.446    hex_seg_o[6]
    C4                                                                r  hex_seg_o[6] (OUT)
  -------------------------------------------------------------------    -------------------

Slack:                    inf
  Source:                 reg_b/Data_Out_reg[2]/C
                            (rising edge-triggered cell FDRE)
  Destination:            hex_seg_o[3]
                            (output port)
  Path Group:             (none)
  Path Type:              Max at Slow Process Corner
  Data Path Delay:        8.365ns  (logic 3.674ns (43.917%)  route 4.691ns (56.083%))
  Logic Levels:           4  (FDRE=1 LUT4=1 LUT6=1 OBUF=1)

    Location             Delay type                Incr(ns)  Path(ns)    Netlist Resource(s)
  -------------------------------------------------------------------    -------------------
    SLICE_X60Y80         FDRE                         0.000     0.000 r  reg_b/Data_Out_reg[2]/C
    SLICE_X60Y80         FDRE (Prop_fdre_C_Q)         0.518     0.518 r  reg_b/Data_Out_reg[2]/Q
                         net (fo=8, routed)           1.673     2.191    reg_b/Bval_OBUF[2]
    SLICE_X60Y81         LUT6 (Prop_lut6_I2_O)        0.124     2.315 r  reg_b/hex_seg_o_OBUF[3]_inst_i_4/O
                         net (fo=1, routed)           0.801     3.116    reg_a/hex_seg_o[3]_0
    SLICE_X60Y82         LUT4 (Prop_lut4_I2_O)        0.124     3.240 r  reg_a/hex_seg_o_OBUF[3]_inst_i_1/O
                         net (fo=1, routed)           2.217     5.457    hex_seg_o_OBUF[3]
    C5                   OBUF (Prop_obuf_I_O)         2.908     8.365 r  hex_seg_o_OBUF[3]_inst/O
                         net (fo=0)                   0.000     8.365    hex_seg_o[3]
    C5                                                                r  hex_seg_o[3] (OUT)
  -------------------------------------------------------------------    -------------------

Slack:                    inf
  Source:                 reg_a/Data_Out_reg[7]/C
                            (rising edge-triggered cell FDRE)
  Destination:            Aval[7]
                            (output port)
  Path Group:             (none)
  Path Type:              Max at Slow Process Corner
  Data Path Delay:        8.098ns  (logic 3.976ns (49.101%)  route 4.122ns (50.899%))
  Logic Levels:           2  (FDRE=1 OBUF=1)

    Location             Delay type                Incr(ns)  Path(ns)    Netlist Resource(s)
  -------------------------------------------------------------------    -------------------
    SLICE_X62Y78         FDRE                         0.000     0.000 r  reg_a/Data_Out_reg[7]/C
    SLICE_X62Y78         FDRE (Prop_fdre_C_Q)         0.456     0.456 r  reg_a/Data_Out_reg[7]/Q
                         net (fo=11, routed)          4.122     4.578    Aval_OBUF[7]
    G17                  OBUF (Prop_obuf_I_O)         3.520     8.098 r  Aval_OBUF[7]_inst/O
                         net (fo=0)                   0.000     8.098    Aval[7]
    G17                                                               r  Aval[7] (OUT)
  -------------------------------------------------------------------    -------------------

Slack:                    inf
  Source:                 reg_a/Data_Out_reg[2]/C
                            (rising edge-triggered cell FDRE)
  Destination:            hex_seg_o[1]
                            (output port)
  Path Group:             (none)
  Path Type:              Max at Slow Process Corner
  Data Path Delay:        8.081ns  (logic 4.075ns (50.430%)  route 4.006ns (49.570%))
  Logic Levels:           5  (FDRE=1 LUT4=1 LUT6=1 MUXF7=1 OBUF=1)

    Location             Delay type                Incr(ns)  Path(ns)    Netlist Resource(s)
  -------------------------------------------------------------------    -------------------
    SLICE_X60Y79         FDRE                         0.000     0.000 r  reg_a/Data_Out_reg[2]/C
    SLICE_X60Y79         FDRE (Prop_fdre_C_Q)         0.518     0.518 r  reg_a/Data_Out_reg[2]/Q
                         net (fo=13, routed)          1.474     1.992    reg_a/Q[2]
    SLICE_X61Y81         LUT4 (Prop_lut4_I1_O)        0.124     2.116 r  reg_a/hex_seg_o_OBUF[1]_inst_i_5/O
                         net (fo=1, routed)           0.821     2.937    reg_b/hex_seg_o_OBUF[1]_inst_i_1_1
    SLICE_X62Y81         LUT6 (Prop_lut6_I5_O)        0.124     3.061 r  reg_b/hex_seg_o_OBUF[1]_inst_i_3/O
                         net (fo=1, routed)           0.000     3.061    reg_b/hex_seg_o_OBUF[1]_inst_i_3_n_0
    SLICE_X62Y81         MUXF7 (Prop_muxf7_I1_O)      0.217     3.278 r  reg_b/hex_seg_o_OBUF[1]_inst_i_1/O
                         net (fo=1, routed)           1.711     4.989    hex_seg_o_OBUF[1]
    B4                   OBUF (Prop_obuf_I_O)         3.092     8.081 r  hex_seg_o_OBUF[1]_inst/O
                         net (fo=0)                   0.000     8.081    hex_seg_o[1]
    B4                                                                r  hex_seg_o[1] (OUT)
  -------------------------------------------------------------------    -------------------

Slack:                    inf
  Source:                 reg_a/Data_Out_reg[5]/C
                            (rising edge-triggered cell FDRE)
  Destination:            hex_seg_o[4]
                            (output port)
  Path Group:             (none)
  Path Type:              Max at Slow Process Corner
  Data Path Delay:        8.046ns  (logic 3.682ns (45.758%)  route 4.364ns (54.242%))
  Logic Levels:           4  (FDRE=1 LUT4=1 LUT6=1 OBUF=1)

    Location             Delay type                Incr(ns)  Path(ns)    Netlist Resource(s)
  -------------------------------------------------------------------    -------------------
    SLICE_X60Y77         FDRE                         0.000     0.000 r  reg_a/Data_Out_reg[5]/C
    SLICE_X60Y77         FDRE (Prop_fdre_C_Q)         0.518     0.518 f  reg_a/Data_Out_reg[5]/Q
                         net (fo=12, routed)          1.502     2.020    reg_a/Q[5]
    SLICE_X62Y80         LUT6 (Prop_lut6_I4_O)        0.124     2.144 r  reg_a/hex_seg_o_OBUF[4]_inst_i_4/O
                         net (fo=1, routed)           0.656     2.800    reg_a/hex_seg_o_OBUF[4]_inst_i_4_n_0
    SLICE_X63Y80         LUT4 (Prop_lut4_I2_O)        0.124     2.924 r  reg_a/hex_seg_o_OBUF[4]_inst_i_1/O
                         net (fo=1, routed)           2.206     5.130    hex_seg_o_OBUF[4]
    D7                   OBUF (Prop_obuf_I_O)         2.916     8.046 r  hex_seg_o_OBUF[4]_inst/O
                         net (fo=0)                   0.000     8.046    hex_seg_o[4]
    D7                                                                r  hex_seg_o[4] (OUT)
  -------------------------------------------------------------------    -------------------

Slack:                    inf
  Source:                 reg_a/Data_Out_reg[5]/C
                            (rising edge-triggered cell FDRE)
  Destination:            hex_seg_o[2]
                            (output port)
  Path Group:             (none)
  Path Type:              Max at Slow Process Corner
  Data Path Delay:        8.013ns  (logic 4.295ns (53.602%)  route 3.718ns (46.398%))
  Logic Levels:           5  (FDRE=1 LUT4=1 LUT6=1 MUXF7=1 OBUF=1)

    Location             Delay type                Incr(ns)  Path(ns)    Netlist Resource(s)
  -------------------------------------------------------------------    -------------------
    SLICE_X60Y77         FDRE                         0.000     0.000 r  reg_a/Data_Out_reg[5]/C
    SLICE_X60Y77         FDRE (Prop_fdre_C_Q)         0.518     0.518 r  reg_a/Data_Out_reg[5]/Q
                         net (fo=12, routed)          1.186     1.704    reg_a/Q[5]
    SLICE_X61Y80         LUT4 (Prop_lut4_I2_O)        0.149     1.853 r  reg_a/hex_seg_o_OBUF[2]_inst_i_4/O
                         net (fo=1, routed)           0.642     2.495    reg_b/hex_seg_o_OBUF[2]_inst_i_1_0
    SLICE_X61Y81         LUT6 (Prop_lut6_I5_O)        0.332     2.827 r  reg_b/hex_seg_o_OBUF[2]_inst_i_2/O
                         net (fo=1, routed)           0.000     2.827    reg_b/hex_seg_o_OBUF[2]_inst_i_2_n_0
    SLICE_X61Y81         MUXF7 (Prop_muxf7_I0_O)      0.212     3.039 r  reg_b/hex_seg_o_OBUF[2]_inst_i_1/O
                         net (fo=1, routed)           1.890     4.929    hex_seg_o_OBUF[2]
    D5                   OBUF (Prop_obuf_I_O)         3.084     8.013 r  hex_seg_o_OBUF[2]_inst/O
                         net (fo=0)                   0.000     8.013    hex_seg_o[2]
    D5                                                                r  hex_seg_o[2] (OUT)
  -------------------------------------------------------------------    -------------------

Slack:                    inf
  Source:                 reg_a/Data_Out_reg[6]/C
                            (rising edge-triggered cell FDRE)
  Destination:            Aval[6]
                            (output port)
  Path Group:             (none)
  Path Type:              Max at Slow Process Corner
  Data Path Delay:        7.966ns  (logic 3.979ns (49.949%)  route 3.987ns (50.051%))
  Logic Levels:           2  (FDRE=1 OBUF=1)

    Location             Delay type                Incr(ns)  Path(ns)    Netlist Resource(s)
  -------------------------------------------------------------------    -------------------
    SLICE_X62Y78         FDRE                         0.000     0.000 r  reg_a/Data_Out_reg[6]/C
    SLICE_X62Y78         FDRE (Prop_fdre_C_Q)         0.456     0.456 r  reg_a/Data_Out_reg[6]/Q
                         net (fo=12, routed)          3.987     4.443    Aval_OBUF[6]
    E18                  OBUF (Prop_obuf_I_O)         3.523     7.966 r  Aval_OBUF[6]_inst/O
                         net (fo=0)                   0.000     7.966    Aval[6]
    E18                                                               r  Aval[6] (OUT)
  -------------------------------------------------------------------    -------------------

Slack:                    inf
  Source:                 reg_a/Data_Out_reg[4]/C
                            (rising edge-triggered cell FDRE)
  Destination:            hex_seg_o[0]
                            (output port)
  Path Group:             (none)
  Path Type:              Max at Slow Process Corner
  Data Path Delay:        7.933ns  (logic 4.283ns (53.987%)  route 3.650ns (46.013%))
  Logic Levels:           5  (FDRE=1 LUT4=1 LUT6=1 MUXF7=1 OBUF=1)

    Location             Delay type                Incr(ns)  Path(ns)    Netlist Resource(s)
  -------------------------------------------------------------------    -------------------
    SLICE_X60Y79         FDRE                         0.000     0.000 r  reg_a/Data_Out_reg[4]/C
    SLICE_X60Y79         FDRE (Prop_fdre_C_Q)         0.518     0.518 r  reg_a/Data_Out_reg[4]/Q
                         net (fo=14, routed)          1.009     1.527    reg_a/Q[4]
    SLICE_X62Y80         LUT4 (Prop_lut4_I1_O)        0.152     1.679 r  reg_a/hex_seg_o_OBUF[0]_inst_i_4/O
                         net (fo=1, routed)           0.583     2.262    reg_b/hex_seg_o_OBUF[0]_inst_i_1_0
    SLICE_X61Y80         LUT6 (Prop_lut6_I5_O)        0.326     2.588 r  reg_b/hex_seg_o_OBUF[0]_inst_i_2/O
                         net (fo=1, routed)           0.000     2.588    reg_b/hex_seg_o_OBUF[0]_inst_i_2_n_0
    SLICE_X61Y80         MUXF7 (Prop_muxf7_I0_O)      0.212     2.800 r  reg_b/hex_seg_o_OBUF[0]_inst_i_1/O
                         net (fo=1, routed)           2.058     4.858    hex_seg_o_OBUF[0]
    E6                   OBUF (Prop_obuf_I_O)         3.075     7.933 r  hex_seg_o_OBUF[0]_inst/O
                         net (fo=0)                   0.000     7.933    hex_seg_o[0]
    E6                                                                r  hex_seg_o[0] (OUT)
  -------------------------------------------------------------------    -------------------





Min Delay Paths
--------------------------------------------------------------------------------------
Slack:                    inf
  Source:                 control/FSM_onehot_curr_state_reg[5]/C
                            (rising edge-triggered cell FDRE)
  Destination:            control/FSM_onehot_curr_state_reg[6]/D
  Path Group:             (none)
  Path Type:              Min at Fast Process Corner
  Data Path Delay:        0.253ns  (logic 0.128ns (50.552%)  route 0.125ns (49.448%))
  Logic Levels:           1  (FDRE=1)

    Location             Delay type                Incr(ns)  Path(ns)    Netlist Resource(s)
  -------------------------------------------------------------------    -------------------
    SLICE_X62Y76         FDRE                         0.000     0.000 r  control/FSM_onehot_curr_state_reg[5]/C
    SLICE_X62Y76         FDRE (Prop_fdre_C_Q)         0.128     0.128 r  control/FSM_onehot_curr_state_reg[5]/Q
                         net (fo=2, routed)           0.125     0.253    control/FSM_onehot_curr_state_reg_n_0_[5]
    SLICE_X62Y76         FDRE                                         r  control/FSM_onehot_curr_state_reg[6]/D
  -------------------------------------------------------------------    -------------------

Slack:                    inf
  Source:                 control/FSM_onehot_curr_state_reg[7]/C
                            (rising edge-triggered cell FDRE)
  Destination:            control/FSM_onehot_curr_state_reg[8]/D
  Path Group:             (none)
  Path Type:              Min at Fast Process Corner
  Data Path Delay:        0.259ns  (logic 0.128ns (49.441%)  route 0.131ns (50.559%))
  Logic Levels:           1  (FDRE=1)

    Location             Delay type                Incr(ns)  Path(ns)    Netlist Resource(s)
  -------------------------------------------------------------------    -------------------
    SLICE_X63Y76         FDRE                         0.000     0.000 r  control/FSM_onehot_curr_state_reg[7]/C
    SLICE_X63Y76         FDRE (Prop_fdre_C_Q)         0.128     0.128 r  control/FSM_onehot_curr_state_reg[7]/Q
                         net (fo=2, routed)           0.131     0.259    control/FSM_onehot_curr_state_reg_n_0_[7]
    SLICE_X63Y76         FDRE                                         r  control/FSM_onehot_curr_state_reg[8]/D
  -------------------------------------------------------------------    -------------------

Slack:                    inf
  Source:                 control/FSM_onehot_curr_state_reg[16]/C
                            (rising edge-triggered cell FDRE)
  Destination:            control/FSM_onehot_curr_state_reg[17]/D
  Path Group:             (none)
  Path Type:              Min at Fast Process Corner
  Data Path Delay:        0.259ns  (logic 0.128ns (49.352%)  route 0.131ns (50.648%))
  Logic Levels:           1  (FDRE=1)

    Location             Delay type                Incr(ns)  Path(ns)    Netlist Resource(s)
  -------------------------------------------------------------------    -------------------
    SLICE_X62Y76         FDRE                         0.000     0.000 r  control/FSM_onehot_curr_state_reg[16]/C
    SLICE_X62Y76         FDRE (Prop_fdre_C_Q)         0.128     0.128 r  control/FSM_onehot_curr_state_reg[16]/Q
                         net (fo=15, routed)          0.131     0.259    control/Q[1]
    SLICE_X63Y77         FDRE                                         r  control/FSM_onehot_curr_state_reg[17]/D
  -------------------------------------------------------------------    -------------------

Slack:                    inf
  Source:                 reg_a/Data_Out_reg[1]/C
                            (rising edge-triggered cell FDRE)
  Destination:            reg_a/Data_Out_reg[0]/D
  Path Group:             (none)
  Path Type:              Min at Fast Process Corner
  Data Path Delay:        0.265ns  (logic 0.186ns (70.076%)  route 0.079ns (29.924%))
  Logic Levels:           2  (FDRE=1 LUT4=1)

    Location             Delay type                Incr(ns)  Path(ns)    Netlist Resource(s)
  -------------------------------------------------------------------    -------------------
    SLICE_X62Y78         FDRE                         0.000     0.000 r  reg_a/Data_Out_reg[1]/C
    SLICE_X62Y78         FDRE (Prop_fdre_C_Q)         0.141     0.141 r  reg_a/Data_Out_reg[1]/Q
                         net (fo=11, routed)          0.079     0.220    reg_a/Q[1]
    SLICE_X63Y78         LUT4 (Prop_lut4_I3_O)        0.045     0.265 r  reg_a/Data_Out[0]_i_1/O
                         net (fo=1, routed)           0.000     0.265    reg_a/Data_Out_d[0]
    SLICE_X63Y78         FDRE                                         r  reg_a/Data_Out_reg[0]/D
  -------------------------------------------------------------------    -------------------

Slack:                    inf
  Source:                 control/FSM_onehot_curr_state_reg[15]/C
                            (rising edge-triggered cell FDRE)
  Destination:            control/FSM_onehot_curr_state_reg[16]/D
  Path Group:             (none)
  Path Type:              Min at Fast Process Corner
  Data Path Delay:        0.271ns  (logic 0.141ns (52.082%)  route 0.130ns (47.918%))
  Logic Levels:           1  (FDRE=1)

    Location             Delay type                Incr(ns)  Path(ns)    Netlist Resource(s)
  -------------------------------------------------------------------    -------------------
    SLICE_X62Y76         FDRE                         0.000     0.000 r  control/FSM_onehot_curr_state_reg[15]/C
    SLICE_X62Y76         FDRE (Prop_fdre_C_Q)         0.141     0.141 r  control/FSM_onehot_curr_state_reg[15]/Q
                         net (fo=2, routed)           0.130     0.271    control/FSM_onehot_curr_state_reg_n_0_[15]
    SLICE_X62Y76         FDRE                                         r  control/FSM_onehot_curr_state_reg[16]/D
  -------------------------------------------------------------------    -------------------

Slack:                    inf
  Source:                 control/FSM_onehot_curr_state_reg[14]/C
                            (rising edge-triggered cell FDRE)
  Destination:            control/FSM_onehot_curr_state_reg[15]/D
  Path Group:             (none)
  Path Type:              Min at Fast Process Corner
  Data Path Delay:        0.273ns  (logic 0.141ns (51.719%)  route 0.132ns (48.281%))
  Logic Levels:           1  (FDRE=1)

    Location             Delay type                Incr(ns)  Path(ns)    Netlist Resource(s)
  -------------------------------------------------------------------    -------------------
    SLICE_X63Y77         FDRE                         0.000     0.000 r  control/FSM_onehot_curr_state_reg[14]/C
    SLICE_X63Y77         FDRE (Prop_fdre_C_Q)         0.141     0.141 r  control/FSM_onehot_curr_state_reg[14]/Q
                         net (fo=3, routed)           0.132     0.273    control/FSM_onehot_curr_state_reg_n_0_[14]
    SLICE_X62Y76         FDRE                                         r  control/FSM_onehot_curr_state_reg[15]/D
  -------------------------------------------------------------------    -------------------

Slack:                    inf
  Source:                 run_once/prev_in_reg/C
                            (rising edge-triggered cell FDRE)
  Destination:            run_once/out_reg/D
  Path Group:             (none)
  Path Type:              Min at Fast Process Corner
  Data Path Delay:        0.281ns  (logic 0.227ns (80.665%)  route 0.054ns (19.335%))
  Logic Levels:           2  (FDRE=1 LUT2=1)

    Location             Delay type                Incr(ns)  Path(ns)    Netlist Resource(s)
  -------------------------------------------------------------------    -------------------
    SLICE_X63Y70         FDRE                         0.000     0.000 r  run_once/prev_in_reg/C
    SLICE_X63Y70         FDRE (Prop_fdre_C_Q)         0.128     0.128 r  run_once/prev_in_reg/Q
                         net (fo=1, routed)           0.054     0.182    run_once/prev_in
    SLICE_X63Y70         LUT2 (Prop_lut2_I0_O)        0.099     0.281 r  run_once/out_i_1/O
                         net (fo=1, routed)           0.000     0.281    run_once/out_d
    SLICE_X63Y70         FDRE                                         r  run_once/out_reg/D
  -------------------------------------------------------------------    -------------------

Slack:                    inf
  Source:                 button_sync[0]/q_reg/C
                            (rising edge-triggered cell FDRE)
  Destination:            run_once/prev_in_reg/D
  Path Group:             (none)
  Path Type:              Min at Fast Process Corner
  Data Path Delay:        0.284ns  (logic 0.164ns (57.836%)  route 0.120ns (42.164%))
  Logic Levels:           1  (FDRE=1)

    Location             Delay type                Incr(ns)  Path(ns)    Netlist Resource(s)
  -------------------------------------------------------------------    -------------------
    SLICE_X64Y69         FDRE                         0.000     0.000 r  button_sync[0]/q_reg/C
    SLICE_X64Y69         FDRE (Prop_fdre_C_Q)         0.164     0.164 r  button_sync[0]/q_reg/Q
                         net (fo=3, routed)           0.120     0.284    run_once/prev_in_reg_0
    SLICE_X63Y70         FDRE                                         r  run_once/prev_in_reg/D
  -------------------------------------------------------------------    -------------------

Slack:                    inf
  Source:                 control/FSM_onehot_curr_state_reg[9]/C
                            (rising edge-triggered cell FDRE)
  Destination:            control/FSM_onehot_curr_state_reg[10]/D
  Path Group:             (none)
  Path Type:              Min at Fast Process Corner
  Data Path Delay:        0.295ns  (logic 0.141ns (47.807%)  route 0.154ns (52.193%))
  Logic Levels:           1  (FDRE=1)

    Location             Delay type                Incr(ns)  Path(ns)    Netlist Resource(s)
  -------------------------------------------------------------------    -------------------
    SLICE_X63Y76         FDRE                         0.000     0.000 r  control/FSM_onehot_curr_state_reg[9]/C
    SLICE_X63Y76         FDRE (Prop_fdre_C_Q)         0.141     0.141 r  control/FSM_onehot_curr_state_reg[9]/Q
                         net (fo=2, routed)           0.154     0.295    control/FSM_onehot_curr_state_reg_n_0_[9]
    SLICE_X62Y76         FDRE                                         r  control/FSM_onehot_curr_state_reg[10]/D
  -------------------------------------------------------------------    -------------------

Slack:                    inf
  Source:                 control/FSM_onehot_curr_state_reg[0]/C
                            (rising edge-triggered cell FDSE)
  Destination:            control/FSM_onehot_curr_state_reg[1]/D
  Path Group:             (none)
  Path Type:              Min at Fast Process Corner
  Data Path Delay:        0.314ns  (logic 0.141ns (44.907%)  route 0.173ns (55.093%))
  Logic Levels:           1  (FDSE=1)

    Location             Delay type                Incr(ns)  Path(ns)    Netlist Resource(s)
  -------------------------------------------------------------------    -------------------
    SLICE_X63Y76         FDSE                         0.000     0.000 r  control/FSM_onehot_curr_state_reg[0]/C
    SLICE_X63Y76         FDSE (Prop_fdse_C_Q)         0.141     0.141 r  control/FSM_onehot_curr_state_reg[0]/Q
                         net (fo=12, routed)          0.173     0.314    control/Q[0]
    SLICE_X62Y77         FDRE                                         r  control/FSM_onehot_curr_state_reg[1]/D
  -------------------------------------------------------------------    -------------------





