
*** Running vivado
    with args -log gpu_top.vds -m64 -product Vivado -mode batch -messageDb vivado.pb -notrace -source gpu_top.tcl



****** Vivado v2022.2 (64-bit)
  **** SW Build 3671981 on Fri Oct 14 05:00:03 MDT 2022
  **** IP Build 3669848 on Fri Oct 14 08:30:02 MDT 2022
    ** Copyright 1986-2022 Xilinx, Inc. All Rights Reserved.

source gpu_top.tcl -notrace
INFO: [IP_Flow 19-234] Refreshing IP repositories
INFO: [IP_Flow 19-1700] Loaded user IP repository 'd:/School/UIUC_ECE385_SP25/ip_repo/hdmi_text_controller_1_0'.
INFO: [IP_Flow 19-1700] Loaded user IP repository 'd:/School/UIUC_ECE385_SP25/lab6_2/hdmi_tx_1.0'.
INFO: [IP_Flow 19-2313] Loaded Vivado IP repository 'C:/Xilinx/Vivado/2022.2/data/ip'.
Command: read_checkpoint -auto_incremental -incremental D:/School/UIUC_ECE385_SP25/Final_Project/Final_Project.srcs/utils_1/imports/synth_1/mb_intro_top.dcp
INFO: [Vivado 12-5825] Read reference checkpoint from D:/School/UIUC_ECE385_SP25/Final_Project/Final_Project.srcs/utils_1/imports/synth_1/mb_intro_top.dcp for incremental synthesis
INFO: [Vivado 12-7989] Please ensure there are no constraint changes
Command: synth_design -top gpu_top -part xc7s50csga324-1
Starting synth_design
Attempting to get a license for feature 'Synthesis' and/or device 'xc7s50'
INFO: [Common 17-349] Got license for feature 'Synthesis' and/or device 'xc7s50'
INFO: [Device 21-403] Loading part xc7s50csga324-1
INFO: [Designutils 20-5440] No compile time benefit to using incremental synthesis; A full resynthesis will be run
INFO: [Designutils 20-4379] Flow is switching to default flow due to incremental criteria not met. If you would like to alter this behaviour and have the flow terminate instead, please set the following parameter config_implementation {autoIncr.Synth.RejectBehavior Terminate}
INFO: [Synth 8-7079] Multithreading enabled for synth_design using a maximum of 2 processes.
INFO: [Synth 8-7078] Launching helper process for spawning children vivado processes
INFO: [Synth 8-7075] Helper process launched with PID 333380
INFO: [Synth 8-11241] undeclared symbol 'REGCCE', assumed default net type 'wire' [C:/Xilinx/Vivado/2022.2/data/verilog/src/unimacro/BRAM_SINGLE_MACRO.v:2170]
INFO: [Synth 8-11241] undeclared symbol 'clk_20MHz', assumed default net type 'wire' [D:/School/UIUC_ECE385_SP25/Final_Project/Final_Project.srcs/sources_1/imports/385Final.srcs/sources_1/new/gpu_top.sv:79]
INFO: [Synth 8-11241] undeclared symbol 'frame_done', assumed default net type 'wire' [D:/School/UIUC_ECE385_SP25/Final_Project/Final_Project.srcs/sources_1/imports/385Final.srcs/sources_1/new/gpu_top.sv:102]
INFO: [Synth 8-11241] undeclared symbol 'clear_en', assumed default net type 'wire' [D:/School/UIUC_ECE385_SP25/Final_Project/Final_Project.srcs/sources_1/imports/385Final.srcs/sources_1/new/gpu_top.sv:109]
INFO: [Synth 8-11241] undeclared symbol 'newz_wea', assumed default net type 'wire' [D:/School/UIUC_ECE385_SP25/Final_Project/Final_Project.srcs/sources_1/imports/385Final.srcs/sources_1/new/gpu_top.sv:206]
---------------------------------------------------------------------------------
Starting RTL Elaboration : Time (s): cpu = 00:00:04 ; elapsed = 00:00:04 . Memory (MB): peak = 1218.613 ; gain = 407.574
---------------------------------------------------------------------------------
INFO: [Synth 8-6157] synthesizing module 'gpu_top' [D:/School/UIUC_ECE385_SP25/Final_Project/Final_Project.srcs/sources_1/imports/385Final.srcs/sources_1/new/gpu_top.sv:23]
INFO: [Synth 8-6157] synthesizing module 'clk_wiz_0' [D:/School/UIUC_ECE385_SP25/Final_Project/Final_Project.runs/synth_1/.Xil/Vivado-270580-Server/realtime/clk_wiz_0_stub.v:5]
INFO: [Synth 8-6155] done synthesizing module 'clk_wiz_0' (0#1) [D:/School/UIUC_ECE385_SP25/Final_Project/Final_Project.runs/synth_1/.Xil/Vivado-270580-Server/realtime/clk_wiz_0_stub.v:5]
INFO: [Synth 8-6157] synthesizing module 'mb_lab7_1' [d:/School/UIUC_ECE385_SP25/Final_Project/Final_Project.gen/sources_1/bd/mb_lab7_1/synth/mb_lab7_1.v:686]
INFO: [Synth 8-6157] synthesizing module 'mb_lab7_1_axi_uartlite_0_0' [D:/School/UIUC_ECE385_SP25/Final_Project/Final_Project.runs/synth_1/.Xil/Vivado-270580-Server/realtime/mb_lab7_1_axi_uartlite_0_0_stub.v:5]
INFO: [Synth 8-6155] done synthesizing module 'mb_lab7_1_axi_uartlite_0_0' (0#1) [D:/School/UIUC_ECE385_SP25/Final_Project/Final_Project.runs/synth_1/.Xil/Vivado-270580-Server/realtime/mb_lab7_1_axi_uartlite_0_0_stub.v:5]
INFO: [Synth 8-6157] synthesizing module 'mb_lab7_1_hdmi_text_controller_0_0' [D:/School/UIUC_ECE385_SP25/Final_Project/Final_Project.runs/synth_1/.Xil/Vivado-270580-Server/realtime/mb_lab7_1_hdmi_text_controller_0_0_stub.v:5]
INFO: [Synth 8-6155] done synthesizing module 'mb_lab7_1_hdmi_text_controller_0_0' (0#1) [D:/School/UIUC_ECE385_SP25/Final_Project/Final_Project.runs/synth_1/.Xil/Vivado-270580-Server/realtime/mb_lab7_1_hdmi_text_controller_0_0_stub.v:5]
INFO: [Synth 8-6157] synthesizing module 'mb_lab7_1_mdm_1_0' [D:/School/UIUC_ECE385_SP25/Final_Project/Final_Project.runs/synth_1/.Xil/Vivado-270580-Server/realtime/mb_lab7_1_mdm_1_0_stub.v:5]
INFO: [Synth 8-6155] done synthesizing module 'mb_lab7_1_mdm_1_0' (0#1) [D:/School/UIUC_ECE385_SP25/Final_Project/Final_Project.runs/synth_1/.Xil/Vivado-270580-Server/realtime/mb_lab7_1_mdm_1_0_stub.v:5]
INFO: [Synth 8-6157] synthesizing module 'mb_lab7_1_microblaze_0_0' [D:/School/UIUC_ECE385_SP25/Final_Project/Final_Project.runs/synth_1/.Xil/Vivado-270580-Server/realtime/mb_lab7_1_microblaze_0_0_stub.v:5]
INFO: [Synth 8-6155] done synthesizing module 'mb_lab7_1_microblaze_0_0' (0#1) [D:/School/UIUC_ECE385_SP25/Final_Project/Final_Project.runs/synth_1/.Xil/Vivado-270580-Server/realtime/mb_lab7_1_microblaze_0_0_stub.v:5]
INFO: [Synth 8-6157] synthesizing module 'mb_lab7_1_microblaze_0_axi_intc_0' [D:/School/UIUC_ECE385_SP25/Final_Project/Final_Project.runs/synth_1/.Xil/Vivado-270580-Server/realtime/mb_lab7_1_microblaze_0_axi_intc_0_stub.v:5]
INFO: [Synth 8-6155] done synthesizing module 'mb_lab7_1_microblaze_0_axi_intc_0' (0#1) [D:/School/UIUC_ECE385_SP25/Final_Project/Final_Project.runs/synth_1/.Xil/Vivado-270580-Server/realtime/mb_lab7_1_microblaze_0_axi_intc_0_stub.v:5]
INFO: [Synth 8-6157] synthesizing module 'mb_lab7_1_microblaze_0_axi_periph_0' [d:/School/UIUC_ECE385_SP25/Final_Project/Final_Project.gen/sources_1/bd/mb_lab7_1/synth/mb_lab7_1.v:1235]
INFO: [Synth 8-6157] synthesizing module 'm00_couplers_imp_SQ0BUR' [d:/School/UIUC_ECE385_SP25/Final_Project/Final_Project.gen/sources_1/bd/mb_lab7_1/synth/mb_lab7_1.v:12]
INFO: [Synth 8-6155] done synthesizing module 'm00_couplers_imp_SQ0BUR' (0#1) [d:/School/UIUC_ECE385_SP25/Final_Project/Final_Project.gen/sources_1/bd/mb_lab7_1/synth/mb_lab7_1.v:12]
INFO: [Synth 8-6157] synthesizing module 'm01_couplers_imp_1CXZUJF' [d:/School/UIUC_ECE385_SP25/Final_Project/Final_Project.gen/sources_1/bd/mb_lab7_1/synth/mb_lab7_1.v:144]
INFO: [Synth 8-6155] done synthesizing module 'm01_couplers_imp_1CXZUJF' (0#1) [d:/School/UIUC_ECE385_SP25/Final_Project/Final_Project.gen/sources_1/bd/mb_lab7_1/synth/mb_lab7_1.v:144]
INFO: [Synth 8-6157] synthesizing module 'm02_couplers_imp_5BOF02' [d:/School/UIUC_ECE385_SP25/Final_Project/Final_Project.gen/sources_1/bd/mb_lab7_1/synth/mb_lab7_1.v:276]
INFO: [Synth 8-6155] done synthesizing module 'm02_couplers_imp_5BOF02' (0#1) [d:/School/UIUC_ECE385_SP25/Final_Project/Final_Project.gen/sources_1/bd/mb_lab7_1/synth/mb_lab7_1.v:276]
INFO: [Synth 8-6157] synthesizing module 'm03_couplers_imp_1ILZEEI' [d:/School/UIUC_ECE385_SP25/Final_Project/Final_Project.gen/sources_1/bd/mb_lab7_1/synth/mb_lab7_1.v:422]
INFO: [Synth 8-6155] done synthesizing module 'm03_couplers_imp_1ILZEEI' (0#1) [d:/School/UIUC_ECE385_SP25/Final_Project/Final_Project.gen/sources_1/bd/mb_lab7_1/synth/mb_lab7_1.v:422]
INFO: [Synth 8-6157] synthesizing module 'm04_couplers_imp_13NMM01' [d:/School/UIUC_ECE385_SP25/Final_Project/Final_Project.gen/sources_1/bd/mb_lab7_1/synth/mb_lab7_1.v:554]
INFO: [Synth 8-6155] done synthesizing module 'm04_couplers_imp_13NMM01' (0#1) [d:/School/UIUC_ECE385_SP25/Final_Project/Final_Project.gen/sources_1/bd/mb_lab7_1/synth/mb_lab7_1.v:554]
INFO: [Synth 8-6157] synthesizing module 's00_couplers_imp_1YXZ42N' [d:/School/UIUC_ECE385_SP25/Final_Project/Final_Project.gen/sources_1/bd/mb_lab7_1/synth/mb_lab7_1.v:2321]
INFO: [Synth 8-6155] done synthesizing module 's00_couplers_imp_1YXZ42N' (0#1) [d:/School/UIUC_ECE385_SP25/Final_Project/Final_Project.gen/sources_1/bd/mb_lab7_1/synth/mb_lab7_1.v:2321]
INFO: [Synth 8-6157] synthesizing module 'mb_lab7_1_xbar_0' [D:/School/UIUC_ECE385_SP25/Final_Project/Final_Project.runs/synth_1/.Xil/Vivado-270580-Server/realtime/mb_lab7_1_xbar_0_stub.v:5]
INFO: [Synth 8-6155] done synthesizing module 'mb_lab7_1_xbar_0' (0#1) [D:/School/UIUC_ECE385_SP25/Final_Project/Final_Project.runs/synth_1/.Xil/Vivado-270580-Server/realtime/mb_lab7_1_xbar_0_stub.v:5]
WARNING: [Synth 8-689] width (9) of port connection 'm_axi_arprot' does not match port width (15) of module 'mb_lab7_1_xbar_0' [d:/School/UIUC_ECE385_SP25/Final_Project/Final_Project.gen/sources_1/bd/mb_lab7_1/synth/mb_lab7_1.v:2048]
WARNING: [Synth 8-689] width (9) of port connection 'm_axi_awprot' does not match port width (15) of module 'mb_lab7_1_xbar_0' [d:/School/UIUC_ECE385_SP25/Final_Project/Final_Project.gen/sources_1/bd/mb_lab7_1/synth/mb_lab7_1.v:2052]
INFO: [Synth 8-6155] done synthesizing module 'mb_lab7_1_microblaze_0_axi_periph_0' (0#1) [d:/School/UIUC_ECE385_SP25/Final_Project/Final_Project.gen/sources_1/bd/mb_lab7_1/synth/mb_lab7_1.v:1235]
INFO: [Synth 8-6157] synthesizing module 'microblaze_0_local_memory_imp_6CMKOB' [d:/School/UIUC_ECE385_SP25/Final_Project/Final_Project.gen/sources_1/bd/mb_lab7_1/synth/mb_lab7_1.v:2087]
INFO: [Synth 8-6157] synthesizing module 'mb_lab7_1_dlmb_bram_if_cntlr_0' [D:/School/UIUC_ECE385_SP25/Final_Project/Final_Project.runs/synth_1/.Xil/Vivado-270580-Server/realtime/mb_lab7_1_dlmb_bram_if_cntlr_0_stub.v:5]
INFO: [Synth 8-6155] done synthesizing module 'mb_lab7_1_dlmb_bram_if_cntlr_0' (0#1) [D:/School/UIUC_ECE385_SP25/Final_Project/Final_Project.runs/synth_1/.Xil/Vivado-270580-Server/realtime/mb_lab7_1_dlmb_bram_if_cntlr_0_stub.v:5]
INFO: [Synth 8-6157] synthesizing module 'mb_lab7_1_dlmb_v10_0' [D:/School/UIUC_ECE385_SP25/Final_Project/Final_Project.runs/synth_1/.Xil/Vivado-270580-Server/realtime/mb_lab7_1_dlmb_v10_0_stub.v:5]
INFO: [Synth 8-6155] done synthesizing module 'mb_lab7_1_dlmb_v10_0' (0#1) [D:/School/UIUC_ECE385_SP25/Final_Project/Final_Project.runs/synth_1/.Xil/Vivado-270580-Server/realtime/mb_lab7_1_dlmb_v10_0_stub.v:5]
WARNING: [Synth 8-7071] port 'LMB_Rst' of module 'mb_lab7_1_dlmb_v10_0' is unconnected for instance 'dlmb_v10' [d:/School/UIUC_ECE385_SP25/Final_Project/Final_Project.gen/sources_1/bd/mb_lab7_1/synth/mb_lab7_1.v:2233]
WARNING: [Synth 8-7023] instance 'dlmb_v10' of module 'mb_lab7_1_dlmb_v10_0' has 25 connections declared, but only 24 given [d:/School/UIUC_ECE385_SP25/Final_Project/Final_Project.gen/sources_1/bd/mb_lab7_1/synth/mb_lab7_1.v:2233]
INFO: [Synth 8-6157] synthesizing module 'mb_lab7_1_ilmb_bram_if_cntlr_0' [D:/School/UIUC_ECE385_SP25/Final_Project/Final_Project.runs/synth_1/.Xil/Vivado-270580-Server/realtime/mb_lab7_1_ilmb_bram_if_cntlr_0_stub.v:5]
INFO: [Synth 8-6155] done synthesizing module 'mb_lab7_1_ilmb_bram_if_cntlr_0' (0#1) [D:/School/UIUC_ECE385_SP25/Final_Project/Final_Project.runs/synth_1/.Xil/Vivado-270580-Server/realtime/mb_lab7_1_ilmb_bram_if_cntlr_0_stub.v:5]
INFO: [Synth 8-6157] synthesizing module 'mb_lab7_1_ilmb_v10_0' [D:/School/UIUC_ECE385_SP25/Final_Project/Final_Project.runs/synth_1/.Xil/Vivado-270580-Server/realtime/mb_lab7_1_ilmb_v10_0_stub.v:5]
INFO: [Synth 8-6155] done synthesizing module 'mb_lab7_1_ilmb_v10_0' (0#1) [D:/School/UIUC_ECE385_SP25/Final_Project/Final_Project.runs/synth_1/.Xil/Vivado-270580-Server/realtime/mb_lab7_1_ilmb_v10_0_stub.v:5]
WARNING: [Synth 8-7071] port 'LMB_Rst' of module 'mb_lab7_1_ilmb_v10_0' is unconnected for instance 'ilmb_v10' [d:/School/UIUC_ECE385_SP25/Final_Project/Final_Project.gen/sources_1/bd/mb_lab7_1/synth/mb_lab7_1.v:2279]
WARNING: [Synth 8-7023] instance 'ilmb_v10' of module 'mb_lab7_1_ilmb_v10_0' has 25 connections declared, but only 24 given [d:/School/UIUC_ECE385_SP25/Final_Project/Final_Project.gen/sources_1/bd/mb_lab7_1/synth/mb_lab7_1.v:2279]
INFO: [Synth 8-6157] synthesizing module 'mb_lab7_1_lmb_bram_0' [D:/School/UIUC_ECE385_SP25/Final_Project/Final_Project.runs/synth_1/.Xil/Vivado-270580-Server/realtime/mb_lab7_1_lmb_bram_0_stub.v:5]
INFO: [Synth 8-6155] done synthesizing module 'mb_lab7_1_lmb_bram_0' (0#1) [D:/School/UIUC_ECE385_SP25/Final_Project/Final_Project.runs/synth_1/.Xil/Vivado-270580-Server/realtime/mb_lab7_1_lmb_bram_0_stub.v:5]
WARNING: [Synth 8-7071] port 'rsta_busy' of module 'mb_lab7_1_lmb_bram_0' is unconnected for instance 'lmb_bram' [d:/School/UIUC_ECE385_SP25/Final_Project/Final_Project.gen/sources_1/bd/mb_lab7_1/synth/mb_lab7_1.v:2304]
WARNING: [Synth 8-7071] port 'rstb_busy' of module 'mb_lab7_1_lmb_bram_0' is unconnected for instance 'lmb_bram' [d:/School/UIUC_ECE385_SP25/Final_Project/Final_Project.gen/sources_1/bd/mb_lab7_1/synth/mb_lab7_1.v:2304]
WARNING: [Synth 8-7023] instance 'lmb_bram' of module 'mb_lab7_1_lmb_bram_0' has 16 connections declared, but only 14 given [d:/School/UIUC_ECE385_SP25/Final_Project/Final_Project.gen/sources_1/bd/mb_lab7_1/synth/mb_lab7_1.v:2304]
INFO: [Synth 8-6155] done synthesizing module 'microblaze_0_local_memory_imp_6CMKOB' (0#1) [d:/School/UIUC_ECE385_SP25/Final_Project/Final_Project.gen/sources_1/bd/mb_lab7_1/synth/mb_lab7_1.v:2087]
INFO: [Synth 8-6157] synthesizing module 'mb_lab7_1_rst_clk_wiz_1_100M_0' [D:/School/UIUC_ECE385_SP25/Final_Project/Final_Project.runs/synth_1/.Xil/Vivado-270580-Server/realtime/mb_lab7_1_rst_clk_wiz_1_100M_0_stub.v:5]
INFO: [Synth 8-6155] done synthesizing module 'mb_lab7_1_rst_clk_wiz_1_100M_0' (0#1) [D:/School/UIUC_ECE385_SP25/Final_Project/Final_Project.runs/synth_1/.Xil/Vivado-270580-Server/realtime/mb_lab7_1_rst_clk_wiz_1_100M_0_stub.v:5]
WARNING: [Synth 8-7071] port 'peripheral_reset' of module 'mb_lab7_1_rst_clk_wiz_1_100M_0' is unconnected for instance 'rst_clk_wiz_1_100M' [d:/School/UIUC_ECE385_SP25/Final_Project/Final_Project.gen/sources_1/bd/mb_lab7_1/synth/mb_lab7_1.v:1166]
WARNING: [Synth 8-7071] port 'interconnect_aresetn' of module 'mb_lab7_1_rst_clk_wiz_1_100M_0' is unconnected for instance 'rst_clk_wiz_1_100M' [d:/School/UIUC_ECE385_SP25/Final_Project/Final_Project.gen/sources_1/bd/mb_lab7_1/synth/mb_lab7_1.v:1166]
WARNING: [Synth 8-7023] instance 'rst_clk_wiz_1_100M' of module 'mb_lab7_1_rst_clk_wiz_1_100M_0' has 10 connections declared, but only 8 given [d:/School/UIUC_ECE385_SP25/Final_Project/Final_Project.gen/sources_1/bd/mb_lab7_1/synth/mb_lab7_1.v:1166]
INFO: [Synth 8-6157] synthesizing module 'mb_lab7_1_axi_quad_spi_0_0' [D:/School/UIUC_ECE385_SP25/Final_Project/Final_Project.runs/synth_1/.Xil/Vivado-270580-Server/realtime/mb_lab7_1_axi_quad_spi_0_0_stub.v:5]
INFO: [Synth 8-6155] done synthesizing module 'mb_lab7_1_axi_quad_spi_0_0' (0#1) [D:/School/UIUC_ECE385_SP25/Final_Project/Final_Project.runs/synth_1/.Xil/Vivado-270580-Server/realtime/mb_lab7_1_axi_quad_spi_0_0_stub.v:5]
WARNING: [Synth 8-7071] port 'io0_t' of module 'mb_lab7_1_axi_quad_spi_0_0' is unconnected for instance 'spi_usb' [d:/School/UIUC_ECE385_SP25/Final_Project/Final_Project.gen/sources_1/bd/mb_lab7_1/synth/mb_lab7_1.v:1175]
WARNING: [Synth 8-7071] port 'io1_o' of module 'mb_lab7_1_axi_quad_spi_0_0' is unconnected for instance 'spi_usb' [d:/School/UIUC_ECE385_SP25/Final_Project/Final_Project.gen/sources_1/bd/mb_lab7_1/synth/mb_lab7_1.v:1175]
WARNING: [Synth 8-7071] port 'io1_t' of module 'mb_lab7_1_axi_quad_spi_0_0' is unconnected for instance 'spi_usb' [d:/School/UIUC_ECE385_SP25/Final_Project/Final_Project.gen/sources_1/bd/mb_lab7_1/synth/mb_lab7_1.v:1175]
WARNING: [Synth 8-7071] port 'sck_t' of module 'mb_lab7_1_axi_quad_spi_0_0' is unconnected for instance 'spi_usb' [d:/School/UIUC_ECE385_SP25/Final_Project/Final_Project.gen/sources_1/bd/mb_lab7_1/synth/mb_lab7_1.v:1175]
WARNING: [Synth 8-7071] port 'ss_t' of module 'mb_lab7_1_axi_quad_spi_0_0' is unconnected for instance 'spi_usb' [d:/School/UIUC_ECE385_SP25/Final_Project/Final_Project.gen/sources_1/bd/mb_lab7_1/synth/mb_lab7_1.v:1175]
WARNING: [Synth 8-7023] instance 'spi_usb' of module 'mb_lab7_1_axi_quad_spi_0_0' has 33 connections declared, but only 28 given [d:/School/UIUC_ECE385_SP25/Final_Project/Final_Project.gen/sources_1/bd/mb_lab7_1/synth/mb_lab7_1.v:1175]
INFO: [Synth 8-6157] synthesizing module 'mb_lab7_1_axi_timer_0_0' [D:/School/UIUC_ECE385_SP25/Final_Project/Final_Project.runs/synth_1/.Xil/Vivado-270580-Server/realtime/mb_lab7_1_axi_timer_0_0_stub.v:5]
INFO: [Synth 8-6155] done synthesizing module 'mb_lab7_1_axi_timer_0_0' (0#1) [D:/School/UIUC_ECE385_SP25/Final_Project/Final_Project.runs/synth_1/.Xil/Vivado-270580-Server/realtime/mb_lab7_1_axi_timer_0_0_stub.v:5]
WARNING: [Synth 8-7071] port 'generateout0' of module 'mb_lab7_1_axi_timer_0_0' is unconnected for instance 'timer_usb_axi' [d:/School/UIUC_ECE385_SP25/Final_Project/Final_Project.gen/sources_1/bd/mb_lab7_1/synth/mb_lab7_1.v:1204]
WARNING: [Synth 8-7071] port 'generateout1' of module 'mb_lab7_1_axi_timer_0_0' is unconnected for instance 'timer_usb_axi' [d:/School/UIUC_ECE385_SP25/Final_Project/Final_Project.gen/sources_1/bd/mb_lab7_1/synth/mb_lab7_1.v:1204]
WARNING: [Synth 8-7071] port 'pwm0' of module 'mb_lab7_1_axi_timer_0_0' is unconnected for instance 'timer_usb_axi' [d:/School/UIUC_ECE385_SP25/Final_Project/Final_Project.gen/sources_1/bd/mb_lab7_1/synth/mb_lab7_1.v:1204]
WARNING: [Synth 8-7023] instance 'timer_usb_axi' of module 'mb_lab7_1_axi_timer_0_0' has 26 connections declared, but only 23 given [d:/School/UIUC_ECE385_SP25/Final_Project/Final_Project.gen/sources_1/bd/mb_lab7_1/synth/mb_lab7_1.v:1204]
INFO: [Synth 8-6157] synthesizing module 'mb_lab7_1_xlconcat_0_0' [d:/School/UIUC_ECE385_SP25/Final_Project/Final_Project.gen/sources_1/bd/mb_lab7_1/ip/mb_lab7_1_xlconcat_0_0/synth/mb_lab7_1_xlconcat_0_0.v:53]
INFO: [Synth 8-6157] synthesizing module 'xlconcat_v2_1_4_xlconcat' [d:/School/UIUC_ECE385_SP25/Final_Project/Final_Project.gen/sources_1/bd/mb_lab7_1/ipshared/4b67/hdl/xlconcat_v2_1_vl_rfs.v:14]
INFO: [Synth 8-6155] done synthesizing module 'xlconcat_v2_1_4_xlconcat' (0#1) [d:/School/UIUC_ECE385_SP25/Final_Project/Final_Project.gen/sources_1/bd/mb_lab7_1/ipshared/4b67/hdl/xlconcat_v2_1_vl_rfs.v:14]
INFO: [Synth 8-6155] done synthesizing module 'mb_lab7_1_xlconcat_0_0' (0#1) [d:/School/UIUC_ECE385_SP25/Final_Project/Final_Project.gen/sources_1/bd/mb_lab7_1/ip/mb_lab7_1_xlconcat_0_0/synth/mb_lab7_1_xlconcat_0_0.v:53]
INFO: [Synth 8-6155] done synthesizing module 'mb_lab7_1' (0#1) [d:/School/UIUC_ECE385_SP25/Final_Project/Final_Project.gen/sources_1/bd/mb_lab7_1/synth/mb_lab7_1.v:686]
INFO: [Synth 8-6157] synthesizing module 'alu' [D:/School/UIUC_ECE385_SP25/Final_Project/Final_Project.srcs/sources_1/imports/385Final.srcs/sources_1/new/rasterizer.sv:1]
INFO: [Synth 8-6155] done synthesizing module 'alu' (0#1) [D:/School/UIUC_ECE385_SP25/Final_Project/Final_Project.srcs/sources_1/imports/385Final.srcs/sources_1/new/rasterizer.sv:1]
INFO: [Synth 8-6157] synthesizing module 'addr_controller' [D:/School/UIUC_ECE385_SP25/Final_Project/Final_Project.srcs/sources_1/imports/385Final.srcs/sources_1/new/addr_controller.sv:23]
INFO: [Synth 8-6155] done synthesizing module 'addr_controller' (0#1) [D:/School/UIUC_ECE385_SP25/Final_Project/Final_Project.srcs/sources_1/imports/385Final.srcs/sources_1/new/addr_controller.sv:23]
INFO: [Synth 8-6157] synthesizing module 'texture_rom_1' [D:/School/UIUC_ECE385_SP25/Final_Project/Final_Project.srcs/sources_1/imports/385Final.srcs/sources_1/new/texture_rom.sv:20]
INFO: [Synth 8-6155] done synthesizing module 'texture_rom_1' (0#1) [D:/School/UIUC_ECE385_SP25/Final_Project/Final_Project.srcs/sources_1/imports/385Final.srcs/sources_1/new/texture_rom.sv:20]
INFO: [Synth 8-6157] synthesizing module 'z_delay' [D:/School/UIUC_ECE385_SP25/Final_Project/Final_Project.srcs/sources_1/imports/385Final.srcs/sources_1/new/rasterizer.sv:129]
INFO: [Synth 8-6155] done synthesizing module 'z_delay' (0#1) [D:/School/UIUC_ECE385_SP25/Final_Project/Final_Project.srcs/sources_1/imports/385Final.srcs/sources_1/new/rasterizer.sv:129]
INFO: [Synth 8-6157] synthesizing module 'z_compare_unit' [D:/School/UIUC_ECE385_SP25/Final_Project/Final_Project.srcs/sources_1/imports/385Final.srcs/sources_1/new/rasterizer.sv:111]
INFO: [Synth 8-6155] done synthesizing module 'z_compare_unit' (0#1) [D:/School/UIUC_ECE385_SP25/Final_Project/Final_Project.srcs/sources_1/imports/385Final.srcs/sources_1/new/rasterizer.sv:111]
INFO: [Synth 8-6157] synthesizing module 'blk_mem_gen_1' [D:/School/UIUC_ECE385_SP25/Final_Project/Final_Project.runs/synth_1/.Xil/Vivado-270580-Server/realtime/blk_mem_gen_1_stub.v:5]
INFO: [Synth 8-6155] done synthesizing module 'blk_mem_gen_1' (0#1) [D:/School/UIUC_ECE385_SP25/Final_Project/Final_Project.runs/synth_1/.Xil/Vivado-270580-Server/realtime/blk_mem_gen_1_stub.v:5]
INFO: [Synth 8-6157] synthesizing module 'blk_mem_gen_0' [D:/School/UIUC_ECE385_SP25/Final_Project/Final_Project.runs/synth_1/.Xil/Vivado-270580-Server/realtime/blk_mem_gen_0_stub.v:5]
INFO: [Synth 8-6155] done synthesizing module 'blk_mem_gen_0' (0#1) [D:/School/UIUC_ECE385_SP25/Final_Project/Final_Project.runs/synth_1/.Xil/Vivado-270580-Server/realtime/blk_mem_gen_0_stub.v:5]
WARNING: [Synth 8-7071] port 'douta' of module 'blk_mem_gen_0' is unconnected for instance 'framebuffer' [D:/School/UIUC_ECE385_SP25/Final_Project/Final_Project.srcs/sources_1/imports/385Final.srcs/sources_1/new/gpu_top.sv:228]
WARNING: [Synth 8-7023] instance 'framebuffer' of module 'blk_mem_gen_0' has 10 connections declared, but only 9 given [D:/School/UIUC_ECE385_SP25/Final_Project/Final_Project.srcs/sources_1/imports/385Final.srcs/sources_1/new/gpu_top.sv:228]
INFO: [Synth 8-6157] synthesizing module 'palette_rom' [D:/School/UIUC_ECE385_SP25/Final_Project/Final_Project.srcs/sources_1/imports/385Final.srcs/sources_1/new/palette.sv:1]
INFO: [Synth 8-6155] done synthesizing module 'palette_rom' (0#1) [D:/School/UIUC_ECE385_SP25/Final_Project/Final_Project.srcs/sources_1/imports/385Final.srcs/sources_1/new/palette.sv:1]
INFO: [Synth 8-6157] synthesizing module 'vga_controller' [D:/School/UIUC_ECE385_SP25/Final_Project/Final_Project.srcs/sources_1/imports/385Final.srcs/sources_1/imports/design_source/VGA_controller.sv:26]
INFO: [Synth 8-6155] done synthesizing module 'vga_controller' (0#1) [D:/School/UIUC_ECE385_SP25/Final_Project/Final_Project.srcs/sources_1/imports/385Final.srcs/sources_1/imports/design_source/VGA_controller.sv:26]
WARNING: [Synth 8-7071] port 'sync' of module 'vga_controller' is unconnected for instance 'vga' [D:/School/UIUC_ECE385_SP25/Final_Project/Final_Project.srcs/sources_1/imports/385Final.srcs/sources_1/new/gpu_top.sv:250]
WARNING: [Synth 8-7023] instance 'vga' of module 'vga_controller' has 8 connections declared, but only 7 given [D:/School/UIUC_ECE385_SP25/Final_Project/Final_Project.srcs/sources_1/imports/385Final.srcs/sources_1/new/gpu_top.sv:250]
INFO: [Synth 8-6157] synthesizing module 'hdmi_tx_0' [D:/School/UIUC_ECE385_SP25/Final_Project/Final_Project.runs/synth_1/.Xil/Vivado-270580-Server/realtime/hdmi_tx_0_stub.v:5]
INFO: [Synth 8-6155] done synthesizing module 'hdmi_tx_0' (0#1) [D:/School/UIUC_ECE385_SP25/Final_Project/Final_Project.runs/synth_1/.Xil/Vivado-270580-Server/realtime/hdmi_tx_0_stub.v:5]
INFO: [Synth 8-6157] synthesizing module 'hex_driver' [D:/School/UIUC_ECE385_SP25/Final_Project/Final_Project.srcs/sources_1/imports/srcs/hex_driver.sv:1]
INFO: [Synth 8-6157] synthesizing module 'nibble_to_hex' [D:/School/UIUC_ECE385_SP25/Final_Project/Final_Project.srcs/sources_1/imports/srcs/hex_driver.sv:11]
INFO: [Synth 8-6155] done synthesizing module 'nibble_to_hex' (0#1) [D:/School/UIUC_ECE385_SP25/Final_Project/Final_Project.srcs/sources_1/imports/srcs/hex_driver.sv:11]
INFO: [Synth 8-6157] synthesizing module 'nibble_to_hex' [D:/School/UIUC_ECE385_SP25/Final_Project/Final_Project.srcs/sources_1/imports/srcs/hex_driver.sv:11]
INFO: [Synth 8-6155] done synthesizing module 'nibble_to_hex' (0#1) [D:/School/UIUC_ECE385_SP25/Final_Project/Final_Project.srcs/sources_1/imports/srcs/hex_driver.sv:11]
INFO: [Synth 8-6157] synthesizing module 'nibble_to_hex' [D:/School/UIUC_ECE385_SP25/Final_Project/Final_Project.srcs/sources_1/imports/srcs/hex_driver.sv:11]
INFO: [Synth 8-6155] done synthesizing module 'nibble_to_hex' (0#1) [D:/School/UIUC_ECE385_SP25/Final_Project/Final_Project.srcs/sources_1/imports/srcs/hex_driver.sv:11]
INFO: [Synth 8-6157] synthesizing module 'nibble_to_hex' [D:/School/UIUC_ECE385_SP25/Final_Project/Final_Project.srcs/sources_1/imports/srcs/hex_driver.sv:11]
INFO: [Synth 8-6155] done synthesizing module 'nibble_to_hex' (0#1) [D:/School/UIUC_ECE385_SP25/Final_Project/Final_Project.srcs/sources_1/imports/srcs/hex_driver.sv:11]
INFO: [Synth 8-6155] done synthesizing module 'hex_driver' (0#1) [D:/School/UIUC_ECE385_SP25/Final_Project/Final_Project.srcs/sources_1/imports/srcs/hex_driver.sv:1]
INFO: [Synth 8-6155] done synthesizing module 'gpu_top' (0#1) [D:/School/UIUC_ECE385_SP25/Final_Project/Final_Project.srcs/sources_1/imports/385Final.srcs/sources_1/new/gpu_top.sv:23]
WARNING: [Synth 8-3917] design gpu_top has port led[15] driven by constant 0
WARNING: [Synth 8-3917] design gpu_top has port led[14] driven by constant 0
WARNING: [Synth 8-3917] design gpu_top has port led[13] driven by constant 0
WARNING: [Synth 8-3917] design gpu_top has port led[12] driven by constant 0
WARNING: [Synth 8-3917] design gpu_top has port led[11] driven by constant 0
WARNING: [Synth 8-3917] design gpu_top has port led[10] driven by constant 0
WARNING: [Synth 8-3917] design gpu_top has port led[9] driven by constant 0
WARNING: [Synth 8-3917] design gpu_top has port led[8] driven by constant 0
WARNING: [Synth 8-3917] design gpu_top has port led[7] driven by constant 0
WARNING: [Synth 8-3917] design gpu_top has port led[6] driven by constant 0
WARNING: [Synth 8-7129] Port addr_valid in module addr_controller is either unconnected or has no load
WARNING: [Synth 8-7129] Port line_data[63] in module alu is either unconnected or has no load
WARNING: [Synth 8-7129] Port line_data[62] in module alu is either unconnected or has no load
WARNING: [Synth 8-7129] Port line_data[61] in module alu is either unconnected or has no load
WARNING: [Synth 8-7129] Port line_data[60] in module alu is either unconnected or has no load
WARNING: [Synth 8-7129] Port In3[0] in module xlconcat_v2_1_4_xlconcat is either unconnected or has no load
WARNING: [Synth 8-7129] Port In4[0] in module xlconcat_v2_1_4_xlconcat is either unconnected or has no load
WARNING: [Synth 8-7129] Port In5[0] in module xlconcat_v2_1_4_xlconcat is either unconnected or has no load
WARNING: [Synth 8-7129] Port In6[0] in module xlconcat_v2_1_4_xlconcat is either unconnected or has no load
WARNING: [Synth 8-7129] Port In7[0] in module xlconcat_v2_1_4_xlconcat is either unconnected or has no load
WARNING: [Synth 8-7129] Port In8[0] in module xlconcat_v2_1_4_xlconcat is either unconnected or has no load
WARNING: [Synth 8-7129] Port In9[0] in module xlconcat_v2_1_4_xlconcat is either unconnected or has no load
WARNING: [Synth 8-7129] Port In10[0] in module xlconcat_v2_1_4_xlconcat is either unconnected or has no load
WARNING: [Synth 8-7129] Port In11[0] in module xlconcat_v2_1_4_xlconcat is either unconnected or has no load
WARNING: [Synth 8-7129] Port In12[0] in module xlconcat_v2_1_4_xlconcat is either unconnected or has no load
WARNING: [Synth 8-7129] Port In13[0] in module xlconcat_v2_1_4_xlconcat is either unconnected or has no load
WARNING: [Synth 8-7129] Port In14[0] in module xlconcat_v2_1_4_xlconcat is either unconnected or has no load
WARNING: [Synth 8-7129] Port In15[0] in module xlconcat_v2_1_4_xlconcat is either unconnected or has no load
WARNING: [Synth 8-7129] Port In16[0] in module xlconcat_v2_1_4_xlconcat is either unconnected or has no load
WARNING: [Synth 8-7129] Port In17[0] in module xlconcat_v2_1_4_xlconcat is either unconnected or has no load
WARNING: [Synth 8-7129] Port In18[0] in module xlconcat_v2_1_4_xlconcat is either unconnected or has no load
WARNING: [Synth 8-7129] Port In19[0] in module xlconcat_v2_1_4_xlconcat is either unconnected or has no load
WARNING: [Synth 8-7129] Port In20[0] in module xlconcat_v2_1_4_xlconcat is either unconnected or has no load
WARNING: [Synth 8-7129] Port In21[0] in module xlconcat_v2_1_4_xlconcat is either unconnected or has no load
WARNING: [Synth 8-7129] Port In22[0] in module xlconcat_v2_1_4_xlconcat is either unconnected or has no load
WARNING: [Synth 8-7129] Port In23[0] in module xlconcat_v2_1_4_xlconcat is either unconnected or has no load
WARNING: [Synth 8-7129] Port In24[0] in module xlconcat_v2_1_4_xlconcat is either unconnected or has no load
WARNING: [Synth 8-7129] Port In25[0] in module xlconcat_v2_1_4_xlconcat is either unconnected or has no load
WARNING: [Synth 8-7129] Port In26[0] in module xlconcat_v2_1_4_xlconcat is either unconnected or has no load
WARNING: [Synth 8-7129] Port In27[0] in module xlconcat_v2_1_4_xlconcat is either unconnected or has no load
WARNING: [Synth 8-7129] Port In28[0] in module xlconcat_v2_1_4_xlconcat is either unconnected or has no load
WARNING: [Synth 8-7129] Port In29[0] in module xlconcat_v2_1_4_xlconcat is either unconnected or has no load
WARNING: [Synth 8-7129] Port In30[0] in module xlconcat_v2_1_4_xlconcat is either unconnected or has no load
WARNING: [Synth 8-7129] Port In31[0] in module xlconcat_v2_1_4_xlconcat is either unconnected or has no load
WARNING: [Synth 8-7129] Port In32[0] in module xlconcat_v2_1_4_xlconcat is either unconnected or has no load
WARNING: [Synth 8-7129] Port In33[0] in module xlconcat_v2_1_4_xlconcat is either unconnected or has no load
WARNING: [Synth 8-7129] Port In34[0] in module xlconcat_v2_1_4_xlconcat is either unconnected or has no load
WARNING: [Synth 8-7129] Port In35[0] in module xlconcat_v2_1_4_xlconcat is either unconnected or has no load
WARNING: [Synth 8-7129] Port In36[0] in module xlconcat_v2_1_4_xlconcat is either unconnected or has no load
WARNING: [Synth 8-7129] Port In37[0] in module xlconcat_v2_1_4_xlconcat is either unconnected or has no load
WARNING: [Synth 8-7129] Port In38[0] in module xlconcat_v2_1_4_xlconcat is either unconnected or has no load
WARNING: [Synth 8-7129] Port In39[0] in module xlconcat_v2_1_4_xlconcat is either unconnected or has no load
WARNING: [Synth 8-7129] Port In40[0] in module xlconcat_v2_1_4_xlconcat is either unconnected or has no load
WARNING: [Synth 8-7129] Port In41[0] in module xlconcat_v2_1_4_xlconcat is either unconnected or has no load
WARNING: [Synth 8-7129] Port In42[0] in module xlconcat_v2_1_4_xlconcat is either unconnected or has no load
WARNING: [Synth 8-7129] Port In43[0] in module xlconcat_v2_1_4_xlconcat is either unconnected or has no load
WARNING: [Synth 8-7129] Port In44[0] in module xlconcat_v2_1_4_xlconcat is either unconnected or has no load
WARNING: [Synth 8-7129] Port In45[0] in module xlconcat_v2_1_4_xlconcat is either unconnected or has no load
WARNING: [Synth 8-7129] Port In46[0] in module xlconcat_v2_1_4_xlconcat is either unconnected or has no load
WARNING: [Synth 8-7129] Port In47[0] in module xlconcat_v2_1_4_xlconcat is either unconnected or has no load
WARNING: [Synth 8-7129] Port In48[0] in module xlconcat_v2_1_4_xlconcat is either unconnected or has no load
WARNING: [Synth 8-7129] Port In49[0] in module xlconcat_v2_1_4_xlconcat is either unconnected or has no load
WARNING: [Synth 8-7129] Port In50[0] in module xlconcat_v2_1_4_xlconcat is either unconnected or has no load
WARNING: [Synth 8-7129] Port In51[0] in module xlconcat_v2_1_4_xlconcat is either unconnected or has no load
WARNING: [Synth 8-7129] Port In52[0] in module xlconcat_v2_1_4_xlconcat is either unconnected or has no load
WARNING: [Synth 8-7129] Port In53[0] in module xlconcat_v2_1_4_xlconcat is either unconnected or has no load
WARNING: [Synth 8-7129] Port In54[0] in module xlconcat_v2_1_4_xlconcat is either unconnected or has no load
WARNING: [Synth 8-7129] Port In55[0] in module xlconcat_v2_1_4_xlconcat is either unconnected or has no load
WARNING: [Synth 8-7129] Port In56[0] in module xlconcat_v2_1_4_xlconcat is either unconnected or has no load
WARNING: [Synth 8-7129] Port In57[0] in module xlconcat_v2_1_4_xlconcat is either unconnected or has no load
WARNING: [Synth 8-7129] Port In58[0] in module xlconcat_v2_1_4_xlconcat is either unconnected or has no load
WARNING: [Synth 8-7129] Port In59[0] in module xlconcat_v2_1_4_xlconcat is either unconnected or has no load
WARNING: [Synth 8-7129] Port In60[0] in module xlconcat_v2_1_4_xlconcat is either unconnected or has no load
WARNING: [Synth 8-7129] Port In61[0] in module xlconcat_v2_1_4_xlconcat is either unconnected or has no load
WARNING: [Synth 8-7129] Port In62[0] in module xlconcat_v2_1_4_xlconcat is either unconnected or has no load
WARNING: [Synth 8-7129] Port In63[0] in module xlconcat_v2_1_4_xlconcat is either unconnected or has no load
WARNING: [Synth 8-7129] Port In64[0] in module xlconcat_v2_1_4_xlconcat is either unconnected or has no load
WARNING: [Synth 8-7129] Port In65[0] in module xlconcat_v2_1_4_xlconcat is either unconnected or has no load
WARNING: [Synth 8-7129] Port In66[0] in module xlconcat_v2_1_4_xlconcat is either unconnected or has no load
WARNING: [Synth 8-7129] Port In67[0] in module xlconcat_v2_1_4_xlconcat is either unconnected or has no load
WARNING: [Synth 8-7129] Port In68[0] in module xlconcat_v2_1_4_xlconcat is either unconnected or has no load
WARNING: [Synth 8-7129] Port In69[0] in module xlconcat_v2_1_4_xlconcat is either unconnected or has no load
WARNING: [Synth 8-7129] Port In70[0] in module xlconcat_v2_1_4_xlconcat is either unconnected or has no load
WARNING: [Synth 8-7129] Port In71[0] in module xlconcat_v2_1_4_xlconcat is either unconnected or has no load
WARNING: [Synth 8-7129] Port In72[0] in module xlconcat_v2_1_4_xlconcat is either unconnected or has no load
WARNING: [Synth 8-7129] Port In73[0] in module xlconcat_v2_1_4_xlconcat is either unconnected or has no load
WARNING: [Synth 8-7129] Port In74[0] in module xlconcat_v2_1_4_xlconcat is either unconnected or has no load
WARNING: [Synth 8-7129] Port In75[0] in module xlconcat_v2_1_4_xlconcat is either unconnected or has no load
WARNING: [Synth 8-7129] Port In76[0] in module xlconcat_v2_1_4_xlconcat is either unconnected or has no load
WARNING: [Synth 8-7129] Port In77[0] in module xlconcat_v2_1_4_xlconcat is either unconnected or has no load
WARNING: [Synth 8-7129] Port In78[0] in module xlconcat_v2_1_4_xlconcat is either unconnected or has no load
WARNING: [Synth 8-7129] Port In79[0] in module xlconcat_v2_1_4_xlconcat is either unconnected or has no load
WARNING: [Synth 8-7129] Port In80[0] in module xlconcat_v2_1_4_xlconcat is either unconnected or has no load
WARNING: [Synth 8-7129] Port In81[0] in module xlconcat_v2_1_4_xlconcat is either unconnected or has no load
WARNING: [Synth 8-7129] Port In82[0] in module xlconcat_v2_1_4_xlconcat is either unconnected or has no load
WARNING: [Synth 8-7129] Port In83[0] in module xlconcat_v2_1_4_xlconcat is either unconnected or has no load
WARNING: [Synth 8-7129] Port In84[0] in module xlconcat_v2_1_4_xlconcat is either unconnected or has no load
WARNING: [Synth 8-7129] Port In85[0] in module xlconcat_v2_1_4_xlconcat is either unconnected or has no load
WARNING: [Synth 8-7129] Port In86[0] in module xlconcat_v2_1_4_xlconcat is either unconnected or has no load
WARNING: [Synth 8-7129] Port In87[0] in module xlconcat_v2_1_4_xlconcat is either unconnected or has no load
WARNING: [Synth 8-7129] Port In88[0] in module xlconcat_v2_1_4_xlconcat is either unconnected or has no load
WARNING: [Synth 8-7129] Port In89[0] in module xlconcat_v2_1_4_xlconcat is either unconnected or has no load
WARNING: [Synth 8-7129] Port In90[0] in module xlconcat_v2_1_4_xlconcat is either unconnected or has no load
WARNING: [Synth 8-7129] Port In91[0] in module xlconcat_v2_1_4_xlconcat is either unconnected or has no load
WARNING: [Synth 8-7129] Port In92[0] in module xlconcat_v2_1_4_xlconcat is either unconnected or has no load
WARNING: [Synth 8-7129] Port In93[0] in module xlconcat_v2_1_4_xlconcat is either unconnected or has no load
WARNING: [Synth 8-7129] Port In94[0] in module xlconcat_v2_1_4_xlconcat is either unconnected or has no load
WARNING: [Synth 8-7129] Port In95[0] in module xlconcat_v2_1_4_xlconcat is either unconnected or has no load
WARNING: [Synth 8-7129] Port In96[0] in module xlconcat_v2_1_4_xlconcat is either unconnected or has no load
WARNING: [Synth 8-7129] Port In97[0] in module xlconcat_v2_1_4_xlconcat is either unconnected or has no load
INFO: [Common 17-14] Message 'Synth 8-7129' appears 100 times and further instances of the messages will be disabled. Use the Tcl command set_msg_config to change the current settings.
---------------------------------------------------------------------------------
Finished RTL Elaboration : Time (s): cpu = 00:00:06 ; elapsed = 00:00:06 . Memory (MB): peak = 1324.766 ; gain = 513.727
---------------------------------------------------------------------------------
---------------------------------------------------------------------------------
Start Handling Custom Attributes
---------------------------------------------------------------------------------
---------------------------------------------------------------------------------
Finished Handling Custom Attributes : Time (s): cpu = 00:00:06 ; elapsed = 00:00:06 . Memory (MB): peak = 1324.766 ; gain = 513.727
---------------------------------------------------------------------------------
---------------------------------------------------------------------------------
Finished RTL Optimization Phase 1 : Time (s): cpu = 00:00:06 ; elapsed = 00:00:06 . Memory (MB): peak = 1324.766 ; gain = 513.727
---------------------------------------------------------------------------------
Netlist sorting complete. Time (s): cpu = 00:00:00 ; elapsed = 00:00:00.040 . Memory (MB): peak = 1324.766 ; gain = 0.000
INFO: [Project 1-570] Preparing netlist for logic optimization

Processing XDC Constraints
Initializing timing engine
Parsing XDC File [d:/School/UIUC_ECE385_SP25/Final_Project/Final_Project.gen/sources_1/bd/mb_lab7_1/ip/mb_lab7_1_microblaze_0_0/mb_lab7_1_microblaze_0_0/mb_lab7_1_microblaze_0_0_in_context.xdc] for cell 'mb_lab7_1_i/microblaze_0'
Finished Parsing XDC File [d:/School/UIUC_ECE385_SP25/Final_Project/Final_Project.gen/sources_1/bd/mb_lab7_1/ip/mb_lab7_1_microblaze_0_0/mb_lab7_1_microblaze_0_0/mb_lab7_1_microblaze_0_0_in_context.xdc] for cell 'mb_lab7_1_i/microblaze_0'
Parsing XDC File [d:/School/UIUC_ECE385_SP25/Final_Project/Final_Project.gen/sources_1/bd/mb_lab7_1/ip/mb_lab7_1_dlmb_v10_0/mb_lab7_1_dlmb_v10_0/mb_lab7_1_dlmb_v10_0_in_context.xdc] for cell 'mb_lab7_1_i/microblaze_0_local_memory/dlmb_v10'
Finished Parsing XDC File [d:/School/UIUC_ECE385_SP25/Final_Project/Final_Project.gen/sources_1/bd/mb_lab7_1/ip/mb_lab7_1_dlmb_v10_0/mb_lab7_1_dlmb_v10_0/mb_lab7_1_dlmb_v10_0_in_context.xdc] for cell 'mb_lab7_1_i/microblaze_0_local_memory/dlmb_v10'
Parsing XDC File [d:/School/UIUC_ECE385_SP25/Final_Project/Final_Project.gen/sources_1/bd/mb_lab7_1/ip/mb_lab7_1_ilmb_v10_0/mb_lab7_1_ilmb_v10_0/mb_lab7_1_dlmb_v10_0_in_context.xdc] for cell 'mb_lab7_1_i/microblaze_0_local_memory/ilmb_v10'
Finished Parsing XDC File [d:/School/UIUC_ECE385_SP25/Final_Project/Final_Project.gen/sources_1/bd/mb_lab7_1/ip/mb_lab7_1_ilmb_v10_0/mb_lab7_1_ilmb_v10_0/mb_lab7_1_dlmb_v10_0_in_context.xdc] for cell 'mb_lab7_1_i/microblaze_0_local_memory/ilmb_v10'
Parsing XDC File [d:/School/UIUC_ECE385_SP25/Final_Project/Final_Project.gen/sources_1/bd/mb_lab7_1/ip/mb_lab7_1_dlmb_bram_if_cntlr_0/mb_lab7_1_dlmb_bram_if_cntlr_0/mb_lab7_1_dlmb_bram_if_cntlr_0_in_context.xdc] for cell 'mb_lab7_1_i/microblaze_0_local_memory/dlmb_bram_if_cntlr'
Finished Parsing XDC File [d:/School/UIUC_ECE385_SP25/Final_Project/Final_Project.gen/sources_1/bd/mb_lab7_1/ip/mb_lab7_1_dlmb_bram_if_cntlr_0/mb_lab7_1_dlmb_bram_if_cntlr_0/mb_lab7_1_dlmb_bram_if_cntlr_0_in_context.xdc] for cell 'mb_lab7_1_i/microblaze_0_local_memory/dlmb_bram_if_cntlr'
Parsing XDC File [d:/School/UIUC_ECE385_SP25/Final_Project/Final_Project.gen/sources_1/bd/mb_lab7_1/ip/mb_lab7_1_ilmb_bram_if_cntlr_0/mb_lab7_1_ilmb_bram_if_cntlr_0/mb_lab7_1_ilmb_bram_if_cntlr_0_in_context.xdc] for cell 'mb_lab7_1_i/microblaze_0_local_memory/ilmb_bram_if_cntlr'
Finished Parsing XDC File [d:/School/UIUC_ECE385_SP25/Final_Project/Final_Project.gen/sources_1/bd/mb_lab7_1/ip/mb_lab7_1_ilmb_bram_if_cntlr_0/mb_lab7_1_ilmb_bram_if_cntlr_0/mb_lab7_1_ilmb_bram_if_cntlr_0_in_context.xdc] for cell 'mb_lab7_1_i/microblaze_0_local_memory/ilmb_bram_if_cntlr'
Parsing XDC File [d:/School/UIUC_ECE385_SP25/Final_Project/Final_Project.gen/sources_1/bd/mb_lab7_1/ip/mb_lab7_1_lmb_bram_0/mb_lab7_1_lmb_bram_0/mb_lab7_1_lmb_bram_0_in_context.xdc] for cell 'mb_lab7_1_i/microblaze_0_local_memory/lmb_bram'
Finished Parsing XDC File [d:/School/UIUC_ECE385_SP25/Final_Project/Final_Project.gen/sources_1/bd/mb_lab7_1/ip/mb_lab7_1_lmb_bram_0/mb_lab7_1_lmb_bram_0/mb_lab7_1_lmb_bram_0_in_context.xdc] for cell 'mb_lab7_1_i/microblaze_0_local_memory/lmb_bram'
Parsing XDC File [d:/School/UIUC_ECE385_SP25/Final_Project/Final_Project.gen/sources_1/bd/mb_lab7_1/ip/mb_lab7_1_xbar_0/mb_lab7_1_xbar_0/mb_lab7_1_xbar_0_in_context.xdc] for cell 'mb_lab7_1_i/microblaze_0_axi_periph/xbar'
Finished Parsing XDC File [d:/School/UIUC_ECE385_SP25/Final_Project/Final_Project.gen/sources_1/bd/mb_lab7_1/ip/mb_lab7_1_xbar_0/mb_lab7_1_xbar_0/mb_lab7_1_xbar_0_in_context.xdc] for cell 'mb_lab7_1_i/microblaze_0_axi_periph/xbar'
Parsing XDC File [d:/School/UIUC_ECE385_SP25/Final_Project/Final_Project.gen/sources_1/bd/mb_lab7_1/ip/mb_lab7_1_microblaze_0_axi_intc_0/mb_lab7_1_microblaze_0_axi_intc_0/mb_lab7_1_microblaze_0_axi_intc_0_in_context.xdc] for cell 'mb_lab7_1_i/microblaze_0_axi_intc'
Finished Parsing XDC File [d:/School/UIUC_ECE385_SP25/Final_Project/Final_Project.gen/sources_1/bd/mb_lab7_1/ip/mb_lab7_1_microblaze_0_axi_intc_0/mb_lab7_1_microblaze_0_axi_intc_0/mb_lab7_1_microblaze_0_axi_intc_0_in_context.xdc] for cell 'mb_lab7_1_i/microblaze_0_axi_intc'
Parsing XDC File [d:/School/UIUC_ECE385_SP25/Final_Project/Final_Project.gen/sources_1/bd/mb_lab7_1/ip/mb_lab7_1_mdm_1_0/mb_lab7_1_mdm_1_0/mb_lab7_1_mdm_1_0_in_context.xdc] for cell 'mb_lab7_1_i/mdm_1'
Finished Parsing XDC File [d:/School/UIUC_ECE385_SP25/Final_Project/Final_Project.gen/sources_1/bd/mb_lab7_1/ip/mb_lab7_1_mdm_1_0/mb_lab7_1_mdm_1_0/mb_lab7_1_mdm_1_0_in_context.xdc] for cell 'mb_lab7_1_i/mdm_1'
Parsing XDC File [d:/School/UIUC_ECE385_SP25/Final_Project/Final_Project.gen/sources_1/bd/mb_lab7_1/ip/mb_lab7_1_rst_clk_wiz_1_100M_0/mb_lab7_1_rst_clk_wiz_1_100M_0/mb_lab7_1_rst_clk_wiz_1_100M_0_in_context.xdc] for cell 'mb_lab7_1_i/rst_clk_wiz_1_100M'
Finished Parsing XDC File [d:/School/UIUC_ECE385_SP25/Final_Project/Final_Project.gen/sources_1/bd/mb_lab7_1/ip/mb_lab7_1_rst_clk_wiz_1_100M_0/mb_lab7_1_rst_clk_wiz_1_100M_0/mb_lab7_1_rst_clk_wiz_1_100M_0_in_context.xdc] for cell 'mb_lab7_1_i/rst_clk_wiz_1_100M'
Parsing XDC File [d:/School/UIUC_ECE385_SP25/Final_Project/Final_Project.gen/sources_1/bd/mb_lab7_1/ip/mb_lab7_1_axi_uartlite_0_0/mb_lab7_1_axi_uartlite_0_0/mb_lab7_1_axi_uartlite_0_0_in_context.xdc] for cell 'mb_lab7_1_i/axi_uartlite_0'
Finished Parsing XDC File [d:/School/UIUC_ECE385_SP25/Final_Project/Final_Project.gen/sources_1/bd/mb_lab7_1/ip/mb_lab7_1_axi_uartlite_0_0/mb_lab7_1_axi_uartlite_0_0/mb_lab7_1_axi_uartlite_0_0_in_context.xdc] for cell 'mb_lab7_1_i/axi_uartlite_0'
Parsing XDC File [d:/School/UIUC_ECE385_SP25/Final_Project/Final_Project.gen/sources_1/bd/mb_lab7_1/ip/mb_lab7_1_axi_quad_spi_0_0/mb_lab7_1_axi_quad_spi_0_0/mb_lab7_1_axi_quad_spi_0_0_in_context.xdc] for cell 'mb_lab7_1_i/spi_usb'
Finished Parsing XDC File [d:/School/UIUC_ECE385_SP25/Final_Project/Final_Project.gen/sources_1/bd/mb_lab7_1/ip/mb_lab7_1_axi_quad_spi_0_0/mb_lab7_1_axi_quad_spi_0_0/mb_lab7_1_axi_quad_spi_0_0_in_context.xdc] for cell 'mb_lab7_1_i/spi_usb'
Parsing XDC File [d:/School/UIUC_ECE385_SP25/Final_Project/Final_Project.gen/sources_1/bd/mb_lab7_1/ip/mb_lab7_1_axi_timer_0_0/mb_lab7_1_axi_timer_0_0/mb_lab7_1_axi_timer_0_0_in_context.xdc] for cell 'mb_lab7_1_i/timer_usb_axi'
Finished Parsing XDC File [d:/School/UIUC_ECE385_SP25/Final_Project/Final_Project.gen/sources_1/bd/mb_lab7_1/ip/mb_lab7_1_axi_timer_0_0/mb_lab7_1_axi_timer_0_0/mb_lab7_1_axi_timer_0_0_in_context.xdc] for cell 'mb_lab7_1_i/timer_usb_axi'
Parsing XDC File [d:/School/UIUC_ECE385_SP25/Final_Project/Final_Project.gen/sources_1/bd/mb_lab7_1/ip/mb_lab7_1_hdmi_text_controller_0_0/mb_lab7_1_hdmi_text_controller_0_0/mb_lab7_1_hdmi_text_controller_0_0_in_context.xdc] for cell 'mb_lab7_1_i/hdmi_text_controller_0'
Finished Parsing XDC File [d:/School/UIUC_ECE385_SP25/Final_Project/Final_Project.gen/sources_1/bd/mb_lab7_1/ip/mb_lab7_1_hdmi_text_controller_0_0/mb_lab7_1_hdmi_text_controller_0_0/mb_lab7_1_hdmi_text_controller_0_0_in_context.xdc] for cell 'mb_lab7_1_i/hdmi_text_controller_0'
Parsing XDC File [d:/School/UIUC_ECE385_SP25/Final_Project/Final_Project.gen/sources_1/ip/hdmi_tx_0/hdmi_tx_0/hdmi_tx_0_in_context.xdc] for cell 'vga_to_hdmi'
Finished Parsing XDC File [d:/School/UIUC_ECE385_SP25/Final_Project/Final_Project.gen/sources_1/ip/hdmi_tx_0/hdmi_tx_0/hdmi_tx_0_in_context.xdc] for cell 'vga_to_hdmi'
Parsing XDC File [d:/School/UIUC_ECE385_SP25/Final_Project/Final_Project.gen/sources_1/ip/blk_mem_gen_0/blk_mem_gen_0/blk_mem_gen_0_in_context.xdc] for cell 'framebuffer'
Finished Parsing XDC File [d:/School/UIUC_ECE385_SP25/Final_Project/Final_Project.gen/sources_1/ip/blk_mem_gen_0/blk_mem_gen_0/blk_mem_gen_0_in_context.xdc] for cell 'framebuffer'
Parsing XDC File [d:/School/UIUC_ECE385_SP25/Final_Project/Final_Project.gen/sources_1/ip/clk_wiz_0/clk_wiz_0/clk_wiz_0_in_context.xdc] for cell 'clk_wiz'
Finished Parsing XDC File [d:/School/UIUC_ECE385_SP25/Final_Project/Final_Project.gen/sources_1/ip/clk_wiz_0/clk_wiz_0/clk_wiz_0_in_context.xdc] for cell 'clk_wiz'
Parsing XDC File [d:/School/UIUC_ECE385_SP25/Final_Project/Final_Project.gen/sources_1/ip/blk_mem_gen_1/blk_mem_gen_1/blk_mem_gen_1_in_context.xdc] for cell 'zbuffer'
Finished Parsing XDC File [d:/School/UIUC_ECE385_SP25/Final_Project/Final_Project.gen/sources_1/ip/blk_mem_gen_1/blk_mem_gen_1/blk_mem_gen_1_in_context.xdc] for cell 'zbuffer'
Parsing XDC File [D:/School/UIUC_ECE385_SP25/Final_Project/Final_Project.srcs/constrs_1/imports/pin_assignment/mb_usb_hdmi_top.xdc]
CRITICAL WARNING: [Constraints 18-1056] Clock 'clk_100' completely overrides clock 'clk'.
New: create_clock -period 10.000 -name clk_100 -waveform {0.000 5.000} [get_ports clk], [D:/School/UIUC_ECE385_SP25/Final_Project/Final_Project.srcs/constrs_1/imports/pin_assignment/mb_usb_hdmi_top.xdc:2]
Previous: create_clock -period 10.000 [get_ports clk], [d:/School/UIUC_ECE385_SP25/Final_Project/Final_Project.gen/sources_1/ip/clk_wiz_0/clk_wiz_0/clk_wiz_0_in_context.xdc:1]
Resolution: Review the constraint files and remove the redundant clock definition(s). If the clock constraints are not saved in a file, you can first save the constraints to an XDC file and reload the design once the constraints have been corrected.
Finished Parsing XDC File [D:/School/UIUC_ECE385_SP25/Final_Project/Final_Project.srcs/constrs_1/imports/pin_assignment/mb_usb_hdmi_top.xdc]
INFO: [Project 1-236] Implementation specific constraints were found while reading constraint file [D:/School/UIUC_ECE385_SP25/Final_Project/Final_Project.srcs/constrs_1/imports/pin_assignment/mb_usb_hdmi_top.xdc]. These constraints will be ignored for synthesis but will be used in implementation. Impacted constraints are listed in the file [.Xil/gpu_top_propImpl.xdc].
Resolution: To avoid this warning, move constraints listed in [.Xil/gpu_top_propImpl.xdc] to another XDC file and exclude this new file from synthesis with the used_in_synthesis property (File Properties dialog in GUI) and re-run elaboration/synthesis.
Parsing XDC File [D:/School/UIUC_ECE385_SP25/Final_Project/Final_Project.runs/synth_1/dont_touch.xdc]
Finished Parsing XDC File [D:/School/UIUC_ECE385_SP25/Final_Project/Final_Project.runs/synth_1/dont_touch.xdc]
Completed Processing XDC Constraints

Netlist sorting complete. Time (s): cpu = 00:00:00 ; elapsed = 00:00:00 . Memory (MB): peak = 1421.574 ; gain = 0.000
INFO: [Project 1-111] Unisim Transformation Summary:
No Unisim elements were transformed.

Constraint Validation Runtime : Time (s): cpu = 00:00:00 ; elapsed = 00:00:00.008 . Memory (MB): peak = 1421.574 ; gain = 0.000
WARNING: [Timing 38-316] Clock period '20.000' specified during out-of-context synthesis of instance 'framebuffer' at clock pin 'clka' is different from the actual clock period '7.000', this can lead to different synthesis results.
WARNING: [Timing 38-316] Clock period '20.000' specified during out-of-context synthesis of instance 'zbuffer' at clock pin 'clka' is different from the actual clock period '7.000', this can lead to different synthesis results.
WARNING: [Timing 38-316] Clock period '20.000' specified during out-of-context synthesis of instance 'mb_lab7_1_i/spi_usb' at clock pin 'ext_spi_clk' is different from the actual clock period '10.000', this can lead to different synthesis results.
WARNING: [Timing 38-316] Clock period '20.000' specified during out-of-context synthesis of instance 'mb_lab7_1_i/microblaze_0_local_memory/lmb_bram' at clock pin 'clka' is different from the actual clock period '10.000', this can lead to different synthesis results.
INFO: [Designutils 20-5440] No compile time benefit to using incremental synthesis; A full resynthesis will be run
INFO: [Designutils 20-4379] Flow is switching to default flow due to incremental criteria not met. If you would like to alter this behaviour and have the flow terminate instead, please set the following parameter config_implementation {autoIncr.Synth.RejectBehavior Terminate}
INFO: [Synth 8-11241] undeclared symbol 'REGCCE', assumed default net type 'wire' [C:/Xilinx/Vivado/2022.2/data/verilog/src/unimacro/BRAM_SINGLE_MACRO.v:2170]
---------------------------------------------------------------------------------
Finished Constraint Validation : Time (s): cpu = 00:00:12 ; elapsed = 00:00:12 . Memory (MB): peak = 1421.574 ; gain = 610.535
---------------------------------------------------------------------------------
---------------------------------------------------------------------------------
Start Loading Part and Timing Information
---------------------------------------------------------------------------------
Loading part: xc7s50csga324-1
---------------------------------------------------------------------------------
Finished Loading Part and Timing Information : Time (s): cpu = 00:00:12 ; elapsed = 00:00:12 . Memory (MB): peak = 1421.574 ; gain = 610.535
---------------------------------------------------------------------------------
---------------------------------------------------------------------------------
Start Applying 'set_property' XDC Constraints
---------------------------------------------------------------------------------
Applied set_property IO_BUFFER_TYPE = NONE for hdmi_clk_n. (constraint file  d:/School/UIUC_ECE385_SP25/Final_Project/Final_Project.gen/sources_1/ip/hdmi_tx_0/hdmi_tx_0/hdmi_tx_0_in_context.xdc, line 1).
Applied set_property CLOCK_BUFFER_TYPE = NONE for hdmi_clk_n. (constraint file  d:/School/UIUC_ECE385_SP25/Final_Project/Final_Project.gen/sources_1/ip/hdmi_tx_0/hdmi_tx_0/hdmi_tx_0_in_context.xdc, line 2).
Applied set_property IO_BUFFER_TYPE = NONE for hdmi_clk_p. (constraint file  d:/School/UIUC_ECE385_SP25/Final_Project/Final_Project.gen/sources_1/ip/hdmi_tx_0/hdmi_tx_0/hdmi_tx_0_in_context.xdc, line 3).
Applied set_property CLOCK_BUFFER_TYPE = NONE for hdmi_clk_p. (constraint file  d:/School/UIUC_ECE385_SP25/Final_Project/Final_Project.gen/sources_1/ip/hdmi_tx_0/hdmi_tx_0/hdmi_tx_0_in_context.xdc, line 4).
Applied set_property IO_BUFFER_TYPE = NONE for hdmi_tx_n[0]. (constraint file  d:/School/UIUC_ECE385_SP25/Final_Project/Final_Project.gen/sources_1/ip/hdmi_tx_0/hdmi_tx_0/hdmi_tx_0_in_context.xdc, line 5).
Applied set_property CLOCK_BUFFER_TYPE = NONE for hdmi_tx_n[0]. (constraint file  d:/School/UIUC_ECE385_SP25/Final_Project/Final_Project.gen/sources_1/ip/hdmi_tx_0/hdmi_tx_0/hdmi_tx_0_in_context.xdc, line 6).
Applied set_property IO_BUFFER_TYPE = NONE for hdmi_tx_n[1]. (constraint file  d:/School/UIUC_ECE385_SP25/Final_Project/Final_Project.gen/sources_1/ip/hdmi_tx_0/hdmi_tx_0/hdmi_tx_0_in_context.xdc, line 7).
Applied set_property CLOCK_BUFFER_TYPE = NONE for hdmi_tx_n[1]. (constraint file  d:/School/UIUC_ECE385_SP25/Final_Project/Final_Project.gen/sources_1/ip/hdmi_tx_0/hdmi_tx_0/hdmi_tx_0_in_context.xdc, line 8).
Applied set_property IO_BUFFER_TYPE = NONE for hdmi_tx_n[2]. (constraint file  d:/School/UIUC_ECE385_SP25/Final_Project/Final_Project.gen/sources_1/ip/hdmi_tx_0/hdmi_tx_0/hdmi_tx_0_in_context.xdc, line 9).
Applied set_property CLOCK_BUFFER_TYPE = NONE for hdmi_tx_n[2]. (constraint file  d:/School/UIUC_ECE385_SP25/Final_Project/Final_Project.gen/sources_1/ip/hdmi_tx_0/hdmi_tx_0/hdmi_tx_0_in_context.xdc, line 10).
Applied set_property IO_BUFFER_TYPE = NONE for hdmi_tx_p[0]. (constraint file  d:/School/UIUC_ECE385_SP25/Final_Project/Final_Project.gen/sources_1/ip/hdmi_tx_0/hdmi_tx_0/hdmi_tx_0_in_context.xdc, line 11).
Applied set_property CLOCK_BUFFER_TYPE = NONE for hdmi_tx_p[0]. (constraint file  d:/School/UIUC_ECE385_SP25/Final_Project/Final_Project.gen/sources_1/ip/hdmi_tx_0/hdmi_tx_0/hdmi_tx_0_in_context.xdc, line 12).
Applied set_property IO_BUFFER_TYPE = NONE for hdmi_tx_p[1]. (constraint file  d:/School/UIUC_ECE385_SP25/Final_Project/Final_Project.gen/sources_1/ip/hdmi_tx_0/hdmi_tx_0/hdmi_tx_0_in_context.xdc, line 13).
Applied set_property CLOCK_BUFFER_TYPE = NONE for hdmi_tx_p[1]. (constraint file  d:/School/UIUC_ECE385_SP25/Final_Project/Final_Project.gen/sources_1/ip/hdmi_tx_0/hdmi_tx_0/hdmi_tx_0_in_context.xdc, line 14).
Applied set_property IO_BUFFER_TYPE = NONE for hdmi_tx_p[2]. (constraint file  d:/School/UIUC_ECE385_SP25/Final_Project/Final_Project.gen/sources_1/ip/hdmi_tx_0/hdmi_tx_0/hdmi_tx_0_in_context.xdc, line 15).
Applied set_property CLOCK_BUFFER_TYPE = NONE for hdmi_tx_p[2]. (constraint file  d:/School/UIUC_ECE385_SP25/Final_Project/Final_Project.gen/sources_1/ip/hdmi_tx_0/hdmi_tx_0/hdmi_tx_0_in_context.xdc, line 16).
Applied set_property IO_BUFFER_TYPE = NONE for clk. (constraint file  d:/School/UIUC_ECE385_SP25/Final_Project/Final_Project.gen/sources_1/ip/clk_wiz_0/clk_wiz_0/clk_wiz_0_in_context.xdc, line 6).
Applied set_property CLOCK_BUFFER_TYPE = NONE for clk. (constraint file  d:/School/UIUC_ECE385_SP25/Final_Project/Final_Project.gen/sources_1/ip/clk_wiz_0/clk_wiz_0/clk_wiz_0_in_context.xdc, line 7).
Applied set_property KEEP_HIERARCHY = SOFT for mb_lab7_1_i. (constraint file  auto generated constraint).
Applied set_property KEEP_HIERARCHY = SOFT for mb_lab7_1_i/microblaze_0. (constraint file  auto generated constraint).
Applied set_property KEEP_HIERARCHY = SOFT for mb_lab7_1_i/microblaze_0_local_memory/dlmb_v10. (constraint file  auto generated constraint).
Applied set_property KEEP_HIERARCHY = SOFT for mb_lab7_1_i/microblaze_0_local_memory/ilmb_v10. (constraint file  auto generated constraint).
Applied set_property KEEP_HIERARCHY = SOFT for mb_lab7_1_i/microblaze_0_local_memory/dlmb_bram_if_cntlr. (constraint file  auto generated constraint).
Applied set_property KEEP_HIERARCHY = SOFT for mb_lab7_1_i/microblaze_0_local_memory/ilmb_bram_if_cntlr. (constraint file  auto generated constraint).
Applied set_property KEEP_HIERARCHY = SOFT for mb_lab7_1_i/microblaze_0_local_memory/lmb_bram. (constraint file  auto generated constraint).
Applied set_property KEEP_HIERARCHY = SOFT for mb_lab7_1_i/microblaze_0_axi_periph/xbar. (constraint file  auto generated constraint).
Applied set_property KEEP_HIERARCHY = SOFT for mb_lab7_1_i/microblaze_0_axi_periph. (constraint file  auto generated constraint).
Applied set_property KEEP_HIERARCHY = SOFT for mb_lab7_1_i/microblaze_0_axi_intc. (constraint file  auto generated constraint).
Applied set_property KEEP_HIERARCHY = SOFT for mb_lab7_1_i/mdm_1. (constraint file  auto generated constraint).
Applied set_property KEEP_HIERARCHY = SOFT for mb_lab7_1_i/rst_clk_wiz_1_100M. (constraint file  auto generated constraint).
Applied set_property KEEP_HIERARCHY = SOFT for mb_lab7_1_i/axi_uartlite_0. (constraint file  auto generated constraint).
Applied set_property KEEP_HIERARCHY = SOFT for mb_lab7_1_i/spi_usb. (constraint file  auto generated constraint).
Applied set_property KEEP_HIERARCHY = SOFT for mb_lab7_1_i/xlconcat_0. (constraint file  auto generated constraint).
Applied set_property KEEP_HIERARCHY = SOFT for mb_lab7_1_i/timer_usb_axi. (constraint file  auto generated constraint).
Applied set_property KEEP_HIERARCHY = SOFT for mb_lab7_1_i/hdmi_text_controller_0. (constraint file  auto generated constraint).
Applied set_property KEEP_HIERARCHY = SOFT for vga_to_hdmi. (constraint file  auto generated constraint).
Applied set_property KEEP_HIERARCHY = SOFT for framebuffer. (constraint file  auto generated constraint).
Applied set_property KEEP_HIERARCHY = SOFT for clk_wiz. (constraint file  auto generated constraint).
Applied set_property KEEP_HIERARCHY = SOFT for zbuffer. (constraint file  auto generated constraint).
---------------------------------------------------------------------------------
Finished applying 'set_property' XDC Constraints : Time (s): cpu = 00:00:12 ; elapsed = 00:00:12 . Memory (MB): peak = 1421.574 ; gain = 610.535
---------------------------------------------------------------------------------
---------------------------------------------------------------------------------
Finished RTL Optimization Phase 2 : Time (s): cpu = 00:00:13 ; elapsed = 00:00:13 . Memory (MB): peak = 1421.574 ; gain = 610.535
---------------------------------------------------------------------------------
INFO: [Synth 8-223] decloning instance 'HexA' (hex_driver) to 'HexB'
---------------------------------------------------------------------------------
Start RTL Component Statistics 
---------------------------------------------------------------------------------
Detailed RTL Component Info : 
+---Adders : 
	   2 Input   18 Bit       Adders := 6     
	   2 Input   11 Bit       Adders := 2     
	   2 Input   10 Bit       Adders := 2     
	   2 Input    9 Bit       Adders := 1     
	   3 Input    9 Bit       Adders := 1     
	   3 Input    8 Bit       Adders := 1     
	   3 Input    6 Bit       Adders := 4     
	   2 Input    5 Bit       Adders := 1     
	   2 Input    3 Bit       Adders := 2     
+---Registers : 
	               18 Bit    Registers := 4     
	               17 Bit    Registers := 3     
	               10 Bit    Registers := 2     
	                9 Bit    Registers := 4     
	                8 Bit    Registers := 1     
	                7 Bit    Registers := 6     
	                5 Bit    Registers := 6     
	                4 Bit    Registers := 3     
	                2 Bit    Registers := 1     
	                1 Bit    Registers := 5     
+---Muxes : 
	  17 Input   24 Bit        Muxes := 1     
	   2 Input   18 Bit        Muxes := 6     
	   2 Input   17 Bit        Muxes := 2     
	   2 Input    9 Bit        Muxes := 2     
	   4 Input    8 Bit        Muxes := 1     
	   2 Input    8 Bit        Muxes := 1     
	   9 Input    4 Bit        Muxes := 1     
	   5 Input    4 Bit        Muxes := 1     
	   2 Input    4 Bit        Muxes := 1     
	   3 Input    2 Bit        Muxes := 1     
	   2 Input    1 Bit        Muxes := 8     
	   4 Input    1 Bit        Muxes := 2     
---------------------------------------------------------------------------------
Finished RTL Component Statistics 
---------------------------------------------------------------------------------
---------------------------------------------------------------------------------
Start Part Resource Summary
---------------------------------------------------------------------------------
Part Resources:
DSPs: 120 (col length:60)
BRAMs: 150 (col length: RAMB18 60 RAMB36 30)
---------------------------------------------------------------------------------
Finished Part Resource Summary
---------------------------------------------------------------------------------
---------------------------------------------------------------------------------
Start Cross Boundary and Area Optimization
---------------------------------------------------------------------------------
WARNING: [Synth 8-7080] Parallel synthesis criteria is not met
WARNING: [Synth 8-3917] design gpu_top has port hex_segA[7] driven by constant 1
WARNING: [Synth 8-3917] design gpu_top has port hex_segB[7] driven by constant 1
WARNING: [Synth 8-3917] design gpu_top has port led[15] driven by constant 0
WARNING: [Synth 8-3917] design gpu_top has port led[14] driven by constant 0
WARNING: [Synth 8-3917] design gpu_top has port led[13] driven by constant 0
WARNING: [Synth 8-3917] design gpu_top has port led[12] driven by constant 0
WARNING: [Synth 8-3917] design gpu_top has port led[11] driven by constant 0
WARNING: [Synth 8-3917] design gpu_top has port led[10] driven by constant 0
WARNING: [Synth 8-3917] design gpu_top has port led[9] driven by constant 0
WARNING: [Synth 8-3917] design gpu_top has port led[8] driven by constant 0
WARNING: [Synth 8-3917] design gpu_top has port led[7] driven by constant 0
WARNING: [Synth 8-3917] design gpu_top has port led[6] driven by constant 0
---------------------------------------------------------------------------------
Finished Cross Boundary and Area Optimization : Time (s): cpu = 00:00:16 ; elapsed = 00:00:16 . Memory (MB): peak = 1421.574 ; gain = 610.535
---------------------------------------------------------------------------------
---------------------------------------------------------------------------------
Start Applying XDC Timing Constraints
---------------------------------------------------------------------------------
---------------------------------------------------------------------------------
Finished Applying XDC Timing Constraints : Time (s): cpu = 00:00:20 ; elapsed = 00:00:20 . Memory (MB): peak = 1421.574 ; gain = 610.535
---------------------------------------------------------------------------------
---------------------------------------------------------------------------------
Start Timing Optimization
---------------------------------------------------------------------------------
---------------------------------------------------------------------------------
Finished Timing Optimization : Time (s): cpu = 00:00:21 ; elapsed = 00:00:21 . Memory (MB): peak = 1421.574 ; gain = 610.535
---------------------------------------------------------------------------------
---------------------------------------------------------------------------------
Start Technology Mapping
---------------------------------------------------------------------------------
---------------------------------------------------------------------------------
Finished Technology Mapping : Time (s): cpu = 00:00:21 ; elapsed = 00:00:21 . Memory (MB): peak = 1421.574 ; gain = 610.535
---------------------------------------------------------------------------------
---------------------------------------------------------------------------------
Start IO Insertion
---------------------------------------------------------------------------------
---------------------------------------------------------------------------------
Start Flattening Before IO Insertion
---------------------------------------------------------------------------------
---------------------------------------------------------------------------------
Finished Flattening Before IO Insertion
---------------------------------------------------------------------------------
---------------------------------------------------------------------------------
Start Final Netlist Cleanup
---------------------------------------------------------------------------------
---------------------------------------------------------------------------------
Finished Final Netlist Cleanup
---------------------------------------------------------------------------------
---------------------------------------------------------------------------------
Finished IO Insertion : Time (s): cpu = 00:00:25 ; elapsed = 00:00:25 . Memory (MB): peak = 1421.574 ; gain = 610.535
---------------------------------------------------------------------------------
---------------------------------------------------------------------------------
Start Renaming Generated Instances
---------------------------------------------------------------------------------
---------------------------------------------------------------------------------
Finished Renaming Generated Instances : Time (s): cpu = 00:00:25 ; elapsed = 00:00:25 . Memory (MB): peak = 1421.574 ; gain = 610.535
---------------------------------------------------------------------------------
---------------------------------------------------------------------------------
Start Rebuilding User Hierarchy
---------------------------------------------------------------------------------
---------------------------------------------------------------------------------
Finished Rebuilding User Hierarchy : Time (s): cpu = 00:00:25 ; elapsed = 00:00:25 . Memory (MB): peak = 1421.574 ; gain = 610.535
---------------------------------------------------------------------------------
---------------------------------------------------------------------------------
Start Renaming Generated Ports
---------------------------------------------------------------------------------
---------------------------------------------------------------------------------
Finished Renaming Generated Ports : Time (s): cpu = 00:00:25 ; elapsed = 00:00:25 . Memory (MB): peak = 1421.574 ; gain = 610.535
---------------------------------------------------------------------------------
---------------------------------------------------------------------------------
Start Handling Custom Attributes
---------------------------------------------------------------------------------
---------------------------------------------------------------------------------
Finished Handling Custom Attributes : Time (s): cpu = 00:00:25 ; elapsed = 00:00:25 . Memory (MB): peak = 1421.574 ; gain = 610.535
---------------------------------------------------------------------------------
---------------------------------------------------------------------------------
Start Renaming Generated Nets
---------------------------------------------------------------------------------
---------------------------------------------------------------------------------
Finished Renaming Generated Nets : Time (s): cpu = 00:00:25 ; elapsed = 00:00:25 . Memory (MB): peak = 1421.574 ; gain = 610.535
---------------------------------------------------------------------------------
---------------------------------------------------------------------------------
Start ROM, RAM, DSP, Shift Register and Retiming Reporting
---------------------------------------------------------------------------------

Static Shift Register Report:
+------------+----------------------------+--------+-------+--------------+--------------------+-------------------+--------+---------+
|Module Name | RTL Name                   | Length | Width | Reset Signal | Pull out first Reg | Pull out last Reg | SRL16E | SRLC32E | 
+------------+----------------------------+--------+-------+--------------+--------------------+-------------------+--------+---------+
|gpu_top     | z_delay/z_val_o_reg[6]     | 3      | 7     | NO           | NO                 | YES               | 7      | 0       | 
|gpu_top     | z_delay/color_idx_o_reg[2] | 3      | 3     | NO           | NO                 | YES               | 3      | 0       | 
|gpu_top     | z_delay/zb_addr_o_reg[16]  | 3      | 7     | NO           | NO                 | YES               | 7      | 0       | 
|gpu_top     | z_delay/fb_addr_o_reg[0]   | 3      | 10    | NO           | NO                 | YES               | 10     | 0       | 
+------------+----------------------------+--------+-------+--------------+--------------------+-------------------+--------+---------+

---------------------------------------------------------------------------------
Finished ROM, RAM, DSP, Shift Register and Retiming Reporting
---------------------------------------------------------------------------------
---------------------------------------------------------------------------------
Start Writing Synthesis Report
---------------------------------------------------------------------------------

Report BlackBoxes: 
+------+-----------------------------------+----------+
|      |BlackBox name                      |Instances |
+------+-----------------------------------+----------+
|1     |mb_lab7_1_xbar_0                   |         1|
|2     |mb_lab7_1_axi_uartlite_0_0         |         1|
|3     |mb_lab7_1_hdmi_text_controller_0_0 |         1|
|4     |mb_lab7_1_mdm_1_0                  |         1|
|5     |mb_lab7_1_microblaze_0_0           |         1|
|6     |mb_lab7_1_microblaze_0_axi_intc_0  |         1|
|7     |mb_lab7_1_rst_clk_wiz_1_100M_0     |         1|
|8     |mb_lab7_1_axi_quad_spi_0_0         |         1|
|9     |mb_lab7_1_axi_timer_0_0            |         1|
|10    |mb_lab7_1_dlmb_bram_if_cntlr_0     |         1|
|11    |mb_lab7_1_dlmb_v10_0               |         1|
|12    |mb_lab7_1_ilmb_bram_if_cntlr_0     |         1|
|13    |mb_lab7_1_ilmb_v10_0               |         1|
|14    |mb_lab7_1_lmb_bram_0               |         1|
|15    |clk_wiz_0                          |         1|
|16    |blk_mem_gen_1                      |         1|
|17    |blk_mem_gen_0                      |         1|
|18    |hdmi_tx_0                          |         1|
+------+-----------------------------------+----------+

Report Cell Usage: 
+------+---------------------------------+------+
|      |Cell                             |Count |
+------+---------------------------------+------+
|1     |blk_mem_gen                      |     2|
|3     |clk_wiz                          |     1|
|4     |hdmi_tx                          |     1|
|5     |mb_lab7_1_axi_quad_spi_0         |     1|
|6     |mb_lab7_1_axi_timer_0            |     1|
|7     |mb_lab7_1_axi_uartlite_0         |     1|
|8     |mb_lab7_1_dlmb_bram_if_cntlr     |     1|
|9     |mb_lab7_1_dlmb_v10               |     1|
|10    |mb_lab7_1_hdmi_text_controller_0 |     1|
|11    |mb_lab7_1_ilmb_bram_if_cntlr     |     1|
|12    |mb_lab7_1_ilmb_v10               |     1|
|13    |mb_lab7_1_lmb_bram               |     1|
|14    |mb_lab7_1_mdm_1                  |     1|
|15    |mb_lab7_1_microblaze_0           |     1|
|16    |mb_lab7_1_microblaze_0_axi_intc  |     1|
|17    |mb_lab7_1_rst_clk_wiz_1_100M     |     1|
|18    |mb_lab7_1_xbar                   |     1|
|19    |CARRY4                           |   291|
|20    |LUT1                             |     4|
|21    |LUT2                             |   442|
|22    |LUT3                             |   452|
|23    |LUT4                             |    59|
|24    |LUT5                             |    64|
|25    |LUT6                             |   208|
|26    |MUXF7                            |     4|
|27    |SRL16E                           |    27|
|28    |FDCE                             |    23|
|29    |FDRE                             |   226|
|30    |IBUF                             |     3|
|31    |OBUF                             |    44|
+------+---------------------------------+------+
---------------------------------------------------------------------------------
Finished Writing Synthesis Report : Time (s): cpu = 00:00:25 ; elapsed = 00:00:25 . Memory (MB): peak = 1421.574 ; gain = 610.535
---------------------------------------------------------------------------------
Synthesis finished with 0 errors, 0 critical warnings and 30 warnings.
Synthesis Optimization Runtime : Time (s): cpu = 00:00:17 ; elapsed = 00:00:23 . Memory (MB): peak = 1421.574 ; gain = 513.727
Synthesis Optimization Complete : Time (s): cpu = 00:00:25 ; elapsed = 00:00:25 . Memory (MB): peak = 1421.574 ; gain = 610.535
INFO: [Project 1-571] Translating synthesized netlist
Netlist sorting complete. Time (s): cpu = 00:00:00 ; elapsed = 00:00:00.035 . Memory (MB): peak = 1421.574 ; gain = 0.000
INFO: [Netlist 29-17] Analyzing 295 Unisim elements for replacement
INFO: [Netlist 29-28] Unisim Transformation completed in 0 CPU seconds
INFO: [Project 1-570] Preparing netlist for logic optimization
INFO: [Opt 31-140] Inserted 1 IBUFs to IO ports without IO buffers.
INFO: [Opt 31-138] Pushed 0 inverter(s) to 0 load pin(s).
Netlist sorting complete. Time (s): cpu = 00:00:00 ; elapsed = 00:00:00.001 . Memory (MB): peak = 1421.574 ; gain = 0.000
INFO: [Project 1-111] Unisim Transformation Summary:
No Unisim elements were transformed.

Synth Design complete, checksum: ee11ac3b
INFO: [Common 17-83] Releasing license: Synthesis
118 Infos, 153 Warnings, 1 Critical Warnings and 0 Errors encountered.
synth_design completed successfully
synth_design: Time (s): cpu = 00:00:28 ; elapsed = 00:00:29 . Memory (MB): peak = 1421.574 ; gain = 990.590
INFO: [runtcl-6] Synthesis results are not added to the cache due to CRITICAL_WARNING
INFO: [Common 17-1381] The checkpoint 'D:/School/UIUC_ECE385_SP25/Final_Project/Final_Project.runs/synth_1/gpu_top.dcp' has been generated.
INFO: [runtcl-4] Executing : report_utilization -file gpu_top_utilization_synth.rpt -pb gpu_top_utilization_synth.pb
INFO: [Common 17-206] Exiting Vivado at Fri May  9 17:03:14 2025...
