INFO: [VRFC 10-2263] Analyzing Verilog file "d:/school/uiuc_ece385_sp25/lab7_2/lab7_2.tmp/hdmi_text_controller_v1_0_project_sim/hdmi_text_controller_v1_0_project_sim.gen/sources_1/ip/hdmi_tx_0/hdl/encode.v" into library xil_defaultlib
INFO: [VRFC 10-311] analyzing module encode
INFO: [VRFC 10-2263] Analyzing Verilog file "d:/school/uiuc_ece385_sp25/lab7_2/lab7_2.tmp/hdmi_text_controller_v1_0_project_sim/hdmi_text_controller_v1_0_project_sim.gen/sources_1/ip/hdmi_tx_0/hdl/serdes_10_to_1.v" into library xil_defaultlib
INFO: [VRFC 10-311] analyzing module serdes_10_to_1
INFO: [VRFC 10-2263] Analyzing Verilog file "d:/school/uiuc_ece385_sp25/lab7_2/lab7_2.tmp/hdmi_text_controller_v1_0_project_sim/hdmi_text_controller_v1_0_project_sim.gen/sources_1/ip/hdmi_tx_0/hdl/srldelay.v" into library xil_defaultlib
INFO: [VRFC 10-311] analyzing module srldelay
INFO: [VRFC 10-2263] Analyzing Verilog file "d:/school/uiuc_ece385_sp25/lab7_2/lab7_2.tmp/hdmi_text_controller_v1_0_project_sim/hdmi_text_controller_v1_0_project_sim.gen/sources_1/ip/hdmi_tx_0/hdl/hdmi_tx_v1_0.v" into library xil_defaultlib
INFO: [VRFC 10-311] analyzing module hdmi_tx_v1_0
INFO: [VRFC 10-2263] Analyzing Verilog file "d:/school/uiuc_ece385_sp25/lab7_2/lab7_2.tmp/hdmi_text_controller_v1_0_project_sim/hdmi_text_controller_v1_0_project_sim.gen/sources_1/ip/hdmi_tx_0/sim/hdmi_tx_0.v" into library xil_defaultlib
INFO: [VRFC 10-311] analyzing module hdmi_tx_0
INFO: [VRFC 10-2263] Analyzing Verilog file "d:/school/uiuc_ece385_sp25/lab7_2/lab7_2.tmp/hdmi_text_controller_v1_0_project_sim/hdmi_text_controller_v1_0_project_sim.gen/sources_1/ip/clk_wiz_0/clk_wiz_0_clk_wiz.v" into library xil_defaultlib
INFO: [VRFC 10-311] analyzing module clk_wiz_0_clk_wiz
INFO: [VRFC 10-2263] Analyzing Verilog file "d:/school/uiuc_ece385_sp25/lab7_2/lab7_2.tmp/hdmi_text_controller_v1_0_project_sim/hdmi_text_controller_v1_0_project_sim.gen/sources_1/ip/clk_wiz_0/clk_wiz_0.v" into library xil_defaultlib
INFO: [VRFC 10-311] analyzing module clk_wiz_0
INFO: [VRFC 10-2263] Analyzing Verilog file "d:/school/uiuc_ece385_sp25/lab7_2/lab7_2.tmp/hdmi_text_controller_v1_0_project_sim/hdmi_text_controller_v1_0_project_sim.gen/sources_1/ip/blk_mem_gen_0/sim/blk_mem_gen_0.v" into library xil_defaultlib
INFO: [VRFC 10-311] analyzing module blk_mem_gen_0
INFO: [VRFC 10-2263] Analyzing SystemVerilog file "d:/school/uiuc_ece385_sp25/ip_repo/hdmi_text_controller_1_0/src/VGA_controller.sv" into library xil_defaultlib
INFO: [VRFC 10-311] analyzing module vga_controller
INFO: [VRFC 10-2263] Analyzing SystemVerilog file "d:/school/uiuc_ece385_sp25/ip_repo/hdmi_text_controller_1_0/src/font_rom.sv" into library xil_defaultlib
INFO: [VRFC 10-311] analyzing module font_rom
INFO: [VRFC 10-2263] Analyzing SystemVerilog file "d:/school/uiuc_ece385_sp25/ip_repo/hdmi_text_controller_1_0/hdl/hdmi_text_controller_v1_0.sv" into library xil_defaultlib
INFO: [VRFC 10-311] analyzing module hdmi_text_controller_v1_0
INFO: [VRFC 10-2263] Analyzing SystemVerilog file "d:/school/uiuc_ece385_sp25/ip_repo/hdmi_text_controller_1_0/hdl/hdmi_text_controller_v1_0_AXI.sv" into library xil_defaultlib
INFO: [VRFC 10-311] analyzing module hdmi_text_controller_v1_0_AXI
INFO: [VRFC 10-2263] Analyzing SystemVerilog file "d:/school/uiuc_ece385_sp25/ip_repo/hdmi_text_controller_1_0/src/hdmi_text_controller_v1_0_tb.sv" into library xil_defaultlib
INFO: [VRFC 10-311] analyzing module hdmi_text_controller_tb
