INFO: [VRFC 10-2263] Analyzing SystemVerilog file "D:/School/UIUC_ECE385_SP25/lab_4/lab_4.srcs/sources_1/new/controlunit.sv" into library xil_defaultlib
INFO: [VRFC 10-311] analyzing module controlunit
INFO: [VRFC 10-2263] Analyzing SystemVerilog file "D:/School/UIUC_ECE385_SP25/lab_4/lab_4.srcs/sources_1/imports/design_source/hex_driver.sv" into library xil_defaultlib
INFO: [VRFC 10-311] analyzing module hex_driver
INFO: [VRFC 10-311] analyzing module nibble_to_hex
INFO: [VRFC 10-2263] Analyzing SystemVerilog file "D:/School/UIUC_ECE385_SP25/lab_4/lab_4.srcs/sources_1/imports/design_source/load_reg.sv" into library xil_defaultlib
INFO: [VRFC 10-311] analyzing module load_reg
INFO: [VRFC 10-2263] Analyzing SystemVerilog file "D:/School/UIUC_ECE385_SP25/lab_4/lab_4.srcs/sources_1/imports/design_source/negedge_detector.sv" into library xil_defaultlib
INFO: [VRFC 10-311] analyzing module negedge_detector
INFO: [VRFC 10-2263] Analyzing SystemVerilog file "D:/School/UIUC_ECE385_SP25/lab_4/lab_4.srcs/sources_1/imports/design_source/ripple_adder.sv" into library xil_defaultlib
INFO: [VRFC 10-311] analyzing module ripple_adder
INFO: [VRFC 10-311] analyzing module full_adder
INFO: [VRFC 10-2263] Analyzing SystemVerilog file "D:/School/UIUC_ECE385_SP25/lab_4/lab_4.srcs/sources_1/new/shift_register.sv" into library xil_defaultlib
INFO: [VRFC 10-311] analyzing module shift_register
INFO: [VRFC 10-2263] Analyzing SystemVerilog file "D:/School/UIUC_ECE385_SP25/lab_4/lab_4.srcs/sources_1/imports/design_source/sync_debounce.sv" into library xil_defaultlib
INFO: [VRFC 10-311] analyzing module sync_debounce
WARNING: [VRFC 10-9336] redeclaration of ANSI port 'q' is not allowed [D:/School/UIUC_ECE385_SP25/lab_4/lab_4.srcs/sources_1/imports/design_source/sync_debounce.sv:20]
INFO: [VRFC 10-2263] Analyzing SystemVerilog file "D:/School/UIUC_ECE385_SP25/lab_4/lab_4.srcs/sources_1/new/multipliertop.sv" into library xil_defaultlib
INFO: [VRFC 10-311] analyzing module multipliertop
INFO: [VRFC 10-2263] Analyzing SystemVerilog file "D:/School/UIUC_ECE385_SP25/lab_4/lab_4.srcs/sim_1/imports/Desktop/testbench_lab4.sv" into library xil_defaultlib
INFO: [VRFC 10-311] analyzing module multipliertop_tb
INFO: [VRFC 10-2263] Analyzing Verilog file "D:/School/UIUC_ECE385_SP25/lab_4/lab_4.sim/sim_1/behav/xsim/glbl.v" into library xil_defaultlib
INFO: [VRFC 10-311] analyzing module glbl
