
*** Running vivado
    with args -log gpu_top.vds -m64 -product Vivado -mode batch -messageDb vivado.pb -notrace -source gpu_top.tcl



****** Vivado v2022.2 (64-bit)
  **** SW Build 3671981 on Fri Oct 14 05:00:03 MDT 2022
  **** IP Build 3669848 on Fri Oct 14 08:30:02 MDT 2022
    ** Copyright 1986-2022 Xilinx, Inc. All Rights Reserved.

source gpu_top.tcl -notrace
INFO: [IP_Flow 19-234] Refreshing IP repositories
INFO: [IP_Flow 19-1700] Loaded user IP repository 'd:/School/UIUC_ECE385_SP25/hdmi_tx_1.0'.
INFO: [IP_Flow 19-2313] Loaded Vivado IP repository 'C:/Xilinx/Vivado/2022.2/data/ip'.
Command: read_checkpoint -auto_incremental -incremental D:/School/UIUC_ECE385_SP25/385Final/385Final.srcs/utils_1/imports/synth_1/gpu_top.dcp
INFO: [Vivado 12-5825] Read reference checkpoint from D:/School/UIUC_ECE385_SP25/385Final/385Final.srcs/utils_1/imports/synth_1/gpu_top.dcp for incremental synthesis
INFO: [Vivado 12-7989] Please ensure there are no constraint changes
Command: synth_design -top gpu_top -part xc7s50csga324-1
Starting synth_design
Attempting to get a license for feature 'Synthesis' and/or device 'xc7s50'
INFO: [Common 17-349] Got license for feature 'Synthesis' and/or device 'xc7s50'
INFO: [Device 21-403] Loading part xc7s50csga324-1
INFO: [Designutils 20-5440] No compile time benefit to using incremental synthesis; A full resynthesis will be run
INFO: [Designutils 20-4379] Flow is switching to default flow due to incremental criteria not met. If you would like to alter this behaviour and have the flow terminate instead, please set the following parameter config_implementation {autoIncr.Synth.RejectBehavior Terminate}
INFO: [Synth 8-7079] Multithreading enabled for synth_design using a maximum of 2 processes.
INFO: [Synth 8-7078] Launching helper process for spawning children vivado processes
INFO: [Synth 8-7075] Helper process launched with PID 204356
INFO: [Synth 8-11241] undeclared symbol 'REGCCE', assumed default net type 'wire' [C:/Xilinx/Vivado/2022.2/data/verilog/src/unimacro/BRAM_SINGLE_MACRO.v:2170]
INFO: [Synth 8-11241] undeclared symbol 'next_pixel', assumed default net type 'wire' [D:/School/UIUC_ECE385_SP25/385Final/385Final.srcs/sources_1/new/gpu_top.sv:121]
INFO: [Synth 8-11241] undeclared symbol 'face_ready', assumed default net type 'wire' [D:/School/UIUC_ECE385_SP25/385Final/385Final.srcs/sources_1/new/gpu_top.sv:155]
---------------------------------------------------------------------------------
Starting RTL Elaboration : Time (s): cpu = 00:00:04 ; elapsed = 00:00:04 . Memory (MB): peak = 1189.293 ; gain = 408.246
---------------------------------------------------------------------------------
INFO: [Synth 8-6157] synthesizing module 'gpu_top' [D:/School/UIUC_ECE385_SP25/385Final/385Final.srcs/sources_1/new/gpu_top.sv:23]
INFO: [Synth 8-6157] synthesizing module 'vertex_controller' [D:/School/UIUC_ECE385_SP25/385Final/385Final.srcs/sources_1/new/rasterizer.sv:72]
INFO: [Synth 8-6155] done synthesizing module 'vertex_controller' (0#1) [D:/School/UIUC_ECE385_SP25/385Final/385Final.srcs/sources_1/new/rasterizer.sv:72]
INFO: [Synth 8-6157] synthesizing module 'alu' [D:/School/UIUC_ECE385_SP25/385Final/385Final.srcs/sources_1/new/rasterizer.sv:1]
INFO: [Synth 8-6155] done synthesizing module 'alu' (0#1) [D:/School/UIUC_ECE385_SP25/385Final/385Final.srcs/sources_1/new/rasterizer.sv:1]
WARNING: [Synth 8-689] width (32) of port connection 'A' does not match port width (27) of module 'alu' [D:/School/UIUC_ECE385_SP25/385Final/385Final.srcs/sources_1/new/gpu_top.sv:78]
WARNING: [Synth 8-689] width (32) of port connection 'B' does not match port width (27) of module 'alu' [D:/School/UIUC_ECE385_SP25/385Final/385Final.srcs/sources_1/new/gpu_top.sv:79]
WARNING: [Synth 8-689] width (32) of port connection 'C' does not match port width (27) of module 'alu' [D:/School/UIUC_ECE385_SP25/385Final/385Final.srcs/sources_1/new/gpu_top.sv:80]
INFO: [Synth 8-6157] synthesizing module 'texture_rom' [D:/School/UIUC_ECE385_SP25/385Final/385Final.srcs/sources_1/new/texture_rom.sv:1]
INFO: [Synth 8-6155] done synthesizing module 'texture_rom' (0#1) [D:/School/UIUC_ECE385_SP25/385Final/385Final.srcs/sources_1/new/texture_rom.sv:1]
WARNING: [Synth 8-689] width (8) of port connection 'out' does not match port width (4) of module 'texture_rom' [D:/School/UIUC_ECE385_SP25/385Final/385Final.srcs/sources_1/new/gpu_top.sv:91]
INFO: [Synth 8-6157] synthesizing module 'addr_controller' [D:/School/UIUC_ECE385_SP25/385Final/385Final.srcs/sources_1/new/addr_controller.sv:23]
INFO: [Synth 8-6155] done synthesizing module 'addr_controller' (0#1) [D:/School/UIUC_ECE385_SP25/385Final/385Final.srcs/sources_1/new/addr_controller.sv:23]
INFO: [Synth 8-6157] synthesizing module 'blk_mem_gen_0' [D:/School/UIUC_ECE385_SP25/385Final/385Final.runs/synth_1/.Xil/Vivado-166396-Server/realtime/blk_mem_gen_0_stub.v:5]
INFO: [Synth 8-6155] done synthesizing module 'blk_mem_gen_0' (0#1) [D:/School/UIUC_ECE385_SP25/385Final/385Final.runs/synth_1/.Xil/Vivado-166396-Server/realtime/blk_mem_gen_0_stub.v:5]
WARNING: [Synth 8-7071] port 'douta' of module 'blk_mem_gen_0' is unconnected for instance 'framebuffer' [D:/School/UIUC_ECE385_SP25/385Final/385Final.srcs/sources_1/new/gpu_top.sv:119]
WARNING: [Synth 8-7071] port 'clkb' of module 'blk_mem_gen_0' is unconnected for instance 'framebuffer' [D:/School/UIUC_ECE385_SP25/385Final/385Final.srcs/sources_1/new/gpu_top.sv:119]
WARNING: [Synth 8-7023] instance 'framebuffer' of module 'blk_mem_gen_0' has 10 connections declared, but only 8 given [D:/School/UIUC_ECE385_SP25/385Final/385Final.srcs/sources_1/new/gpu_top.sv:119]
INFO: [Synth 8-6157] synthesizing module 'palette_rom' [D:/School/UIUC_ECE385_SP25/385Final/385Final.srcs/sources_1/new/palette.sv:1]
INFO: [Synth 8-6155] done synthesizing module 'palette_rom' (0#1) [D:/School/UIUC_ECE385_SP25/385Final/385Final.srcs/sources_1/new/palette.sv:1]
INFO: [Synth 8-6157] synthesizing module 'clk_wiz_0' [D:/School/UIUC_ECE385_SP25/385Final/385Final.runs/synth_1/.Xil/Vivado-166396-Server/realtime/clk_wiz_0_stub.v:5]
INFO: [Synth 8-6155] done synthesizing module 'clk_wiz_0' (0#1) [D:/School/UIUC_ECE385_SP25/385Final/385Final.runs/synth_1/.Xil/Vivado-166396-Server/realtime/clk_wiz_0_stub.v:5]
INFO: [Synth 8-6157] synthesizing module 'pixel_controller' [D:/School/UIUC_ECE385_SP25/385Final/385Final.srcs/sources_1/new/pixel_controller.sv:23]
INFO: [Synth 8-6155] done synthesizing module 'pixel_controller' (0#1) [D:/School/UIUC_ECE385_SP25/385Final/385Final.srcs/sources_1/new/pixel_controller.sv:23]
WARNING: [Synth 8-689] width (9) of port connection 'pixelX' does not match port width (10) of module 'pixel_controller' [D:/School/UIUC_ECE385_SP25/385Final/385Final.srcs/sources_1/new/gpu_top.sv:156]
WARNING: [Synth 8-689] width (9) of port connection 'pixelY' does not match port width (10) of module 'pixel_controller' [D:/School/UIUC_ECE385_SP25/385Final/385Final.srcs/sources_1/new/gpu_top.sv:157]
INFO: [Synth 8-6157] synthesizing module 'vga_controller' [D:/School/UIUC_ECE385_SP25/385Final/385Final.srcs/sources_1/imports/design_source/VGA_controller.sv:26]
INFO: [Synth 8-6155] done synthesizing module 'vga_controller' (0#1) [D:/School/UIUC_ECE385_SP25/385Final/385Final.srcs/sources_1/imports/design_source/VGA_controller.sv:26]
WARNING: [Synth 8-7071] port 'sync' of module 'vga_controller' is unconnected for instance 'vga' [D:/School/UIUC_ECE385_SP25/385Final/385Final.srcs/sources_1/new/gpu_top.sv:164]
WARNING: [Synth 8-7023] instance 'vga' of module 'vga_controller' has 8 connections declared, but only 7 given [D:/School/UIUC_ECE385_SP25/385Final/385Final.srcs/sources_1/new/gpu_top.sv:164]
INFO: [Synth 8-6157] synthesizing module 'hdmi_tx_0' [D:/School/UIUC_ECE385_SP25/385Final/385Final.runs/synth_1/.Xil/Vivado-166396-Server/realtime/hdmi_tx_0_stub.v:5]
INFO: [Synth 8-6155] done synthesizing module 'hdmi_tx_0' (0#1) [D:/School/UIUC_ECE385_SP25/385Final/385Final.runs/synth_1/.Xil/Vivado-166396-Server/realtime/hdmi_tx_0_stub.v:5]
INFO: [Synth 8-6155] done synthesizing module 'gpu_top' (0#1) [D:/School/UIUC_ECE385_SP25/385Final/385Final.srcs/sources_1/new/gpu_top.sv:23]
WARNING: [Synth 8-7137] Register next_pixel_reg in module pixel_controller has both Set and reset with same priority. This may cause simulation mismatches. Consider rewriting code  [D:/School/UIUC_ECE385_SP25/385Final/385Final.srcs/sources_1/new/pixel_controller.sv:49]
WARNING: [Synth 8-3848] Net face_ready in module/entity gpu_top does not have driver. [D:/School/UIUC_ECE385_SP25/385Final/385Final.srcs/sources_1/new/gpu_top.sv:155]
WARNING: [Synth 8-7129] Port face_ready in module pixel_controller is either unconnected or has no load
WARNING: [Synth 8-7129] Port addr[9] in module texture_rom is either unconnected or has no load
WARNING: [Synth 8-7129] Port addr[7] in module texture_rom is either unconnected or has no load
WARNING: [Synth 8-7129] Port addr[6] in module texture_rom is either unconnected or has no load
WARNING: [Synth 8-7129] Port addr[5] in module texture_rom is either unconnected or has no load
WARNING: [Synth 8-7129] Port addr[4] in module texture_rom is either unconnected or has no load
WARNING: [Synth 8-7129] Port addr[3] in module texture_rom is either unconnected or has no load
WARNING: [Synth 8-7129] Port addr[2] in module texture_rom is either unconnected or has no load
WARNING: [Synth 8-7129] Port addr[1] in module texture_rom is either unconnected or has no load
WARNING: [Synth 8-7129] Port addr[0] in module texture_rom is either unconnected or has no load
WARNING: [Synth 8-7129] Port addr[15] in module gpu_top is either unconnected or has no load
WARNING: [Synth 8-7129] Port addr[14] in module gpu_top is either unconnected or has no load
WARNING: [Synth 8-7129] Port addr[13] in module gpu_top is either unconnected or has no load
WARNING: [Synth 8-7129] Port addr[12] in module gpu_top is either unconnected or has no load
WARNING: [Synth 8-7129] Port addr[11] in module gpu_top is either unconnected or has no load
WARNING: [Synth 8-7129] Port addr[10] in module gpu_top is either unconnected or has no load
WARNING: [Synth 8-7129] Port addr[9] in module gpu_top is either unconnected or has no load
WARNING: [Synth 8-7129] Port addr[8] in module gpu_top is either unconnected or has no load
WARNING: [Synth 8-7129] Port addr[7] in module gpu_top is either unconnected or has no load
WARNING: [Synth 8-7129] Port addr[6] in module gpu_top is either unconnected or has no load
WARNING: [Synth 8-7129] Port addr[5] in module gpu_top is either unconnected or has no load
WARNING: [Synth 8-7129] Port addr[4] in module gpu_top is either unconnected or has no load
WARNING: [Synth 8-7129] Port addr[3] in module gpu_top is either unconnected or has no load
WARNING: [Synth 8-7129] Port addr[2] in module gpu_top is either unconnected or has no load
WARNING: [Synth 8-7129] Port addr[1] in module gpu_top is either unconnected or has no load
WARNING: [Synth 8-7129] Port addr[0] in module gpu_top is either unconnected or has no load
WARNING: [Synth 8-7129] Port data[31] in module gpu_top is either unconnected or has no load
WARNING: [Synth 8-7129] Port data[30] in module gpu_top is either unconnected or has no load
WARNING: [Synth 8-7129] Port data[29] in module gpu_top is either unconnected or has no load
WARNING: [Synth 8-7129] Port data[28] in module gpu_top is either unconnected or has no load
WARNING: [Synth 8-7129] Port data[27] in module gpu_top is either unconnected or has no load
WARNING: [Synth 8-7129] Port data[26] in module gpu_top is either unconnected or has no load
WARNING: [Synth 8-7129] Port data[25] in module gpu_top is either unconnected or has no load
WARNING: [Synth 8-7129] Port data[24] in module gpu_top is either unconnected or has no load
WARNING: [Synth 8-7129] Port data[23] in module gpu_top is either unconnected or has no load
WARNING: [Synth 8-7129] Port data[22] in module gpu_top is either unconnected or has no load
WARNING: [Synth 8-7129] Port data[21] in module gpu_top is either unconnected or has no load
WARNING: [Synth 8-7129] Port data[20] in module gpu_top is either unconnected or has no load
WARNING: [Synth 8-7129] Port data[19] in module gpu_top is either unconnected or has no load
WARNING: [Synth 8-7129] Port data[18] in module gpu_top is either unconnected or has no load
WARNING: [Synth 8-7129] Port data[17] in module gpu_top is either unconnected or has no load
WARNING: [Synth 8-7129] Port data[16] in module gpu_top is either unconnected or has no load
WARNING: [Synth 8-7129] Port data[15] in module gpu_top is either unconnected or has no load
WARNING: [Synth 8-7129] Port data[14] in module gpu_top is either unconnected or has no load
WARNING: [Synth 8-7129] Port data[13] in module gpu_top is either unconnected or has no load
WARNING: [Synth 8-7129] Port data[12] in module gpu_top is either unconnected or has no load
WARNING: [Synth 8-7129] Port data[11] in module gpu_top is either unconnected or has no load
WARNING: [Synth 8-7129] Port data[10] in module gpu_top is either unconnected or has no load
WARNING: [Synth 8-7129] Port data[9] in module gpu_top is either unconnected or has no load
WARNING: [Synth 8-7129] Port data[8] in module gpu_top is either unconnected or has no load
WARNING: [Synth 8-7129] Port data[7] in module gpu_top is either unconnected or has no load
WARNING: [Synth 8-7129] Port data[6] in module gpu_top is either unconnected or has no load
WARNING: [Synth 8-7129] Port data[5] in module gpu_top is either unconnected or has no load
WARNING: [Synth 8-7129] Port data[4] in module gpu_top is either unconnected or has no load
WARNING: [Synth 8-7129] Port data[3] in module gpu_top is either unconnected or has no load
WARNING: [Synth 8-7129] Port data[2] in module gpu_top is either unconnected or has no load
WARNING: [Synth 8-7129] Port data[1] in module gpu_top is either unconnected or has no load
WARNING: [Synth 8-7129] Port data[0] in module gpu_top is either unconnected or has no load
---------------------------------------------------------------------------------
Finished RTL Elaboration : Time (s): cpu = 00:00:05 ; elapsed = 00:00:06 . Memory (MB): peak = 1286.723 ; gain = 505.676
---------------------------------------------------------------------------------
---------------------------------------------------------------------------------
Start Handling Custom Attributes
---------------------------------------------------------------------------------
---------------------------------------------------------------------------------
Finished Handling Custom Attributes : Time (s): cpu = 00:00:05 ; elapsed = 00:00:06 . Memory (MB): peak = 1286.723 ; gain = 505.676
---------------------------------------------------------------------------------
---------------------------------------------------------------------------------
Finished RTL Optimization Phase 1 : Time (s): cpu = 00:00:05 ; elapsed = 00:00:06 . Memory (MB): peak = 1286.723 ; gain = 505.676
---------------------------------------------------------------------------------
Netlist sorting complete. Time (s): cpu = 00:00:00 ; elapsed = 00:00:00.006 . Memory (MB): peak = 1286.723 ; gain = 0.000
INFO: [Project 1-570] Preparing netlist for logic optimization

Processing XDC Constraints
Initializing timing engine
Parsing XDC File [d:/School/UIUC_ECE385_SP25/385Final/385Final.gen/sources_1/ip/hdmi_tx_0/hdmi_tx_0/hdmi_tx_0_in_context.xdc] for cell 'vga_to_hdmi'
Finished Parsing XDC File [d:/School/UIUC_ECE385_SP25/385Final/385Final.gen/sources_1/ip/hdmi_tx_0/hdmi_tx_0/hdmi_tx_0_in_context.xdc] for cell 'vga_to_hdmi'
Parsing XDC File [d:/School/UIUC_ECE385_SP25/385Final/385Final.gen/sources_1/ip/clk_wiz_0/clk_wiz_0/clk_wiz_0_in_context.xdc] for cell 'clk_wiz'
Finished Parsing XDC File [d:/School/UIUC_ECE385_SP25/385Final/385Final.gen/sources_1/ip/clk_wiz_0/clk_wiz_0/clk_wiz_0_in_context.xdc] for cell 'clk_wiz'
Parsing XDC File [d:/School/UIUC_ECE385_SP25/385Final/385Final.gen/sources_1/ip/blk_mem_gen_0/blk_mem_gen_0/blk_mem_gen_0_in_context.xdc] for cell 'framebuffer'
Finished Parsing XDC File [d:/School/UIUC_ECE385_SP25/385Final/385Final.gen/sources_1/ip/blk_mem_gen_0/blk_mem_gen_0/blk_mem_gen_0_in_context.xdc] for cell 'framebuffer'
Parsing XDC File [D:/School/UIUC_ECE385_SP25/385Final/385Final.srcs/constrs_1/new/pin.xdc]
CRITICAL WARNING: [Constraints 18-1056] Clock 'clk_100' completely overrides clock 'clk'.
New: create_clock -period 10.000 -name clk_100 -waveform {0.000 5.000} [get_ports clk], [D:/School/UIUC_ECE385_SP25/385Final/385Final.srcs/constrs_1/new/pin.xdc:1]
Previous: create_clock -period 10.000 [get_ports clk], [d:/School/UIUC_ECE385_SP25/385Final/385Final.gen/sources_1/ip/clk_wiz_0/clk_wiz_0/clk_wiz_0_in_context.xdc:1]
Resolution: Review the constraint files and remove the redundant clock definition(s). If the clock constraints are not saved in a file, you can first save the constraints to an XDC file and reload the design once the constraints have been corrected.
Finished Parsing XDC File [D:/School/UIUC_ECE385_SP25/385Final/385Final.srcs/constrs_1/new/pin.xdc]
INFO: [Project 1-236] Implementation specific constraints were found while reading constraint file [D:/School/UIUC_ECE385_SP25/385Final/385Final.srcs/constrs_1/new/pin.xdc]. These constraints will be ignored for synthesis but will be used in implementation. Impacted constraints are listed in the file [.Xil/gpu_top_propImpl.xdc].
Resolution: To avoid this warning, move constraints listed in [.Xil/gpu_top_propImpl.xdc] to another XDC file and exclude this new file from synthesis with the used_in_synthesis property (File Properties dialog in GUI) and re-run elaboration/synthesis.
Completed Processing XDC Constraints

Netlist sorting complete. Time (s): cpu = 00:00:00 ; elapsed = 00:00:00 . Memory (MB): peak = 1356.734 ; gain = 0.000
INFO: [Project 1-111] Unisim Transformation Summary:
No Unisim elements were transformed.

Constraint Validation Runtime : Time (s): cpu = 00:00:00 ; elapsed = 00:00:00.003 . Memory (MB): peak = 1356.734 ; gain = 0.000
WARNING: [Timing 38-316] Clock period '20.000' specified during out-of-context synthesis of instance 'framebuffer' at clock pin 'clka' is different from the actual clock period '10.000', this can lead to different synthesis results.
INFO: [Designutils 20-5440] No compile time benefit to using incremental synthesis; A full resynthesis will be run
INFO: [Designutils 20-4379] Flow is switching to default flow due to incremental criteria not met. If you would like to alter this behaviour and have the flow terminate instead, please set the following parameter config_implementation {autoIncr.Synth.RejectBehavior Terminate}
INFO: [Synth 8-11241] undeclared symbol 'REGCCE', assumed default net type 'wire' [C:/Xilinx/Vivado/2022.2/data/verilog/src/unimacro/BRAM_SINGLE_MACRO.v:2170]
---------------------------------------------------------------------------------
Finished Constraint Validation : Time (s): cpu = 00:00:12 ; elapsed = 00:00:13 . Memory (MB): peak = 1357.492 ; gain = 576.445
---------------------------------------------------------------------------------
---------------------------------------------------------------------------------
Start Loading Part and Timing Information
---------------------------------------------------------------------------------
Loading part: xc7s50csga324-1
---------------------------------------------------------------------------------
Finished Loading Part and Timing Information : Time (s): cpu = 00:00:12 ; elapsed = 00:00:13 . Memory (MB): peak = 1357.492 ; gain = 576.445
---------------------------------------------------------------------------------
---------------------------------------------------------------------------------
Start Applying 'set_property' XDC Constraints
---------------------------------------------------------------------------------
Applied set_property IO_BUFFER_TYPE = NONE for hdmi_clk_n. (constraint file  d:/School/UIUC_ECE385_SP25/385Final/385Final.gen/sources_1/ip/hdmi_tx_0/hdmi_tx_0/hdmi_tx_0_in_context.xdc, line 1).
Applied set_property CLOCK_BUFFER_TYPE = NONE for hdmi_clk_n. (constraint file  d:/School/UIUC_ECE385_SP25/385Final/385Final.gen/sources_1/ip/hdmi_tx_0/hdmi_tx_0/hdmi_tx_0_in_context.xdc, line 2).
Applied set_property IO_BUFFER_TYPE = NONE for hdmi_clk_p. (constraint file  d:/School/UIUC_ECE385_SP25/385Final/385Final.gen/sources_1/ip/hdmi_tx_0/hdmi_tx_0/hdmi_tx_0_in_context.xdc, line 3).
Applied set_property CLOCK_BUFFER_TYPE = NONE for hdmi_clk_p. (constraint file  d:/School/UIUC_ECE385_SP25/385Final/385Final.gen/sources_1/ip/hdmi_tx_0/hdmi_tx_0/hdmi_tx_0_in_context.xdc, line 4).
Applied set_property IO_BUFFER_TYPE = NONE for hdmi_tx_n[0]. (constraint file  d:/School/UIUC_ECE385_SP25/385Final/385Final.gen/sources_1/ip/hdmi_tx_0/hdmi_tx_0/hdmi_tx_0_in_context.xdc, line 5).
Applied set_property CLOCK_BUFFER_TYPE = NONE for hdmi_tx_n[0]. (constraint file  d:/School/UIUC_ECE385_SP25/385Final/385Final.gen/sources_1/ip/hdmi_tx_0/hdmi_tx_0/hdmi_tx_0_in_context.xdc, line 6).
Applied set_property IO_BUFFER_TYPE = NONE for hdmi_tx_n[1]. (constraint file  d:/School/UIUC_ECE385_SP25/385Final/385Final.gen/sources_1/ip/hdmi_tx_0/hdmi_tx_0/hdmi_tx_0_in_context.xdc, line 7).
Applied set_property CLOCK_BUFFER_TYPE = NONE for hdmi_tx_n[1]. (constraint file  d:/School/UIUC_ECE385_SP25/385Final/385Final.gen/sources_1/ip/hdmi_tx_0/hdmi_tx_0/hdmi_tx_0_in_context.xdc, line 8).
Applied set_property IO_BUFFER_TYPE = NONE for hdmi_tx_n[2]. (constraint file  d:/School/UIUC_ECE385_SP25/385Final/385Final.gen/sources_1/ip/hdmi_tx_0/hdmi_tx_0/hdmi_tx_0_in_context.xdc, line 9).
Applied set_property CLOCK_BUFFER_TYPE = NONE for hdmi_tx_n[2]. (constraint file  d:/School/UIUC_ECE385_SP25/385Final/385Final.gen/sources_1/ip/hdmi_tx_0/hdmi_tx_0/hdmi_tx_0_in_context.xdc, line 10).
Applied set_property IO_BUFFER_TYPE = NONE for hdmi_tx_p[0]. (constraint file  d:/School/UIUC_ECE385_SP25/385Final/385Final.gen/sources_1/ip/hdmi_tx_0/hdmi_tx_0/hdmi_tx_0_in_context.xdc, line 11).
Applied set_property CLOCK_BUFFER_TYPE = NONE for hdmi_tx_p[0]. (constraint file  d:/School/UIUC_ECE385_SP25/385Final/385Final.gen/sources_1/ip/hdmi_tx_0/hdmi_tx_0/hdmi_tx_0_in_context.xdc, line 12).
Applied set_property IO_BUFFER_TYPE = NONE for hdmi_tx_p[1]. (constraint file  d:/School/UIUC_ECE385_SP25/385Final/385Final.gen/sources_1/ip/hdmi_tx_0/hdmi_tx_0/hdmi_tx_0_in_context.xdc, line 13).
Applied set_property CLOCK_BUFFER_TYPE = NONE for hdmi_tx_p[1]. (constraint file  d:/School/UIUC_ECE385_SP25/385Final/385Final.gen/sources_1/ip/hdmi_tx_0/hdmi_tx_0/hdmi_tx_0_in_context.xdc, line 14).
Applied set_property IO_BUFFER_TYPE = NONE for hdmi_tx_p[2]. (constraint file  d:/School/UIUC_ECE385_SP25/385Final/385Final.gen/sources_1/ip/hdmi_tx_0/hdmi_tx_0/hdmi_tx_0_in_context.xdc, line 15).
Applied set_property CLOCK_BUFFER_TYPE = NONE for hdmi_tx_p[2]. (constraint file  d:/School/UIUC_ECE385_SP25/385Final/385Final.gen/sources_1/ip/hdmi_tx_0/hdmi_tx_0/hdmi_tx_0_in_context.xdc, line 16).
Applied set_property IO_BUFFER_TYPE = NONE for clk. (constraint file  d:/School/UIUC_ECE385_SP25/385Final/385Final.gen/sources_1/ip/clk_wiz_0/clk_wiz_0/clk_wiz_0_in_context.xdc, line 4).
Applied set_property CLOCK_BUFFER_TYPE = NONE for clk. (constraint file  d:/School/UIUC_ECE385_SP25/385Final/385Final.gen/sources_1/ip/clk_wiz_0/clk_wiz_0/clk_wiz_0_in_context.xdc, line 5).
Applied set_property KEEP_HIERARCHY = SOFT for vga_to_hdmi. (constraint file  auto generated constraint).
Applied set_property KEEP_HIERARCHY = SOFT for clk_wiz. (constraint file  auto generated constraint).
Applied set_property KEEP_HIERARCHY = SOFT for framebuffer. (constraint file  auto generated constraint).
---------------------------------------------------------------------------------
Finished applying 'set_property' XDC Constraints : Time (s): cpu = 00:00:12 ; elapsed = 00:00:13 . Memory (MB): peak = 1357.492 ; gain = 576.445
---------------------------------------------------------------------------------
---------------------------------------------------------------------------------
Finished RTL Optimization Phase 2 : Time (s): cpu = 00:00:12 ; elapsed = 00:00:13 . Memory (MB): peak = 1357.492 ; gain = 576.445
---------------------------------------------------------------------------------
---------------------------------------------------------------------------------
Start RTL Component Statistics 
---------------------------------------------------------------------------------
Detailed RTL Component Info : 
+---Adders : 
	   3 Input   19 Bit       Adders := 9     
	   4 Input   18 Bit       Adders := 2     
	   3 Input   11 Bit       Adders := 6     
	   2 Input   11 Bit       Adders := 2     
	   2 Input   10 Bit       Adders := 4     
	   2 Input    5 Bit       Adders := 2     
	   2 Input    4 Bit       Adders := 1     
+---Registers : 
	               10 Bit    Registers := 4     
	                9 Bit    Registers := 1     
	                4 Bit    Registers := 2     
	                1 Bit    Registers := 5     
+---Muxes : 
	   9 Input   32 Bit        Muxes := 3     
	  17 Input   24 Bit        Muxes := 1     
	   2 Input   17 Bit        Muxes := 1     
	   2 Input   10 Bit        Muxes := 2     
	   2 Input    9 Bit        Muxes := 1     
	   2 Input    5 Bit        Muxes := 2     
	   2 Input    4 Bit        Muxes := 2     
	  13 Input    3 Bit        Muxes := 3     
	   2 Input    1 Bit        Muxes := 6     
---------------------------------------------------------------------------------
Finished RTL Component Statistics 
---------------------------------------------------------------------------------
---------------------------------------------------------------------------------
Start Part Resource Summary
---------------------------------------------------------------------------------
Part Resources:
DSPs: 120 (col length:60)
BRAMs: 150 (col length: RAMB18 60 RAMB36 30)
---------------------------------------------------------------------------------
Finished Part Resource Summary
---------------------------------------------------------------------------------
---------------------------------------------------------------------------------
Start Cross Boundary and Area Optimization
---------------------------------------------------------------------------------
WARNING: [Synth 8-7080] Parallel synthesis criteria is not met
DSP Report: Generating DSP alu/area10, operation Mode is: A*B.
DSP Report: operator alu/area10 is absorbed into DSP alu/area10.
DSP Report: operator alu/area10 is absorbed into DSP alu/area10.
DSP Report: Generating DSP alu/area10, operation Mode is: A*B.
DSP Report: operator alu/area10 is absorbed into DSP alu/area10.
DSP Report: operator alu/area10 is absorbed into DSP alu/area10.
DSP Report: Generating DSP alu/area20, operation Mode is: A*B.
DSP Report: operator alu/area20 is absorbed into DSP alu/area20.
DSP Report: operator alu/area20 is absorbed into DSP alu/area20.
DSP Report: Generating DSP alu/area20, operation Mode is: A*B.
DSP Report: operator alu/area20 is absorbed into DSP alu/area20.
DSP Report: operator alu/area20 is absorbed into DSP alu/area20.
DSP Report: Generating DSP alu/z_interp0, operation Mode is: A*B.
DSP Report: operator alu/z_interp0 is absorbed into DSP alu/z_interp0.
DSP Report: Generating DSP alu/area00, operation Mode is: A*B.
DSP Report: operator alu/area00 is absorbed into DSP alu/area00.
DSP Report: operator alu/area00 is absorbed into DSP alu/area00.
DSP Report: Generating DSP alu/area00, operation Mode is: A*B.
DSP Report: operator alu/area00 is absorbed into DSP alu/area00.
DSP Report: operator alu/area00 is absorbed into DSP alu/area00.
DSP Report: Generating DSP alu/z_interp, operation Mode is: C+A*B.
DSP Report: operator alu/z_interp is absorbed into DSP alu/z_interp.
DSP Report: operator alu/z_interp1 is absorbed into DSP alu/z_interp.
DSP Report: Generating DSP alu/z_interp, operation Mode is: PCIN+A*B.
DSP Report: operator alu/z_interp is absorbed into DSP alu/z_interp.
DSP Report: operator alu/z_interp1 is absorbed into DSP alu/z_interp.
DSP Report: Generating DSP alu/U1, operation Mode is: A*B.
DSP Report: operator alu/U1 is absorbed into DSP alu/U1.
DSP Report: Generating DSP alu/U0, operation Mode is: C+A*B.
DSP Report: operator alu/U0 is absorbed into DSP alu/U0.
DSP Report: operator alu/U1 is absorbed into DSP alu/U0.
DSP Report: Generating DSP alu/V1, operation Mode is: A*B.
DSP Report: operator alu/V1 is absorbed into DSP alu/V1.
DSP Report: Generating DSP alu/V0, operation Mode is: C+A*B.
DSP Report: operator alu/V0 is absorbed into DSP alu/V0.
DSP Report: operator alu/V1 is absorbed into DSP alu/V0.
WARNING: [Synth 8-7129] Port addr[15] in module gpu_top is either unconnected or has no load
WARNING: [Synth 8-7129] Port addr[14] in module gpu_top is either unconnected or has no load
WARNING: [Synth 8-7129] Port addr[13] in module gpu_top is either unconnected or has no load
WARNING: [Synth 8-7129] Port addr[12] in module gpu_top is either unconnected or has no load
WARNING: [Synth 8-7129] Port addr[11] in module gpu_top is either unconnected or has no load
WARNING: [Synth 8-7129] Port addr[10] in module gpu_top is either unconnected or has no load
WARNING: [Synth 8-7129] Port addr[9] in module gpu_top is either unconnected or has no load
WARNING: [Synth 8-7129] Port addr[8] in module gpu_top is either unconnected or has no load
WARNING: [Synth 8-7129] Port addr[7] in module gpu_top is either unconnected or has no load
WARNING: [Synth 8-7129] Port addr[6] in module gpu_top is either unconnected or has no load
WARNING: [Synth 8-7129] Port addr[5] in module gpu_top is either unconnected or has no load
WARNING: [Synth 8-7129] Port addr[4] in module gpu_top is either unconnected or has no load
WARNING: [Synth 8-7129] Port addr[3] in module gpu_top is either unconnected or has no load
WARNING: [Synth 8-7129] Port addr[2] in module gpu_top is either unconnected or has no load
WARNING: [Synth 8-7129] Port addr[1] in module gpu_top is either unconnected or has no load
WARNING: [Synth 8-7129] Port addr[0] in module gpu_top is either unconnected or has no load
WARNING: [Synth 8-7129] Port data[31] in module gpu_top is either unconnected or has no load
WARNING: [Synth 8-7129] Port data[30] in module gpu_top is either unconnected or has no load
WARNING: [Synth 8-7129] Port data[29] in module gpu_top is either unconnected or has no load
WARNING: [Synth 8-7129] Port data[28] in module gpu_top is either unconnected or has no load
WARNING: [Synth 8-7129] Port data[27] in module gpu_top is either unconnected or has no load
WARNING: [Synth 8-7129] Port data[26] in module gpu_top is either unconnected or has no load
WARNING: [Synth 8-7129] Port data[25] in module gpu_top is either unconnected or has no load
WARNING: [Synth 8-7129] Port data[24] in module gpu_top is either unconnected or has no load
WARNING: [Synth 8-7129] Port data[23] in module gpu_top is either unconnected or has no load
WARNING: [Synth 8-7129] Port data[22] in module gpu_top is either unconnected or has no load
WARNING: [Synth 8-7129] Port data[21] in module gpu_top is either unconnected or has no load
WARNING: [Synth 8-7129] Port data[20] in module gpu_top is either unconnected or has no load
WARNING: [Synth 8-7129] Port data[19] in module gpu_top is either unconnected or has no load
WARNING: [Synth 8-7129] Port data[18] in module gpu_top is either unconnected or has no load
WARNING: [Synth 8-7129] Port data[17] in module gpu_top is either unconnected or has no load
WARNING: [Synth 8-7129] Port data[16] in module gpu_top is either unconnected or has no load
WARNING: [Synth 8-7129] Port data[15] in module gpu_top is either unconnected or has no load
WARNING: [Synth 8-7129] Port data[14] in module gpu_top is either unconnected or has no load
WARNING: [Synth 8-7129] Port data[13] in module gpu_top is either unconnected or has no load
WARNING: [Synth 8-7129] Port data[12] in module gpu_top is either unconnected or has no load
WARNING: [Synth 8-7129] Port data[11] in module gpu_top is either unconnected or has no load
WARNING: [Synth 8-7129] Port data[10] in module gpu_top is either unconnected or has no load
WARNING: [Synth 8-7129] Port data[9] in module gpu_top is either unconnected or has no load
WARNING: [Synth 8-7129] Port data[8] in module gpu_top is either unconnected or has no load
WARNING: [Synth 8-7129] Port data[7] in module gpu_top is either unconnected or has no load
WARNING: [Synth 8-7129] Port data[6] in module gpu_top is either unconnected or has no load
INFO: [Common 17-14] Message 'Synth 8-7129' appears 100 times and further instances of the messages will be disabled. Use the Tcl command set_msg_config to change the current settings.
---------------------------------------------------------------------------------
Finished Cross Boundary and Area Optimization : Time (s): cpu = 00:00:14 ; elapsed = 00:00:16 . Memory (MB): peak = 1357.492 ; gain = 576.445
---------------------------------------------------------------------------------
---------------------------------------------------------------------------------
Start ROM, RAM, DSP, Shift Register and Retiming Reporting
---------------------------------------------------------------------------------

DSP: Preliminary Mapping Report (see note below. The ' indicates corresponding REG is set)
+------------+-------------+--------+--------+--------+--------+--------+------+------+------+------+-------+------+------+
|Module Name | DSP Mapping | A Size | B Size | C Size | D Size | P Size | AREG | BREG | CREG | DREG | ADREG | MREG | PREG | 
+------------+-------------+--------+--------+--------+--------+--------+------+------+------+------+-------+------+------+
|alu         | A*B         | 20     | 18     | -      | -      | 48     | 0    | 0    | -    | -    | -     | 0    | 0    | 
|alu         | A*B         | 20     | 18     | -      | -      | 48     | 0    | 0    | -    | -    | -     | 0    | 0    | 
|alu         | A*B         | 20     | 18     | -      | -      | 48     | 0    | 0    | -    | -    | -     | 0    | 0    | 
|alu         | A*B         | 20     | 18     | -      | -      | 48     | 0    | 0    | -    | -    | -     | 0    | 0    | 
|alu         | A*B         | 19     | 9      | -      | -      | 28     | 0    | 0    | -    | -    | -     | 0    | 0    | 
|alu         | A*B         | 20     | 18     | -      | -      | 48     | 0    | 0    | -    | -    | -     | 0    | 0    | 
|alu         | A*B         | 20     | 18     | -      | -      | 48     | 0    | 0    | -    | -    | -     | 0    | 0    | 
|alu         | C+A*B       | 19     | 9      | 19     | -      | 19     | 0    | 0    | 0    | -    | -     | 0    | 0    | 
|alu         | PCIN+A*B    | 19     | 9      | -      | -      | 19     | 0    | 0    | -    | -    | -     | 0    | 0    | 
|alu         | A*B         | 11     | 11     | -      | -      | 22     | 0    | 0    | -    | -    | -     | 0    | 0    | 
|alu         | C+A*B       | 11     | 11     | 11     | -      | 11     | 0    | 0    | 0    | -    | -     | 0    | 0    | 
|alu         | A*B         | 11     | 11     | -      | -      | 22     | 0    | 0    | -    | -    | -     | 0    | 0    | 
|alu         | C+A*B       | 11     | 11     | 11     | -      | 11     | 0    | 0    | 0    | -    | -     | 0    | 0    | 
+------------+-------------+--------+--------+--------+--------+--------+------+------+------+------+-------+------+------+

Note: The table above is a preliminary report that shows the DSPs inferred at the current stage of the synthesis flow. Some DSP may be reimplemented as non DSP primitives later in the synthesis flow. Multiple instantiated DSPs are reported only once.
---------------------------------------------------------------------------------
Finished ROM, RAM, DSP, Shift Register and Retiming Reporting
---------------------------------------------------------------------------------
---------------------------------------------------------------------------------
Start Applying XDC Timing Constraints
---------------------------------------------------------------------------------
---------------------------------------------------------------------------------
Finished Applying XDC Timing Constraints : Time (s): cpu = 00:00:21 ; elapsed = 00:00:22 . Memory (MB): peak = 1357.492 ; gain = 576.445
---------------------------------------------------------------------------------
---------------------------------------------------------------------------------
Start Timing Optimization
---------------------------------------------------------------------------------
---------------------------------------------------------------------------------
Finished Timing Optimization : Time (s): cpu = 00:00:22 ; elapsed = 00:00:23 . Memory (MB): peak = 1367.617 ; gain = 586.570
---------------------------------------------------------------------------------
---------------------------------------------------------------------------------
Start Technology Mapping
---------------------------------------------------------------------------------
---------------------------------------------------------------------------------
Finished Technology Mapping : Time (s): cpu = 00:00:23 ; elapsed = 00:00:24 . Memory (MB): peak = 1367.617 ; gain = 586.570
---------------------------------------------------------------------------------
---------------------------------------------------------------------------------
Start IO Insertion
---------------------------------------------------------------------------------
---------------------------------------------------------------------------------
Start Flattening Before IO Insertion
---------------------------------------------------------------------------------
---------------------------------------------------------------------------------
Finished Flattening Before IO Insertion
---------------------------------------------------------------------------------
---------------------------------------------------------------------------------
Start Final Netlist Cleanup
---------------------------------------------------------------------------------
---------------------------------------------------------------------------------
Finished Final Netlist Cleanup
---------------------------------------------------------------------------------
CRITICAL WARNING: [Synth 8-4442] BlackBox module framebuffer has unconnected pin clkb
---------------------------------------------------------------------------------
Finished IO Insertion : Time (s): cpu = 00:00:26 ; elapsed = 00:00:28 . Memory (MB): peak = 1367.617 ; gain = 586.570
---------------------------------------------------------------------------------
---------------------------------------------------------------------------------
Start Renaming Generated Instances
---------------------------------------------------------------------------------
---------------------------------------------------------------------------------
Finished Renaming Generated Instances : Time (s): cpu = 00:00:26 ; elapsed = 00:00:28 . Memory (MB): peak = 1367.617 ; gain = 586.570
---------------------------------------------------------------------------------
---------------------------------------------------------------------------------
Start Rebuilding User Hierarchy
---------------------------------------------------------------------------------
---------------------------------------------------------------------------------
Finished Rebuilding User Hierarchy : Time (s): cpu = 00:00:26 ; elapsed = 00:00:28 . Memory (MB): peak = 1367.617 ; gain = 586.570
---------------------------------------------------------------------------------
---------------------------------------------------------------------------------
Start Renaming Generated Ports
---------------------------------------------------------------------------------
---------------------------------------------------------------------------------
Finished Renaming Generated Ports : Time (s): cpu = 00:00:26 ; elapsed = 00:00:28 . Memory (MB): peak = 1367.617 ; gain = 586.570
---------------------------------------------------------------------------------
---------------------------------------------------------------------------------
Start Handling Custom Attributes
---------------------------------------------------------------------------------
---------------------------------------------------------------------------------
Finished Handling Custom Attributes : Time (s): cpu = 00:00:26 ; elapsed = 00:00:28 . Memory (MB): peak = 1367.617 ; gain = 586.570
---------------------------------------------------------------------------------
---------------------------------------------------------------------------------
Start Renaming Generated Nets
---------------------------------------------------------------------------------
---------------------------------------------------------------------------------
Finished Renaming Generated Nets : Time (s): cpu = 00:00:26 ; elapsed = 00:00:28 . Memory (MB): peak = 1367.617 ; gain = 586.570
---------------------------------------------------------------------------------
---------------------------------------------------------------------------------
Start Writing Synthesis Report
---------------------------------------------------------------------------------

DSP Final Report (the ' indicates corresponding REG is set)
+------------+-------------+--------+--------+--------+--------+--------+------+------+------+------+-------+------+------+
|Module Name | DSP Mapping | A Size | B Size | C Size | D Size | P Size | AREG | BREG | CREG | DREG | ADREG | MREG | PREG | 
+------------+-------------+--------+--------+--------+--------+--------+------+------+------+------+-------+------+------+
|alu         | A*B         | 19     | 17     | -      | -      | 48     | 0    | 0    | -    | -    | -     | 0    | 0    | 
|alu         | A*B         | 19     | 17     | -      | -      | 48     | 0    | 0    | -    | -    | -     | 0    | 0    | 
|alu         | A*B         | 19     | 17     | -      | -      | 48     | 0    | 0    | -    | -    | -     | 0    | 0    | 
|alu         | A*B         | 19     | 17     | -      | -      | 48     | 0    | 0    | -    | -    | -     | 0    | 0    | 
|alu         | A*B         | 19     | 9      | -      | -      | 28     | 0    | 0    | -    | -    | -     | 0    | 0    | 
|alu         | A*B         | 19     | 17     | -      | -      | 48     | 0    | 0    | -    | -    | -     | 0    | 0    | 
|alu         | A*B         | 19     | 17     | -      | -      | 48     | 0    | 0    | -    | -    | -     | 0    | 0    | 
|alu         | C+A*B       | 19     | 9      | 19     | -      | 19     | 0    | 0    | 0    | -    | -     | 0    | 0    | 
|alu         | PCIN+A*B    | 19     | 9      | -      | -      | 19     | 0    | 0    | -    | -    | -     | 0    | 0    | 
|alu         | A*B         | 30     | 18     | -      | -      | 22     | 0    | 0    | -    | -    | -     | 0    | 0    | 
|alu         | C+A*B       | 30     | 18     | 48     | -      | 11     | 0    | 0    | 0    | -    | -     | 0    | 0    | 
+------------+-------------+--------+--------+--------+--------+--------+------+------+------+------+-------+------+------+


Report BlackBoxes: 
+------+--------------+----------+
|      |BlackBox name |Instances |
+------+--------------+----------+
|1     |blk_mem_gen_0 |         1|
|2     |clk_wiz_0     |         1|
|3     |hdmi_tx_0     |         1|
+------+--------------+----------+

Report Cell Usage: 
+------+------------+------+
|      |Cell        |Count |
+------+------------+------+
|1     |blk_mem_gen |     1|
|2     |clk_wiz     |     1|
|3     |hdmi_tx     |     1|
|4     |CARRY4      |    52|
|5     |DSP48E1     |    11|
|7     |LUT1        |    20|
|8     |LUT2        |    81|
|9     |LUT3        |    22|
|10    |LUT4        |   110|
|11    |LUT5        |    81|
|12    |LUT6        |    43|
|13    |FDCE        |    49|
|14    |FDPE        |     9|
|15    |FDRE        |     1|
|16    |IBUF        |     1|
+------+------------+------+
---------------------------------------------------------------------------------
Finished Writing Synthesis Report : Time (s): cpu = 00:00:26 ; elapsed = 00:00:28 . Memory (MB): peak = 1367.617 ; gain = 586.570
---------------------------------------------------------------------------------
Synthesis finished with 0 errors, 1 critical warnings and 49 warnings.
Synthesis Optimization Runtime : Time (s): cpu = 00:00:20 ; elapsed = 00:00:26 . Memory (MB): peak = 1367.617 ; gain = 515.801
Synthesis Optimization Complete : Time (s): cpu = 00:00:27 ; elapsed = 00:00:28 . Memory (MB): peak = 1367.617 ; gain = 586.570
INFO: [Project 1-571] Translating synthesized netlist
Netlist sorting complete. Time (s): cpu = 00:00:00 ; elapsed = 00:00:00.010 . Memory (MB): peak = 1379.379 ; gain = 0.000
INFO: [Netlist 29-17] Analyzing 63 Unisim elements for replacement
INFO: [Netlist 29-28] Unisim Transformation completed in 0 CPU seconds
INFO: [Project 1-570] Preparing netlist for logic optimization
INFO: [Opt 31-140] Inserted 1 IBUFs to IO ports without IO buffers.
INFO: [Opt 31-138] Pushed 0 inverter(s) to 0 load pin(s).
Netlist sorting complete. Time (s): cpu = 00:00:00 ; elapsed = 00:00:00 . Memory (MB): peak = 1383.059 ; gain = 0.000
INFO: [Project 1-111] Unisim Transformation Summary:
No Unisim elements were transformed.

Synth Design complete, checksum: c168648e
INFO: [Common 17-83] Releasing license: Synthesis
52 Infos, 115 Warnings, 2 Critical Warnings and 0 Errors encountered.
synth_design completed successfully
synth_design: Time (s): cpu = 00:00:29 ; elapsed = 00:00:32 . Memory (MB): peak = 1383.059 ; gain = 980.391
INFO: [runtcl-6] Synthesis results are not added to the cache due to CRITICAL_WARNING
INFO: [Common 17-1381] The checkpoint 'D:/School/UIUC_ECE385_SP25/385Final/385Final.runs/synth_1/gpu_top.dcp' has been generated.
INFO: [runtcl-4] Executing : report_utilization -file gpu_top_utilization_synth.rpt -pb gpu_top_utilization_synth.pb
INFO: [Common 17-206] Exiting Vivado at Wed Apr 23 15:53:27 2025...
