12:36:32 DEBUG : Logs will be stored at 'D:/School/UIUC_ECE385_SP25/lab7_1/sdk/IDE.log'.
12:36:34 INFO  : Launching XSCT server: xsct.bat -n  -interactive D:\School\UIUC_ECE385_SP25\lab7_1\sdk\temp_xsdb_launch_script.tcl
12:36:34 INFO  : Platform repository initialization has completed.
12:36:34 INFO  : Registering command handlers for Vitis TCF services
12:36:36 INFO  : XSCT server has started successfully.
12:36:36 INFO  : plnx-install-location is set to ''
12:36:36 INFO  : Successfully done setting XSCT server connection channel  
12:36:37 INFO  : Successfully done setting workspace for the tool. 
12:36:37 INFO  : Successfully done query RDI_DATADIR 
12:39:28 INFO  : Result from executing command 'getProjects': mb_lab7_1_wrapper
12:39:28 INFO  : Result from executing command 'getPlatforms': 
12:39:28 WARN  : An unexpected exception occurred in the module 'platform project logging'
12:39:28 INFO  : Platform 'mb_lab7_1_wrapper' is added to custom repositories.
12:39:30 INFO  : Platform 'mb_lab7_1_wrapper' is added to custom repositories.
12:46:32 INFO  : Result from executing command 'getProjects': mb_lab7_1_wrapper
12:46:32 INFO  : Result from executing command 'getPlatforms': mb_lab7_1_wrapper|D:/School/UIUC_ECE385_SP25/lab7_1/sdk/mb_lab7_1_wrapper/export/mb_lab7_1_wrapper/mb_lab7_1_wrapper.xpfm
12:46:32 INFO  : Checking for BSP changes to sync application flags for project 'hdmitest'...
12:46:43 INFO  : Checking for BSP changes to sync application flags for project 'hdmitest'...
12:51:16 INFO  : Checking for BSP changes to sync application flags for project 'hdmitest'...
12:51:41 INFO  : Connected to target on host '127.0.0.1' and port '3121'.
12:51:42 INFO  : Jtag cable 'RealDigital Boo 88710000000EA' is selected.
12:51:42 INFO  : 'jtag frequency' command is executed.
12:51:43 INFO  : 'targets -set -filter {jtag_cable_name =~ "RealDigital Boo 88710000000EA" && level==0 && jtag_device_ctx=="jsn1-0362f093-0"}' command is executed.
12:51:44 INFO  : Device configured successfully with "D:/School/UIUC_ECE385_SP25/lab7_1/sdk/hdmitest/_ide/bitstream/mb_lab7_1_wrapper.bit"
12:51:44 INFO  : Context for processor 'microblaze_0' is selected.
12:51:44 INFO  : Hardware design and registers information is loaded from 'D:/School/UIUC_ECE385_SP25/lab7_1/sdk/mb_lab7_1_wrapper/export/mb_lab7_1_wrapper/hw/mb_lab7_1_wrapper.xsa'.
12:51:44 INFO  : 'configparams mdm-detect-bscan-mask 2' command is executed.
12:51:44 INFO  : Context for processor 'microblaze_0' is selected.
12:51:44 INFO  : System reset is completed.
12:51:47 INFO  : 'after 3000' command is executed.
12:51:48 INFO  : Context for processor 'microblaze_0' is selected.
12:51:48 ERROR : Cannot stop MicroBlaze. MicroBlaze is held in reset
12:51:48 INFO  : ----------------XSDB Script----------------
connect -url tcp:127.0.0.1:3121
targets -set -filter {jtag_cable_name =~ "RealDigital Boo 88710000000EA" && level==0 && jtag_device_ctx=="jsn1-0362f093-0"}
fpga -file D:/School/UIUC_ECE385_SP25/lab7_1/sdk/hdmitest/_ide/bitstream/mb_lab7_1_wrapper.bit
targets -set -nocase -filter {name =~ "*microblaze*#0" && bscan=="USER2" }
loadhw -hw D:/School/UIUC_ECE385_SP25/lab7_1/sdk/mb_lab7_1_wrapper/export/mb_lab7_1_wrapper/hw/mb_lab7_1_wrapper.xsa -regs
configparams mdm-detect-bscan-mask 2
targets -set -nocase -filter {name =~ "*microblaze*#0" && bscan=="USER2" }
rst -system
after 3000
targets -set -nocase -filter {name =~ "*microblaze*#0" && bscan=="USER2" }
dow D:/School/UIUC_ECE385_SP25/lab7_1/sdk/hdmitest/Debug/hdmitest.elf
----------------End of Script----------------

12:51:48 ERROR : Cannot stop MicroBlaze. MicroBlaze is held in reset
13:03:47 INFO  : Hardware specification for platform project 'mb_lab7_1_wrapper' is updated.
13:04:05 INFO  : Result from executing command 'removePlatformRepo': 
13:04:11 INFO  : Result from executing command 'getProjects': mb_lab7_1_wrapper
13:04:11 INFO  : Result from executing command 'getPlatforms': 
13:04:11 INFO  : Checking for BSP changes to sync application flags for project 'hdmitest'...
13:04:12 INFO  : The hardware specification used by project 'hdmitest' is out of sync with the platform. Resource files extracted from the hardware specification will be updated.
13:04:12 INFO  : The file 'D:\School\UIUC_ECE385_SP25\lab7_1\sdk\hdmitest\_ide\bitstream\mb_lab7_1_wrapper.bit' stored in project is removed.
13:04:12 INFO  : The file 'D:\School\UIUC_ECE385_SP25\lab7_1\sdk\hdmitest\_ide\bitstream\mb_lab7_1_wrapper.mmi' stored in project is removed.
13:04:12 INFO  : The updated bitstream files are copied from platform to folder 'D:\School\UIUC_ECE385_SP25\lab7_1\sdk\hdmitest\_ide\bitstream' in project 'hdmitest'.
13:04:37 INFO  : Connected to target on host '127.0.0.1' and port '3121'.
13:04:37 INFO  : Jtag cable 'RealDigital Boo 88710000000EA' is selected.
13:04:37 INFO  : 'jtag frequency' command is executed.
13:04:37 INFO  : 'targets -set -filter {jtag_cable_name =~ "RealDigital Boo 88710000000EA" && level==0 && jtag_device_ctx=="jsn1-0362f093-0"}' command is executed.
13:04:38 INFO  : Device configured successfully with "D:/School/UIUC_ECE385_SP25/lab7_1/sdk/hdmitest/_ide/bitstream/mb_lab7_1_wrapper.bit"
13:04:38 INFO  : Context for processor 'microblaze_0' is selected.
13:04:38 INFO  : Hardware design and registers information is loaded from 'D:/School/UIUC_ECE385_SP25/lab7_1/sdk/mb_lab7_1_wrapper/export/mb_lab7_1_wrapper/hw/mb_lab7_1_wrapper.xsa'.
13:04:38 INFO  : 'configparams mdm-detect-bscan-mask 2' command is executed.
13:04:38 INFO  : Context for processor 'microblaze_0' is selected.
13:04:38 INFO  : System reset is completed.
13:04:41 INFO  : 'after 3000' command is executed.
13:04:41 INFO  : Context for processor 'microblaze_0' is selected.
13:04:41 INFO  : The application 'D:/School/UIUC_ECE385_SP25/lab7_1/sdk/hdmitest/Debug/hdmitest.elf' is downloaded to processor 'microblaze_0'.
13:04:41 INFO  : ----------------XSDB Script----------------
connect -url tcp:127.0.0.1:3121
targets -set -filter {jtag_cable_name =~ "RealDigital Boo 88710000000EA" && level==0 && jtag_device_ctx=="jsn1-0362f093-0"}
fpga -file D:/School/UIUC_ECE385_SP25/lab7_1/sdk/hdmitest/_ide/bitstream/mb_lab7_1_wrapper.bit
targets -set -nocase -filter {name =~ "*microblaze*#0" && bscan=="USER2" }
loadhw -hw D:/School/UIUC_ECE385_SP25/lab7_1/sdk/mb_lab7_1_wrapper/export/mb_lab7_1_wrapper/hw/mb_lab7_1_wrapper.xsa -regs
configparams mdm-detect-bscan-mask 2
targets -set -nocase -filter {name =~ "*microblaze*#0" && bscan=="USER2" }
rst -system
after 3000
targets -set -nocase -filter {name =~ "*microblaze*#0" && bscan=="USER2" }
dow D:/School/UIUC_ECE385_SP25/lab7_1/sdk/hdmitest/Debug/hdmitest.elf
----------------End of Script----------------

13:04:41 INFO  : Context for processor 'microblaze_0' is selected.
13:04:41 INFO  : 'con' command is executed.
13:04:41 INFO  : ----------------XSDB Script (After Launch)----------------
targets -set -nocase -filter {name =~ "*microblaze*#0" && bscan=="USER2" }
con
----------------End of Script----------------

13:04:41 INFO  : Disconnected from the channel tcfchan#2.
13:19:00 INFO  : Connected to target on host '127.0.0.1' and port '3121'.
13:19:01 INFO  : Jtag cable 'RealDigital Boo 88710000000EA' is selected.
13:19:01 INFO  : 'jtag frequency' command is executed.
13:19:02 INFO  : 'targets -set -filter {jtag_cable_name =~ "RealDigital Boo 88710000000EA" && level==0 && jtag_device_ctx=="jsn1-0362f093-0"}' command is executed.
13:19:03 INFO  : Device configured successfully with "D:/School/UIUC_ECE385_SP25/lab7_1/sdk/hdmitest/_ide/bitstream/mb_lab7_1_wrapper.bit"
13:19:03 INFO  : Context for processor 'microblaze_0' is selected.
13:19:03 INFO  : Hardware design and registers information is loaded from 'D:/School/UIUC_ECE385_SP25/lab7_1/sdk/mb_lab7_1_wrapper/export/mb_lab7_1_wrapper/hw/mb_lab7_1_wrapper.xsa'.
13:19:03 INFO  : 'configparams mdm-detect-bscan-mask 2' command is executed.
13:19:03 INFO  : Context for processor 'microblaze_0' is selected.
13:19:03 INFO  : System reset is completed.
13:19:06 INFO  : 'after 3000' command is executed.
13:19:07 INFO  : Context for processor 'microblaze_0' is selected.
13:19:07 INFO  : The application 'D:/School/UIUC_ECE385_SP25/lab7_1/sdk/hdmitest/Debug/hdmitest.elf' is downloaded to processor 'microblaze_0'.
13:19:07 INFO  : ----------------XSDB Script----------------
connect -url tcp:127.0.0.1:3121
targets -set -filter {jtag_cable_name =~ "RealDigital Boo 88710000000EA" && level==0 && jtag_device_ctx=="jsn1-0362f093-0"}
fpga -file D:/School/UIUC_ECE385_SP25/lab7_1/sdk/hdmitest/_ide/bitstream/mb_lab7_1_wrapper.bit
targets -set -nocase -filter {name =~ "*microblaze*#0" && bscan=="USER2" }
loadhw -hw D:/School/UIUC_ECE385_SP25/lab7_1/sdk/mb_lab7_1_wrapper/export/mb_lab7_1_wrapper/hw/mb_lab7_1_wrapper.xsa -regs
configparams mdm-detect-bscan-mask 2
targets -set -nocase -filter {name =~ "*microblaze*#0" && bscan=="USER2" }
rst -system
after 3000
targets -set -nocase -filter {name =~ "*microblaze*#0" && bscan=="USER2" }
dow D:/School/UIUC_ECE385_SP25/lab7_1/sdk/hdmitest/Debug/hdmitest.elf
----------------End of Script----------------

13:19:07 INFO  : Context for processor 'microblaze_0' is selected.
13:19:07 INFO  : 'con' command is executed.
13:19:07 INFO  : ----------------XSDB Script (After Launch)----------------
targets -set -nocase -filter {name =~ "*microblaze*#0" && bscan=="USER2" }
con
----------------End of Script----------------

13:19:07 INFO  : Disconnected from the channel tcfchan#5.
11:35:48 DEBUG : Logs will be stored at 'D:/School/UIUC_ECE385_SP25/lab7_1/sdk/IDE.log'.
11:35:48 INFO  : Launching XSCT server: xsct.bat -n  -interactive D:\School\UIUC_ECE385_SP25\lab7_1\sdk\temp_xsdb_launch_script.tcl
11:35:51 INFO  : Platform repository initialization has completed.
11:35:51 INFO  : Registering command handlers for Vitis TCF services
11:35:52 INFO  : XSCT server has started successfully.
11:35:56 INFO  : Successfully done setting XSCT server connection channel  
11:35:56 INFO  : plnx-install-location is set to ''
11:35:56 INFO  : Successfully done query RDI_DATADIR 
11:35:56 INFO  : Successfully done setting workspace for the tool. 
11:37:53 INFO  : Connected to target on host '127.0.0.1' and port '3121'.
11:37:54 INFO  : Jtag cable 'RealDigital Boo 88710000000EA' is selected.
11:37:54 INFO  : 'jtag frequency' command is executed.
11:37:55 INFO  : 'targets -set -filter {jtag_cable_name =~ "RealDigital Boo 88710000000EA" && level==0 && jtag_device_ctx=="jsn1-0362f093-0"}' command is executed.
11:37:57 INFO  : Device configured successfully with "D:/School/UIUC_ECE385_SP25/lab7_1/sdk/hdmitest/_ide/bitstream/mb_lab7_1_wrapper.bit"
11:37:57 INFO  : Context for processor 'microblaze_0' is selected.
11:37:57 INFO  : Hardware design and registers information is loaded from 'D:/School/UIUC_ECE385_SP25/lab7_1/sdk/mb_lab7_1_wrapper/export/mb_lab7_1_wrapper/hw/mb_lab7_1_wrapper.xsa'.
11:37:57 INFO  : 'configparams mdm-detect-bscan-mask 2' command is executed.
11:37:57 INFO  : Context for processor 'microblaze_0' is selected.
11:37:57 INFO  : System reset is completed.
11:38:00 INFO  : 'after 3000' command is executed.
11:38:00 INFO  : Context for processor 'microblaze_0' is selected.
11:38:01 INFO  : The application 'D:/School/UIUC_ECE385_SP25/lab7_1/sdk/hdmitest/Debug/hdmitest.elf' is downloaded to processor 'microblaze_0'.
11:38:01 INFO  : ----------------XSDB Script----------------
connect -url tcp:127.0.0.1:3121
targets -set -filter {jtag_cable_name =~ "RealDigital Boo 88710000000EA" && level==0 && jtag_device_ctx=="jsn1-0362f093-0"}
fpga -file D:/School/UIUC_ECE385_SP25/lab7_1/sdk/hdmitest/_ide/bitstream/mb_lab7_1_wrapper.bit
targets -set -nocase -filter {name =~ "*microblaze*#0" && bscan=="USER2" }
loadhw -hw D:/School/UIUC_ECE385_SP25/lab7_1/sdk/mb_lab7_1_wrapper/export/mb_lab7_1_wrapper/hw/mb_lab7_1_wrapper.xsa -regs
configparams mdm-detect-bscan-mask 2
targets -set -nocase -filter {name =~ "*microblaze*#0" && bscan=="USER2" }
rst -system
after 3000
targets -set -nocase -filter {name =~ "*microblaze*#0" && bscan=="USER2" }
dow D:/School/UIUC_ECE385_SP25/lab7_1/sdk/hdmitest/Debug/hdmitest.elf
----------------End of Script----------------

11:38:01 INFO  : Context for processor 'microblaze_0' is selected.
11:38:01 INFO  : 'con' command is executed.
11:38:01 INFO  : ----------------XSDB Script (After Launch)----------------
targets -set -nocase -filter {name =~ "*microblaze*#0" && bscan=="USER2" }
con
----------------End of Script----------------

11:38:01 INFO  : Disconnected from the channel tcfchan#1.
11:38:32 INFO  : Connected to target on host '127.0.0.1' and port '3121'.
11:38:33 INFO  : Jtag cable 'RealDigital Boo 88710000000EA' is selected.
11:38:33 INFO  : 'jtag frequency' command is executed.
11:38:33 INFO  : 'targets -set -filter {jtag_cable_name =~ "RealDigital Boo 88710000000EA" && level==0 && jtag_device_ctx=="jsn1-0362f093-0"}' command is executed.
11:38:35 INFO  : Device configured successfully with "D:/School/UIUC_ECE385_SP25/lab7_1/sdk/hdmitest/_ide/bitstream/mb_lab7_1_wrapper.bit"
11:38:35 INFO  : Context for processor 'microblaze_0' is selected.
11:38:35 INFO  : Hardware design and registers information is loaded from 'D:/School/UIUC_ECE385_SP25/lab7_1/sdk/mb_lab7_1_wrapper/export/mb_lab7_1_wrapper/hw/mb_lab7_1_wrapper.xsa'.
11:38:35 INFO  : 'configparams mdm-detect-bscan-mask 2' command is executed.
11:38:35 INFO  : Context for processor 'microblaze_0' is selected.
11:38:35 INFO  : System reset is completed.
11:38:38 INFO  : 'after 3000' command is executed.
11:38:39 INFO  : Context for processor 'microblaze_0' is selected.
11:38:39 INFO  : The application 'D:/School/UIUC_ECE385_SP25/lab7_1/sdk/hdmitest/Debug/hdmitest.elf' is downloaded to processor 'microblaze_0'.
11:38:39 INFO  : ----------------XSDB Script----------------
connect -url tcp:127.0.0.1:3121
targets -set -filter {jtag_cable_name =~ "RealDigital Boo 88710000000EA" && level==0 && jtag_device_ctx=="jsn1-0362f093-0"}
fpga -file D:/School/UIUC_ECE385_SP25/lab7_1/sdk/hdmitest/_ide/bitstream/mb_lab7_1_wrapper.bit
targets -set -nocase -filter {name =~ "*microblaze*#0" && bscan=="USER2" }
loadhw -hw D:/School/UIUC_ECE385_SP25/lab7_1/sdk/mb_lab7_1_wrapper/export/mb_lab7_1_wrapper/hw/mb_lab7_1_wrapper.xsa -regs
configparams mdm-detect-bscan-mask 2
targets -set -nocase -filter {name =~ "*microblaze*#0" && bscan=="USER2" }
rst -system
after 3000
targets -set -nocase -filter {name =~ "*microblaze*#0" && bscan=="USER2" }
dow D:/School/UIUC_ECE385_SP25/lab7_1/sdk/hdmitest/Debug/hdmitest.elf
----------------End of Script----------------

11:38:39 INFO  : Context for processor 'microblaze_0' is selected.
11:38:39 INFO  : 'con' command is executed.
11:38:39 INFO  : ----------------XSDB Script (After Launch)----------------
targets -set -nocase -filter {name =~ "*microblaze*#0" && bscan=="USER2" }
con
----------------End of Script----------------

11:38:39 INFO  : Disconnected from the channel tcfchan#2.
13:11:50 INFO  : Connected to target on host '127.0.0.1' and port '3121'.
13:11:51 INFO  : Jtag cable 'RealDigital Boo 88710000000EA' is selected.
13:11:51 INFO  : 'jtag frequency' command is executed.
13:11:51 INFO  : 'targets -set -filter {jtag_cable_name =~ "RealDigital Boo 88710000000EA" && level==0 && jtag_device_ctx=="jsn1-0362f093-0"}' command is executed.
13:11:53 INFO  : Device configured successfully with "D:/School/UIUC_ECE385_SP25/lab7_1/sdk/hdmitest/_ide/bitstream/mb_lab7_1_wrapper.bit"
13:11:53 INFO  : Context for processor 'microblaze_0' is selected.
13:11:53 INFO  : Hardware design and registers information is loaded from 'D:/School/UIUC_ECE385_SP25/lab7_1/sdk/mb_lab7_1_wrapper/export/mb_lab7_1_wrapper/hw/mb_lab7_1_wrapper.xsa'.
13:11:53 INFO  : 'configparams mdm-detect-bscan-mask 2' command is executed.
13:11:53 INFO  : Context for processor 'microblaze_0' is selected.
13:11:53 INFO  : System reset is completed.
13:11:56 INFO  : 'after 3000' command is executed.
13:11:57 INFO  : Context for processor 'microblaze_0' is selected.
13:11:57 INFO  : The application 'D:/School/UIUC_ECE385_SP25/lab7_1/sdk/hdmitest/Debug/hdmitest.elf' is downloaded to processor 'microblaze_0'.
13:11:57 INFO  : ----------------XSDB Script----------------
connect -url tcp:127.0.0.1:3121
targets -set -filter {jtag_cable_name =~ "RealDigital Boo 88710000000EA" && level==0 && jtag_device_ctx=="jsn1-0362f093-0"}
fpga -file D:/School/UIUC_ECE385_SP25/lab7_1/sdk/hdmitest/_ide/bitstream/mb_lab7_1_wrapper.bit
targets -set -nocase -filter {name =~ "*microblaze*#0" && bscan=="USER2" }
loadhw -hw D:/School/UIUC_ECE385_SP25/lab7_1/sdk/mb_lab7_1_wrapper/export/mb_lab7_1_wrapper/hw/mb_lab7_1_wrapper.xsa -regs
configparams mdm-detect-bscan-mask 2
targets -set -nocase -filter {name =~ "*microblaze*#0" && bscan=="USER2" }
rst -system
after 3000
targets -set -nocase -filter {name =~ "*microblaze*#0" && bscan=="USER2" }
dow D:/School/UIUC_ECE385_SP25/lab7_1/sdk/hdmitest/Debug/hdmitest.elf
----------------End of Script----------------

13:11:57 INFO  : Context for processor 'microblaze_0' is selected.
13:11:57 INFO  : 'con' command is executed.
13:11:57 INFO  : ----------------XSDB Script (After Launch)----------------
targets -set -nocase -filter {name =~ "*microblaze*#0" && bscan=="USER2" }
con
----------------End of Script----------------

13:11:57 INFO  : Disconnected from the channel tcfchan#3.
13:20:21 INFO  : Connected to target on host '127.0.0.1' and port '3121'.
13:20:22 INFO  : Jtag cable 'RealDigital Boo 88710000000EA' is selected.
13:20:22 INFO  : 'jtag frequency' command is executed.
13:20:22 INFO  : 'targets -set -filter {jtag_cable_name =~ "RealDigital Boo 88710000000EA" && level==0 && jtag_device_ctx=="jsn1-0362f093-0"}' command is executed.
13:20:24 INFO  : Device configured successfully with "D:/School/UIUC_ECE385_SP25/lab7_1/sdk/hdmitest/_ide/bitstream/mb_lab7_1_wrapper.bit"
13:20:24 INFO  : Context for processor 'microblaze_0' is selected.
13:20:24 INFO  : Hardware design and registers information is loaded from 'D:/School/UIUC_ECE385_SP25/lab7_1/sdk/mb_lab7_1_wrapper/export/mb_lab7_1_wrapper/hw/mb_lab7_1_wrapper.xsa'.
13:20:24 INFO  : 'configparams mdm-detect-bscan-mask 2' command is executed.
13:20:24 INFO  : Context for processor 'microblaze_0' is selected.
13:20:24 INFO  : System reset is completed.
13:20:27 INFO  : 'after 3000' command is executed.
13:20:28 INFO  : Context for processor 'microblaze_0' is selected.
13:20:28 INFO  : The application 'D:/School/UIUC_ECE385_SP25/lab7_1/sdk/hdmitest/Debug/hdmitest.elf' is downloaded to processor 'microblaze_0'.
13:20:28 INFO  : ----------------XSDB Script----------------
connect -url tcp:127.0.0.1:3121
targets -set -filter {jtag_cable_name =~ "RealDigital Boo 88710000000EA" && level==0 && jtag_device_ctx=="jsn1-0362f093-0"}
fpga -file D:/School/UIUC_ECE385_SP25/lab7_1/sdk/hdmitest/_ide/bitstream/mb_lab7_1_wrapper.bit
targets -set -nocase -filter {name =~ "*microblaze*#0" && bscan=="USER2" }
loadhw -hw D:/School/UIUC_ECE385_SP25/lab7_1/sdk/mb_lab7_1_wrapper/export/mb_lab7_1_wrapper/hw/mb_lab7_1_wrapper.xsa -regs
configparams mdm-detect-bscan-mask 2
targets -set -nocase -filter {name =~ "*microblaze*#0" && bscan=="USER2" }
rst -system
after 3000
targets -set -nocase -filter {name =~ "*microblaze*#0" && bscan=="USER2" }
dow D:/School/UIUC_ECE385_SP25/lab7_1/sdk/hdmitest/Debug/hdmitest.elf
----------------End of Script----------------

13:20:28 INFO  : Context for processor 'microblaze_0' is selected.
13:20:28 INFO  : 'con' command is executed.
13:20:28 INFO  : ----------------XSDB Script (After Launch)----------------
targets -set -nocase -filter {name =~ "*microblaze*#0" && bscan=="USER2" }
con
----------------End of Script----------------

13:20:28 INFO  : Disconnected from the channel tcfchan#4.
01:17:31 DEBUG : Logs will be stored at 'D:/School/UIUC_ECE385_SP25/lab7_1/sdk/IDE.log'.
01:17:32 INFO  : Launching XSCT server: xsct.bat -n  -interactive D:\School\UIUC_ECE385_SP25\lab7_1\sdk\temp_xsdb_launch_script.tcl
01:17:35 INFO  : Platform repository initialization has completed.
01:17:35 INFO  : Registering command handlers for Vitis TCF services
01:17:36 INFO  : XSCT server has started successfully.
01:17:40 INFO  : plnx-install-location is set to ''
01:17:40 INFO  : Successfully done setting XSCT server connection channel  
01:17:40 INFO  : Successfully done query RDI_DATADIR 
01:17:40 INFO  : Successfully done setting workspace for the tool. 
12:51:42 DEBUG : Logs will be stored at 'D:/School/UIUC_ECE385_SP25/lab7_1/sdk/IDE.log'.
12:51:43 INFO  : Launching XSCT server: xsct.bat -n  -interactive D:\School\UIUC_ECE385_SP25\lab7_1\sdk\temp_xsdb_launch_script.tcl
12:51:45 INFO  : XSCT server has started successfully.
12:51:45 INFO  : Successfully done setting XSCT server connection channel  
12:51:45 INFO  : plnx-install-location is set to ''
12:51:45 INFO  : Successfully done setting workspace for the tool. 
12:51:46 INFO  : Registering command handlers for Vitis TCF services
12:51:46 INFO  : Platform repository initialization has completed.
12:51:46 INFO  : Successfully done query RDI_DATADIR 
