Copyright 1986-2022 Xilinx, Inc. All Rights Reserved.
------------------------------------------------------------------------------------
| Tool Version : Vivado v.2022.2 (win64) Build 3671981 Fri Oct 14 05:00:03 MDT 2022
| Date         : Fri May  2 02:59:44 2025
| Host         : Server running 64-bit major release  (build 9200)
| Command      : report_control_sets -verbose -file gpu_top_control_sets_placed.rpt
| Design       : gpu_top
| Device       : xc7s50
------------------------------------------------------------------------------------

Control Set Information

Table of Contents
-----------------
1. Summary
2. Histogram
3. Flip-Flop Distribution
4. Detailed Control Set Information

1. Summary
----------

+----------------------------------------------------------+-------+
|                          Status                          | Count |
+----------------------------------------------------------+-------+
| Total control sets                                       |     9 |
|    Minimum number of control sets                        |     9 |
|    Addition due to synthesis replication                 |     0 |
|    Addition due to physical synthesis replication        |     0 |
| Unused register locations in slices containing registers |    39 |
+----------------------------------------------------------+-------+
* Control sets can be merged at opt_design using control_set_merge or merge_equivalent_drivers
** Run report_qor_suggestions for automated merging and remapping suggestions


2. Histogram
------------

+--------------------+-------+
|       Fanout       | Count |
+--------------------+-------+
| Total control sets |     9 |
| >= 0 to < 4        |     1 |
| >= 4 to < 6        |     2 |
| >= 6 to < 8        |     0 |
| >= 8 to < 10       |     0 |
| >= 10 to < 12      |     1 |
| >= 12 to < 14      |     2 |
| >= 14 to < 16      |     0 |
| >= 16              |     3 |
+--------------------+-------+
* Control sets can be remapped at either synth_design or opt_design


3. Flip-Flop Distribution
-------------------------

+--------------+-----------------------+------------------------+-----------------+--------------+
| Clock Enable | Synchronous Set/Reset | Asynchronous Set/Reset | Total Registers | Total Slices |
+--------------+-----------------------+------------------------+-----------------+--------------+
| No           | No                    | No                     |             113 |           43 |
| No           | No                    | Yes                    |              55 |           30 |
| No           | Yes                   | No                     |               0 |            0 |
| Yes          | No                    | No                     |              31 |            9 |
| Yes          | No                    | Yes                    |              10 |            4 |
| Yes          | Yes                   | No                     |               0 |            0 |
+--------------+-----------------------+------------------------+-----------------+--------------+


4. Detailed Control Set Information
-----------------------------------

+------------------------+--------------------+-----------------------------+------------------+----------------+--------------+
|      Clock Signal      |    Enable Signal   |       Set/Reset Signal      | Slice Load Count | Bel Load Count | Bels / Slice |
+------------------------+--------------------+-----------------------------+------------------+----------------+--------------+
|  clk_IBUF_BUFG         |                    | rst_IBUF                    |                1 |              1 |         1.00 |
|  clk_wiz/inst/clk_out3 |                    |                             |                1 |              4 |         4.00 |
|  clk_IBUF_BUFG         |                    |                             |                2 |              5 |         2.50 |
|  clk_wiz/inst/clk_out1 | vga/vc             | rst_IBUF                    |                4 |             10 |         2.50 |
|  clk_wiz/inst/clk_out1 |                    | rst_IBUF                    |                5 |             12 |         2.40 |
|  clk_wiz/inst/clk_out3 | alu_0/X[8]_i_1_n_0 |                             |                4 |             13 |         3.25 |
|  clk_wiz/inst/clk_out3 | alu_0/z_curr       |                             |                5 |             18 |         3.60 |
|  clk_wiz/inst/clk_out1 |                    | vga_to_hdmi/inst/encr/AR[0] |               24 |             42 |         1.75 |
|  clk_wiz/inst/clk_out1 |                    |                             |               43 |            132 |         3.07 |
+------------------------+--------------------+-----------------------------+------------------+----------------+--------------+


