
*** Running vivado
    with args -log multipliertop.vds -m64 -product Vivado -mode batch -messageDb vivado.pb -notrace -source multipliertop.tcl



****** Vivado v2022.2 (64-bit)
  **** SW Build 3671981 on Fri Oct 14 05:00:03 MDT 2022
  **** IP Build 3669848 on Fri Oct 14 08:30:02 MDT 2022
    ** Copyright 1986-2022 Xilinx, Inc. All Rights Reserved.

source multipliertop.tcl -notrace
Command: read_checkpoint -auto_incremental -incremental D:/lab_4/lab_4.srcs/utils_1/imports/synth_1/multipliertop.dcp
INFO: [Vivado 12-5825] Read reference checkpoint from D:/lab_4/lab_4.srcs/utils_1/imports/synth_1/multipliertop.dcp for incremental synthesis
INFO: [Vivado 12-7989] Please ensure there are no constraint changes
Command: synth_design -top multipliertop -part xc7s50csga324-1
Starting synth_design
Attempting to get a license for feature 'Synthesis' and/or device 'xc7s50'
INFO: [Common 17-349] Got license for feature 'Synthesis' and/or device 'xc7s50'
INFO: [Device 21-403] Loading part xc7s50csga324-1
INFO: [Designutils 20-5440] No compile time benefit to using incremental synthesis; A full resynthesis will be run
INFO: [Designutils 20-4379] Flow is switching to default flow due to incremental criteria not met. If you would like to alter this behaviour and have the flow terminate instead, please set the following parameter config_implementation {autoIncr.Synth.RejectBehavior Terminate}
INFO: [Synth 8-7079] Multithreading enabled for synth_design using a maximum of 2 processes.
INFO: [Synth 8-7078] Launching helper process for spawning children vivado processes
INFO: [Synth 8-7075] Helper process launched with PID 17088
INFO: [Synth 8-11241] undeclared symbol 'REGCCE', assumed default net type 'wire' [C:/Xilinx/Vivado/2022.2/data/verilog/src/unimacro/BRAM_SINGLE_MACRO.v:2170]
WARNING: [Synth 8-11121] redeclaration of ANSI port 'q' is not allowed [D:/lab_4/lab_4.srcs/sources_1/imports/design_source/sync_debounce.sv:20]
INFO: [Synth 8-11241] undeclared symbol 'resetAX', assumed default net type 'wire' [D:/lab_4/lab_4.srcs/sources_1/new/multipliertop.sv:46]
INFO: [Synth 8-11241] undeclared symbol 'rest_load_clear', assumed default net type 'wire' [D:/lab_4/lab_4.srcs/sources_1/new/multipliertop.sv:102]
---------------------------------------------------------------------------------
Starting RTL Elaboration : Time (s): cpu = 00:00:03 ; elapsed = 00:00:04 . Memory (MB): peak = 1810.617 ; gain = 408.961
---------------------------------------------------------------------------------
INFO: [Synth 8-6157] synthesizing module 'multipliertop' [D:/lab_4/lab_4.srcs/sources_1/new/multipliertop.sv:1]
INFO: [Synth 8-6157] synthesizing module 'sync_debounce' [D:/lab_4/lab_4.srcs/sources_1/imports/design_source/sync_debounce.sv:13]
INFO: [Synth 8-6155] done synthesizing module 'sync_debounce' (0#1) [D:/lab_4/lab_4.srcs/sources_1/imports/design_source/sync_debounce.sv:13]
INFO: [Synth 8-6157] synthesizing module 'load_reg' [D:/lab_4/lab_4.srcs/sources_1/imports/design_source/load_reg.sv:1]
	Parameter DATA_WIDTH bound to: 8 - type: integer 
INFO: [Synth 8-6155] done synthesizing module 'load_reg' (0#1) [D:/lab_4/lab_4.srcs/sources_1/imports/design_source/load_reg.sv:1]
INFO: [Synth 8-6157] synthesizing module 'negedge_detector' [D:/lab_4/lab_4.srcs/sources_1/imports/design_source/negedge_detector.sv:1]
INFO: [Synth 8-6155] done synthesizing module 'negedge_detector' (0#1) [D:/lab_4/lab_4.srcs/sources_1/imports/design_source/negedge_detector.sv:1]
INFO: [Synth 8-6157] synthesizing module 'controlunit' [D:/lab_4/lab_4.srcs/sources_1/new/controlunit.sv:23]
INFO: [Synth 8-294] found qualifier unique on case statement: implementing as parallel_case [D:/lab_4/lab_4.srcs/sources_1/new/controlunit.sv:51]
INFO: [Synth 8-294] found qualifier unique on case statement: implementing as parallel_case [D:/lab_4/lab_4.srcs/sources_1/new/controlunit.sv:86]
INFO: [Synth 8-6155] done synthesizing module 'controlunit' (0#1) [D:/lab_4/lab_4.srcs/sources_1/new/controlunit.sv:23]
INFO: [Synth 8-6157] synthesizing module 'ripple_adder' [D:/lab_4/lab_4.srcs/sources_1/imports/design_source/ripple_adder.sv:1]
INFO: [Synth 8-6157] synthesizing module 'full_adder' [D:/lab_4/lab_4.srcs/sources_1/imports/design_source/ripple_adder.sv:32]
INFO: [Synth 8-6155] done synthesizing module 'full_adder' (0#1) [D:/lab_4/lab_4.srcs/sources_1/imports/design_source/ripple_adder.sv:32]
INFO: [Synth 8-6155] done synthesizing module 'ripple_adder' (0#1) [D:/lab_4/lab_4.srcs/sources_1/imports/design_source/ripple_adder.sv:1]
INFO: [Synth 8-6157] synthesizing module 'load_reg__parameterized0' [D:/lab_4/lab_4.srcs/sources_1/imports/design_source/load_reg.sv:1]
	Parameter DATA_WIDTH bound to: 1 - type: integer 
INFO: [Synth 8-6155] done synthesizing module 'load_reg__parameterized0' (0#1) [D:/lab_4/lab_4.srcs/sources_1/imports/design_source/load_reg.sv:1]
INFO: [Synth 8-6157] synthesizing module 'shift_register' [D:/lab_4/lab_4.srcs/sources_1/new/shift_register.sv:1]
INFO: [Synth 8-6155] done synthesizing module 'shift_register' (0#1) [D:/lab_4/lab_4.srcs/sources_1/new/shift_register.sv:1]
INFO: [Synth 8-6157] synthesizing module 'hex_driver' [D:/lab_4/lab_4.srcs/sources_1/imports/design_source/hex_driver.sv:1]
INFO: [Synth 8-6157] synthesizing module 'nibble_to_hex' [D:/lab_4/lab_4.srcs/sources_1/imports/design_source/hex_driver.sv:11]
INFO: [Synth 8-6155] done synthesizing module 'nibble_to_hex' (0#1) [D:/lab_4/lab_4.srcs/sources_1/imports/design_source/hex_driver.sv:11]
INFO: [Synth 8-6157] synthesizing module 'nibble_to_hex' [D:/lab_4/lab_4.srcs/sources_1/imports/design_source/hex_driver.sv:11]
INFO: [Synth 8-6155] done synthesizing module 'nibble_to_hex' (0#1) [D:/lab_4/lab_4.srcs/sources_1/imports/design_source/hex_driver.sv:11]
INFO: [Synth 8-6157] synthesizing module 'nibble_to_hex' [D:/lab_4/lab_4.srcs/sources_1/imports/design_source/hex_driver.sv:11]
INFO: [Synth 8-6155] done synthesizing module 'nibble_to_hex' (0#1) [D:/lab_4/lab_4.srcs/sources_1/imports/design_source/hex_driver.sv:11]
INFO: [Synth 8-6157] synthesizing module 'nibble_to_hex' [D:/lab_4/lab_4.srcs/sources_1/imports/design_source/hex_driver.sv:11]
INFO: [Synth 8-6155] done synthesizing module 'nibble_to_hex' (0#1) [D:/lab_4/lab_4.srcs/sources_1/imports/design_source/hex_driver.sv:11]
INFO: [Synth 8-6155] done synthesizing module 'hex_driver' (0#1) [D:/lab_4/lab_4.srcs/sources_1/imports/design_source/hex_driver.sv:1]
INFO: [Synth 8-6155] done synthesizing module 'multipliertop' (0#1) [D:/lab_4/lab_4.srcs/sources_1/new/multipliertop.sv:1]
WARNING: [Synth 8-3848] Net rest_load_clear in module/entity multipliertop does not have driver. [D:/lab_4/lab_4.srcs/sources_1/new/multipliertop.sv:102]
---------------------------------------------------------------------------------
Finished RTL Elaboration : Time (s): cpu = 00:00:04 ; elapsed = 00:00:05 . Memory (MB): peak = 1901.816 ; gain = 500.160
---------------------------------------------------------------------------------
---------------------------------------------------------------------------------
Start Handling Custom Attributes
---------------------------------------------------------------------------------
---------------------------------------------------------------------------------
Finished Handling Custom Attributes : Time (s): cpu = 00:00:05 ; elapsed = 00:00:05 . Memory (MB): peak = 1901.816 ; gain = 500.160
---------------------------------------------------------------------------------
---------------------------------------------------------------------------------
Finished RTL Optimization Phase 1 : Time (s): cpu = 00:00:05 ; elapsed = 00:00:05 . Memory (MB): peak = 1901.816 ; gain = 500.160
---------------------------------------------------------------------------------
Netlist sorting complete. Time (s): cpu = 00:00:00 ; elapsed = 00:00:00.001 . Memory (MB): peak = 1901.816 ; gain = 0.000
INFO: [Project 1-570] Preparing netlist for logic optimization

Processing XDC Constraints
Initializing timing engine
Parsing XDC File [D:/lab_4/lab_4.srcs/constrs_1/new/pin.xdc]
Finished Parsing XDC File [D:/lab_4/lab_4.srcs/constrs_1/new/pin.xdc]
INFO: [Project 1-236] Implementation specific constraints were found while reading constraint file [D:/lab_4/lab_4.srcs/constrs_1/new/pin.xdc]. These constraints will be ignored for synthesis but will be used in implementation. Impacted constraints are listed in the file [.Xil/multipliertop_propImpl.xdc].
Resolution: To avoid this warning, move constraints listed in [.Xil/multipliertop_propImpl.xdc] to another XDC file and exclude this new file from synthesis with the used_in_synthesis property (File Properties dialog in GUI) and re-run elaboration/synthesis.
Completed Processing XDC Constraints

Netlist sorting complete. Time (s): cpu = 00:00:00 ; elapsed = 00:00:00 . Memory (MB): peak = 1988.730 ; gain = 0.000
INFO: [Project 1-111] Unisim Transformation Summary:
No Unisim elements were transformed.

Constraint Validation Runtime : Time (s): cpu = 00:00:00 ; elapsed = 00:00:00.003 . Memory (MB): peak = 1988.730 ; gain = 0.000
INFO: [Designutils 20-5440] No compile time benefit to using incremental synthesis; A full resynthesis will be run
INFO: [Designutils 20-4379] Flow is switching to default flow due to incremental criteria not met. If you would like to alter this behaviour and have the flow terminate instead, please set the following parameter config_implementation {autoIncr.Synth.RejectBehavior Terminate}
INFO: [Synth 8-11241] undeclared symbol 'REGCCE', assumed default net type 'wire' [C:/Xilinx/Vivado/2022.2/data/verilog/src/unimacro/BRAM_SINGLE_MACRO.v:2170]
---------------------------------------------------------------------------------
Finished Constraint Validation : Time (s): cpu = 00:00:10 ; elapsed = 00:00:11 . Memory (MB): peak = 1988.730 ; gain = 587.074
---------------------------------------------------------------------------------
---------------------------------------------------------------------------------
Start Loading Part and Timing Information
---------------------------------------------------------------------------------
Loading part: xc7s50csga324-1
---------------------------------------------------------------------------------
Finished Loading Part and Timing Information : Time (s): cpu = 00:00:10 ; elapsed = 00:00:11 . Memory (MB): peak = 1988.730 ; gain = 587.074
---------------------------------------------------------------------------------
---------------------------------------------------------------------------------
Start Applying 'set_property' XDC Constraints
---------------------------------------------------------------------------------
---------------------------------------------------------------------------------
Finished applying 'set_property' XDC Constraints : Time (s): cpu = 00:00:10 ; elapsed = 00:00:11 . Memory (MB): peak = 1988.730 ; gain = 587.074
---------------------------------------------------------------------------------
INFO: [Synth 8-802] inferred FSM for state register 'curr_state_reg' in module 'controlunit'
---------------------------------------------------------------------------------------------------
                   State |                     New Encoding |                Previous Encoding 
---------------------------------------------------------------------------------------------------
                 s_start |             00000000000000000001 |                            00000
                s_clearA |             00000000000000000010 |                            00001
                  s_add0 |             00000000000000000100 |                            00010
                s_shift0 |             00000000000000001000 |                            00011
                  s_add1 |             00000000000000010000 |                            00100
                s_shift1 |             00000000000000100000 |                            00101
                  s_add2 |             00000000000001000000 |                            00110
                s_shift2 |             00000000000010000000 |                            00111
                  s_add3 |             00000000000100000000 |                            01000
                s_shift3 |             00000000001000000000 |                            01001
                  s_add4 |             00000000010000000000 |                            01010
                s_shift4 |             00000000100000000000 |                            01011
                  s_add5 |             00000001000000000000 |                            01100
                s_shift5 |             00000010000000000000 |                            01101
                  s_add6 |             00000100000000000000 |                            01110
                s_shift6 |             00001000000000000000 |                            01111
                  s_add7 |             00010000000000000000 |                            10000
                s_shift7 |             00100000000000000000 |                            10001
                  s_done |             01000000000000000000 |                            10010
                  iSTATE |             10000000000000000000 |                            11111
---------------------------------------------------------------------------------------------------
INFO: [Synth 8-3354] encoded FSM with state register 'curr_state_reg' using encoding 'one-hot' in module 'controlunit'
---------------------------------------------------------------------------------
Finished RTL Optimization Phase 2 : Time (s): cpu = 00:00:10 ; elapsed = 00:00:11 . Memory (MB): peak = 1988.730 ; gain = 587.074
---------------------------------------------------------------------------------
---------------------------------------------------------------------------------
Start RTL Component Statistics 
---------------------------------------------------------------------------------
Detailed RTL Component Info : 
+---XORs : 
	   2 Input      8 Bit         XORs := 1     
	   3 Input      1 Bit         XORs := 9     
	   2 Input      1 Bit         XORs := 2     
+---Registers : 
	                8 Bit    Registers := 3     
	                1 Bit    Registers := 9     
+---Muxes : 
	  19 Input   20 Bit        Muxes := 1     
	   2 Input   20 Bit        Muxes := 1     
	   2 Input    8 Bit        Muxes := 3     
	   4 Input    8 Bit        Muxes := 1     
	   5 Input    4 Bit        Muxes := 1     
	   6 Input    1 Bit        Muxes := 5     
	  20 Input    1 Bit        Muxes := 1     
	   2 Input    1 Bit        Muxes := 2     
---------------------------------------------------------------------------------
Finished RTL Component Statistics 
---------------------------------------------------------------------------------
---------------------------------------------------------------------------------
Start Part Resource Summary
---------------------------------------------------------------------------------
Part Resources:
DSPs: 120 (col length:60)
BRAMs: 150 (col length: RAMB18 60 RAMB36 30)
---------------------------------------------------------------------------------
Finished Part Resource Summary
---------------------------------------------------------------------------------
---------------------------------------------------------------------------------
Start Cross Boundary and Area Optimization
---------------------------------------------------------------------------------
WARNING: [Synth 8-7080] Parallel synthesis criteria is not met
WARNING: [Synth 8-3917] design multipliertop has port hex_seg_o[7] driven by constant 1
WARNING: [Synth 8-3332] Sequential element (control/FSM_onehot_curr_state_reg[19]) is unused and will be removed from module multipliertop.
---------------------------------------------------------------------------------
Finished Cross Boundary and Area Optimization : Time (s): cpu = 00:00:12 ; elapsed = 00:00:13 . Memory (MB): peak = 1988.730 ; gain = 587.074
---------------------------------------------------------------------------------
---------------------------------------------------------------------------------
Start Applying XDC Timing Constraints
---------------------------------------------------------------------------------
---------------------------------------------------------------------------------
Finished Applying XDC Timing Constraints : Time (s): cpu = 00:00:16 ; elapsed = 00:00:18 . Memory (MB): peak = 1988.730 ; gain = 587.074
---------------------------------------------------------------------------------
---------------------------------------------------------------------------------
Start Timing Optimization
---------------------------------------------------------------------------------
---------------------------------------------------------------------------------
Finished Timing Optimization : Time (s): cpu = 00:00:16 ; elapsed = 00:00:18 . Memory (MB): peak = 1988.730 ; gain = 587.074
---------------------------------------------------------------------------------
---------------------------------------------------------------------------------
Start Technology Mapping
---------------------------------------------------------------------------------
---------------------------------------------------------------------------------
Finished Technology Mapping : Time (s): cpu = 00:00:16 ; elapsed = 00:00:18 . Memory (MB): peak = 1988.730 ; gain = 587.074
---------------------------------------------------------------------------------
---------------------------------------------------------------------------------
Start IO Insertion
---------------------------------------------------------------------------------
---------------------------------------------------------------------------------
Start Flattening Before IO Insertion
---------------------------------------------------------------------------------
---------------------------------------------------------------------------------
Finished Flattening Before IO Insertion
---------------------------------------------------------------------------------
---------------------------------------------------------------------------------
Start Final Netlist Cleanup
---------------------------------------------------------------------------------
---------------------------------------------------------------------------------
Finished Final Netlist Cleanup
---------------------------------------------------------------------------------
---------------------------------------------------------------------------------
Finished IO Insertion : Time (s): cpu = 00:00:20 ; elapsed = 00:00:21 . Memory (MB): peak = 1988.730 ; gain = 587.074
---------------------------------------------------------------------------------
---------------------------------------------------------------------------------
Start Renaming Generated Instances
---------------------------------------------------------------------------------
---------------------------------------------------------------------------------
Finished Renaming Generated Instances : Time (s): cpu = 00:00:20 ; elapsed = 00:00:21 . Memory (MB): peak = 1988.730 ; gain = 587.074
---------------------------------------------------------------------------------
---------------------------------------------------------------------------------
Start Rebuilding User Hierarchy
---------------------------------------------------------------------------------
---------------------------------------------------------------------------------
Finished Rebuilding User Hierarchy : Time (s): cpu = 00:00:20 ; elapsed = 00:00:21 . Memory (MB): peak = 1988.730 ; gain = 587.074
---------------------------------------------------------------------------------
---------------------------------------------------------------------------------
Start Renaming Generated Ports
---------------------------------------------------------------------------------
---------------------------------------------------------------------------------
Finished Renaming Generated Ports : Time (s): cpu = 00:00:20 ; elapsed = 00:00:21 . Memory (MB): peak = 1988.730 ; gain = 587.074
---------------------------------------------------------------------------------
---------------------------------------------------------------------------------
Start Handling Custom Attributes
---------------------------------------------------------------------------------
---------------------------------------------------------------------------------
Finished Handling Custom Attributes : Time (s): cpu = 00:00:20 ; elapsed = 00:00:21 . Memory (MB): peak = 1988.730 ; gain = 587.074
---------------------------------------------------------------------------------
---------------------------------------------------------------------------------
Start Renaming Generated Nets
---------------------------------------------------------------------------------
---------------------------------------------------------------------------------
Finished Renaming Generated Nets : Time (s): cpu = 00:00:20 ; elapsed = 00:00:21 . Memory (MB): peak = 1988.730 ; gain = 587.074
---------------------------------------------------------------------------------
---------------------------------------------------------------------------------
Start Writing Synthesis Report
---------------------------------------------------------------------------------

Report BlackBoxes: 
+-+--------------+----------+
| |BlackBox name |Instances |
+-+--------------+----------+
+-+--------------+----------+

Report Cell Usage: 
+------+-------+------+
|      |Cell   |Count |
+------+-------+------+
|1     |BUFG   |     1|
|2     |CARRY4 |    13|
|3     |LUT1   |     5|
|4     |LUT2   |    13|
|5     |LUT3   |     7|
|6     |LUT4   |    27|
|7     |LUT5   |     4|
|8     |LUT6   |    35|
|9     |MUXF7  |     4|
|10    |FDRE   |   100|
|11    |FDSE   |     1|
|12    |IBUF   |    11|
|13    |OBUF   |    29|
+------+-------+------+
---------------------------------------------------------------------------------
Finished Writing Synthesis Report : Time (s): cpu = 00:00:20 ; elapsed = 00:00:21 . Memory (MB): peak = 1988.730 ; gain = 587.074
---------------------------------------------------------------------------------
Synthesis finished with 0 errors, 0 critical warnings and 3 warnings.
Synthesis Optimization Runtime : Time (s): cpu = 00:00:14 ; elapsed = 00:00:20 . Memory (MB): peak = 1988.730 ; gain = 500.160
Synthesis Optimization Complete : Time (s): cpu = 00:00:20 ; elapsed = 00:00:21 . Memory (MB): peak = 1988.730 ; gain = 587.074
INFO: [Project 1-571] Translating synthesized netlist
Netlist sorting complete. Time (s): cpu = 00:00:00 ; elapsed = 00:00:00.001 . Memory (MB): peak = 1988.730 ; gain = 0.000
INFO: [Netlist 29-17] Analyzing 17 Unisim elements for replacement
INFO: [Netlist 29-28] Unisim Transformation completed in 0 CPU seconds
INFO: [Project 1-570] Preparing netlist for logic optimization
INFO: [Opt 31-138] Pushed 0 inverter(s) to 0 load pin(s).
Netlist sorting complete. Time (s): cpu = 00:00:00 ; elapsed = 00:00:00 . Memory (MB): peak = 1988.730 ; gain = 0.000
INFO: [Project 1-111] Unisim Transformation Summary:
No Unisim elements were transformed.

Synth Design complete, checksum: a3144485
INFO: [Common 17-83] Releasing license: Synthesis
57 Infos, 5 Warnings, 0 Critical Warnings and 0 Errors encountered.
synth_design completed successfully
synth_design: Time (s): cpu = 00:00:24 ; elapsed = 00:00:26 . Memory (MB): peak = 1988.730 ; gain = 961.996
INFO: [Common 17-1381] The checkpoint 'D:/lab_4/lab_4.runs/synth_1/multipliertop.dcp' has been generated.
INFO: [runtcl-4] Executing : report_utilization -file multipliertop_utilization_synth.rpt -pb multipliertop_utilization_synth.pb
INFO: [Common 17-206] Exiting Vivado at Thu Feb 20 17:18:56 2025...
