Copyright 1986-2022 Xilinx, Inc. All Rights Reserved.
------------------------------------------------------------------------------------
| Tool Version : Vivado v.2022.2 (win64) Build 3671981 Fri Oct 14 05:00:03 MDT 2022
| Date         : Fri May  9 13:26:52 2025
| Host         : Server running 64-bit major release  (build 9200)
| Command      : upgrade_ip
| Device       : xc7s50csga324-1
------------------------------------------------------------------------------------

Upgrade Log for IP 'mb_lab7_1_hdmi_text_controller_0_0'

1. Summary
----------

SUCCESS in the upgrade of mb_lab7_1_hdmi_text_controller_0_0 (xilinx.com:user:hdmi_text_controller:1.0) from (Rev. 20) to (Rev. 21)






Copyright 1986-2022 Xilinx, Inc. All Rights Reserved.
------------------------------------------------------------------------------------
| Tool Version : Vivado v.2022.2 (win64) Build 3671981 Fri Oct 14 05:00:03 MDT 2022
| Date         : Fri May  9 12:49:44 2025
| Host         : Server running 64-bit major release  (build 9200)
| Command      : upgrade_ip
| Device       : xc7s50csga324-1
------------------------------------------------------------------------------------

Upgrade Log for IP 'mb_lab7_1_hdmi_text_controller_0_0'

1. Summary
----------

SUCCESS in the upgrade of mb_lab7_1_hdmi_text_controller_0_0 (xilinx.com:user:hdmi_text_controller:1.0) from (Rev. 19) to (Rev. 20)






Copyright 1986-2022 Xilinx, Inc. All Rights Reserved.
------------------------------------------------------------------------------------
| Tool Version : Vivado v.2022.2 (win64) Build 3671981 Fri Oct 14 05:00:03 MDT 2022
| Date         : Fri May  9 12:24:59 2025
| Host         : Server running 64-bit major release  (build 9200)
| Command      : upgrade_ip
| Device       : xc7s50csga324-1
------------------------------------------------------------------------------------

Upgrade Log for IP 'mb_lab7_1_hdmi_text_controller_0_0'

1. Summary
----------

CAUTION (success, with warnings) in the upgrade of mb_lab7_1_hdmi_text_controller_0_0 (xilinx.com:user:hdmi_text_controller:1.0) from (Rev. 18) to (Rev. 19)

After upgrade, an IP may have parameter and port differences compared to the original customization. Please review the parameters within the IP customization GUI to ensure proper functionality. Also, please review the updated IP instantiation template to ensure proper connectivity, and update your design if required.

2. Connection Warnings
----------------------

Detected external port differences while upgrading 'mb_lab7_1_hdmi_text_controller_0_0'. These changes may impact your design.


-Upgraded port 'gpu_ready' width 2 differs from original width 1







Copyright 1986-2022 Xilinx, Inc. All Rights Reserved.
------------------------------------------------------------------------------------
| Tool Version : Vivado v.2022.2 (win64) Build 3671981 Fri Oct 14 05:00:03 MDT 2022
| Date         : Fri May  9 11:39:33 2025
| Host         : Server running 64-bit major release  (build 9200)
| Command      : upgrade_ip
| Device       : xc7s50csga324-1
------------------------------------------------------------------------------------

Upgrade Log for IP 'mb_lab7_1_hdmi_text_controller_0_0'

1. Summary
----------

SUCCESS in the upgrade of mb_lab7_1_hdmi_text_controller_0_0 (xilinx.com:user:hdmi_text_controller:1.0) from (Rev. 17) to (Rev. 18)






Copyright 1986-2022 Xilinx, Inc. All Rights Reserved.
------------------------------------------------------------------------------------
| Tool Version : Vivado v.2022.2 (win64) Build 3671981 Fri Oct 14 05:00:03 MDT 2022
| Date         : Fri May  9 10:59:16 2025
| Host         : Server running 64-bit major release  (build 9200)
| Command      : upgrade_ip
| Device       : xc7s50csga324-1
------------------------------------------------------------------------------------

Upgrade Log for IP 'mb_lab7_1_hdmi_text_controller_0_0'

1. Summary
----------

CAUTION (success, with warnings) in the upgrade of mb_lab7_1_hdmi_text_controller_0_0 (xilinx.com:user:hdmi_text_controller:1.0) from (Rev. 16) to (Rev. 17)

After upgrade, an IP may have parameter and port differences compared to the original customization. Please review the parameters within the IP customization GUI to ensure proper functionality. Also, please review the updated IP instantiation template to ensure proper connectivity, and update your design if required.

2. Connection Warnings
----------------------

Detected external port differences while upgrading 'mb_lab7_1_hdmi_text_controller_0_0'. These changes may impact your design.


-Upgrade has added port 'control'







Copyright 1986-2022 Xilinx, Inc. All Rights Reserved.
------------------------------------------------------------------------------------
| Tool Version : Vivado v.2022.2 (win64) Build 3671981 Fri Oct 14 05:00:03 MDT 2022
| Date         : Thu May  8 12:07:51 2025
| Host         : Server running 64-bit major release  (build 9200)
| Command      : upgrade_ip
| Device       : xc7s50csga324-1
------------------------------------------------------------------------------------

Upgrade Log for IP 'mb_lab7_1_hdmi_text_controller_0_0'

1. Summary
----------

SUCCESS in the upgrade of mb_lab7_1_hdmi_text_controller_0_0 (xilinx.com:user:hdmi_text_controller:1.0) from (Rev. 15) to (Rev. 16)






Copyright 1986-2022 Xilinx, Inc. All Rights Reserved.
------------------------------------------------------------------------------------
| Tool Version : Vivado v.2022.2 (win64) Build 3671981 Fri Oct 14 05:00:03 MDT 2022
| Date         : Mon May  5 02:15:41 2025
| Host         : Server running 64-bit major release  (build 9200)
| Command      : upgrade_ip
| Device       : xc7s50csga324-1
------------------------------------------------------------------------------------

Upgrade Log for IP 'mb_lab7_1_hdmi_text_controller_0_0'

1. Summary
----------

SUCCESS in the upgrade of mb_lab7_1_hdmi_text_controller_0_0 (xilinx.com:user:hdmi_text_controller:1.0) from (Rev. 14) to (Rev. 15)






Copyright 1986-2022 Xilinx, Inc. All Rights Reserved.
------------------------------------------------------------------------------------
| Tool Version : Vivado v.2022.2 (win64) Build 3671981 Fri Oct 14 05:00:03 MDT 2022
| Date         : Thu May  1 21:30:39 2025
| Host         : Server running 64-bit major release  (build 9200)
| Command      : upgrade_ip
| Device       : xc7s50csga324-1
------------------------------------------------------------------------------------

Upgrade Log for IP 'mb_lab7_1_hdmi_text_controller_0_0'

1. Summary
----------

CAUTION (success, with warnings) in the upgrade of mb_lab7_1_hdmi_text_controller_0_0 (xilinx.com:user:hdmi_text_controller:1.0) from (Rev. 13) to (Rev. 14)

After upgrade, an IP may have parameter and port differences compared to the original customization. Please review the parameters within the IP customization GUI to ensure proper functionality. Also, please review the updated IP instantiation template to ensure proper connectivity, and update your design if required.

2. Interface Information
------------------------

Detected external interface differences while upgrading 'mb_lab7_1_hdmi_text_controller_0_0'.


-Upgrade has removed interface 'HDMI'


3. Connection Warnings
----------------------

Detected external port differences while upgrading 'mb_lab7_1_hdmi_text_controller_0_0'. These changes may impact your design.


-Upgraded port 'axi_araddr' width 4 differs from original width 14

-Upgraded port 'axi_awaddr' width 4 differs from original width 14

-Upgrade has removed port 'hdmi_clk_n'

-Upgrade has removed port 'hdmi_clk_p'

-Upgrade has removed port 'hdmi_tx_n'

-Upgrade has removed port 'hdmi_tx_p'

-Upgrade has added port 'gpu_ready'

-Upgrade has added port 'line_data'


4. Customization warnings
-------------------------

An attempt to modify the value of disabled parameter 'C_AXI_ADDR_WIDTH' from '4' to '14' has been ignored for IP 'mb_lab7_1_hdmi_text_controller_0_0'


5. Debug Commands
-----------------

  The following debug information can be passed to Vivado as Tcl commands,
in order to validate or debug the output of the upgrade flow.
  You may consult any warnings from within this upgrade, and alter or remove
the configuration parameter(s) which caused the warning; then execute the Tcl
commands, and use the IP Customization GUI to verify the IP configuration.

create_ip -vlnv xilinx.com:user:hdmi_text_controller:1.0 -user_name mb_lab7_1_hdmi_text_controller_0_0
set_property -dict "\
  CONFIG.AXI.ADDR_WIDTH {14} \
  CONFIG.AXI.ARUSER_WIDTH {0} \
  CONFIG.AXI.AWUSER_WIDTH {0} \
  CONFIG.AXI.BUSER_WIDTH {0} \
  CONFIG.AXI.CLK_DOMAIN {/clk_wiz_1_clk_out1} \
  CONFIG.AXI.DATA_WIDTH {32} \
  CONFIG.AXI.FREQ_HZ {100000000} \
  CONFIG.AXI.HAS_BRESP {1} \
  CONFIG.AXI.HAS_BURST {0} \
  CONFIG.AXI.HAS_CACHE {0} \
  CONFIG.AXI.HAS_LOCK {0} \
  CONFIG.AXI.HAS_PROT {1} \
  CONFIG.AXI.HAS_QOS {0} \
  CONFIG.AXI.HAS_REGION {0} \
  CONFIG.AXI.HAS_RRESP {1} \
  CONFIG.AXI.HAS_WSTRB {1} \
  CONFIG.AXI.ID_WIDTH {0} \
  CONFIG.AXI.INSERT_VIP {0} \
  CONFIG.AXI.MAX_BURST_LENGTH {1} \
  CONFIG.AXI.NUM_READ_OUTSTANDING {2} \
  CONFIG.AXI.NUM_READ_THREADS {1} \
  CONFIG.AXI.NUM_WRITE_OUTSTANDING {2} \
  CONFIG.AXI.NUM_WRITE_THREADS {1} \
  CONFIG.AXI.PHASE {0.0} \
  CONFIG.AXI.PROTOCOL {AXI4LITE} \
  CONFIG.AXI.READ_WRITE_MODE {READ_WRITE} \
  CONFIG.AXI.RUSER_BITS_PER_BYTE {0} \
  CONFIG.AXI.RUSER_WIDTH {0} \
  CONFIG.AXI.SUPPORTS_NARROW_BURST {0} \
  CONFIG.AXI.WIZ_DATA_WIDTH {32} \
  CONFIG.AXI.WIZ_NUM_REG {4} \
  CONFIG.AXI.WUSER_BITS_PER_BYTE {0} \
  CONFIG.AXI.WUSER_WIDTH {0} \
  CONFIG.AXI_CLK.ASSOCIATED_BUSIF {AXI} \
  CONFIG.AXI_CLK.ASSOCIATED_PORT {} \
  CONFIG.AXI_CLK.ASSOCIATED_RESET {axi_aresetn} \
  CONFIG.AXI_CLK.CLK_DOMAIN {/clk_wiz_1_clk_out1} \
  CONFIG.AXI_CLK.FREQ_HZ {100000000} \
  CONFIG.AXI_CLK.FREQ_TOLERANCE_HZ {0} \
  CONFIG.AXI_CLK.INSERT_VIP {0} \
  CONFIG.AXI_CLK.PHASE {0.0} \
  CONFIG.AXI_RST.INSERT_VIP {0} \
  CONFIG.AXI_RST.POLARITY {ACTIVE_LOW} \
  CONFIG.C_AXI_ADDR_WIDTH {14} \
  CONFIG.C_AXI_BASEADDR {0xFFFFFFFF} \
  CONFIG.C_AXI_DATA_WIDTH {32} \
  CONFIG.C_AXI_HIGHADDR {0x00000000} \
  CONFIG.Component_Name {mb_lab7_1_hdmi_text_controller_0_0} " [get_ips mb_lab7_1_hdmi_text_controller_0_0]







Copyright 1986-2022 Xilinx, Inc. All Rights Reserved.
------------------------------------------------------------------------------------
| Tool Version : Vivado v.2022.2 (win64) Build 3671981 Fri Oct 14 05:00:03 MDT 2022
| Date         : Sun Apr 27 17:15:48 2025
| Host         : Server running 64-bit major release  (build 9200)
| Command      : upgrade_ip
| Device       : xc7s50csga324-1
------------------------------------------------------------------------------------

Upgrade Log for IP 'mb_lab7_1_hdmi_text_controller_0_0'

1. Summary
----------

SUCCESS in the conversion of mb_lab7_1_hdmi_text_controller_0_0 (xilinx.com:user:hdmi_text_controller:1.0 (Rev. 13)) to Vivado generation flows.

