14:07:25 DEBUG : Logs will be stored at 'D:/School/UIUC_ECE385_SP25/lab7_2/sdk/IDE.log'.
14:07:27 INFO  : Platform repository initialization has completed.
14:07:27 INFO  : Registering command handlers for Vitis TCF services
14:07:27 INFO  : Launching XSCT server: xsct.bat -n  -interactive D:\School\UIUC_ECE385_SP25\lab7_2\sdk\temp_xsdb_launch_script.tcl
14:07:30 INFO  : XSCT server has started successfully.
14:07:33 INFO  : plnx-install-location is set to ''
14:07:33 INFO  : Successfully done setting XSCT server connection channel  
14:07:33 INFO  : Successfully done query RDI_DATADIR 
14:07:33 INFO  : Successfully done setting workspace for the tool. 
14:08:19 INFO  : Result from executing command 'getProjects': mb_lab7_1_wrapper
14:08:19 INFO  : Result from executing command 'getPlatforms': 
14:08:19 WARN  : An unexpected exception occurred in the module 'platform project logging'
14:08:20 INFO  : Platform 'mb_lab7_1_wrapper' is added to custom repositories.
14:08:21 INFO  : Platform 'mb_lab7_1_wrapper' is added to custom repositories.
14:11:06 INFO  : Result from executing command 'getProjects': mb_lab7_1_wrapper
14:11:06 INFO  : Result from executing command 'getPlatforms': mb_lab7_1_wrapper|D:/School/UIUC_ECE385_SP25/lab7_2/sdk/mb_lab7_1_wrapper/export/mb_lab7_1_wrapper/mb_lab7_1_wrapper.xpfm
14:11:06 INFO  : Checking for BSP changes to sync application flags for project 'lab7_2'...
14:49:22 INFO  : Connected to target on host '127.0.0.1' and port '3121'.
14:49:24 INFO  : Jtag cable 'RealDigital Boo 88710000000EA' is selected.
14:49:24 INFO  : 'jtag frequency' command is executed.
14:49:24 INFO  : 'targets -set -filter {jtag_cable_name =~ "RealDigital Boo 88710000000EA" && level==0 && jtag_device_ctx=="jsn1-0362f093-0"}' command is executed.
14:49:26 INFO  : Device configured successfully with "D:/School/UIUC_ECE385_SP25/lab7_2/sdk/lab7_2/_ide/bitstream/mb_lab7_1_wrapper.bit"
14:49:26 INFO  : Context for processor 'microblaze_0' is selected.
14:49:26 INFO  : Hardware design and registers information is loaded from 'D:/School/UIUC_ECE385_SP25/lab7_2/sdk/mb_lab7_1_wrapper/export/mb_lab7_1_wrapper/hw/mb_lab7_1_wrapper.xsa'.
14:49:26 INFO  : 'configparams mdm-detect-bscan-mask 2' command is executed.
14:49:26 INFO  : Context for processor 'microblaze_0' is selected.
14:49:26 INFO  : System reset is completed.
14:49:29 INFO  : 'after 3000' command is executed.
14:49:30 INFO  : Context for processor 'microblaze_0' is selected.
14:49:30 INFO  : The application 'D:/School/UIUC_ECE385_SP25/lab7_2/sdk/lab7_2/Debug/lab7_2.elf' is downloaded to processor 'microblaze_0'.
14:49:30 INFO  : ----------------XSDB Script----------------
connect -url tcp:127.0.0.1:3121
targets -set -filter {jtag_cable_name =~ "RealDigital Boo 88710000000EA" && level==0 && jtag_device_ctx=="jsn1-0362f093-0"}
fpga -file D:/School/UIUC_ECE385_SP25/lab7_2/sdk/lab7_2/_ide/bitstream/mb_lab7_1_wrapper.bit
targets -set -nocase -filter {name =~ "*microblaze*#0" && bscan=="USER2" }
loadhw -hw D:/School/UIUC_ECE385_SP25/lab7_2/sdk/mb_lab7_1_wrapper/export/mb_lab7_1_wrapper/hw/mb_lab7_1_wrapper.xsa -regs
configparams mdm-detect-bscan-mask 2
targets -set -nocase -filter {name =~ "*microblaze*#0" && bscan=="USER2" }
rst -system
after 3000
targets -set -nocase -filter {name =~ "*microblaze*#0" && bscan=="USER2" }
dow D:/School/UIUC_ECE385_SP25/lab7_2/sdk/lab7_2/Debug/lab7_2.elf
----------------End of Script----------------

14:49:30 INFO  : Context for processor 'microblaze_0' is selected.
14:49:30 INFO  : 'con' command is executed.
14:49:30 INFO  : ----------------XSDB Script (After Launch)----------------
targets -set -nocase -filter {name =~ "*microblaze*#0" && bscan=="USER2" }
con
----------------End of Script----------------

14:49:30 INFO  : Disconnected from the channel tcfchan#2.
14:49:46 INFO  : Connected to target on host '127.0.0.1' and port '3121'.
14:49:47 INFO  : Jtag cable 'RealDigital Boo 88710000000EA' is selected.
14:49:47 INFO  : 'jtag frequency' command is executed.
14:49:48 INFO  : 'targets -set -filter {jtag_cable_name =~ "RealDigital Boo 88710000000EA" && level==0 && jtag_device_ctx=="jsn1-0362f093-0"}' command is executed.
14:49:49 INFO  : Device configured successfully with "D:/School/UIUC_ECE385_SP25/lab7_2/sdk/lab7_2/_ide/bitstream/mb_lab7_1_wrapper.bit"
14:49:49 INFO  : Context for processor 'microblaze_0' is selected.
14:49:49 INFO  : Hardware design and registers information is loaded from 'D:/School/UIUC_ECE385_SP25/lab7_2/sdk/mb_lab7_1_wrapper/export/mb_lab7_1_wrapper/hw/mb_lab7_1_wrapper.xsa'.
14:49:49 INFO  : 'configparams mdm-detect-bscan-mask 2' command is executed.
14:49:49 INFO  : Context for processor 'microblaze_0' is selected.
14:49:49 INFO  : System reset is completed.
14:49:52 INFO  : 'after 3000' command is executed.
14:49:53 INFO  : Context for processor 'microblaze_0' is selected.
14:49:53 INFO  : The application 'D:/School/UIUC_ECE385_SP25/lab7_2/sdk/lab7_2/Debug/lab7_2.elf' is downloaded to processor 'microblaze_0'.
14:49:53 INFO  : ----------------XSDB Script----------------
connect -url tcp:127.0.0.1:3121
targets -set -filter {jtag_cable_name =~ "RealDigital Boo 88710000000EA" && level==0 && jtag_device_ctx=="jsn1-0362f093-0"}
fpga -file D:/School/UIUC_ECE385_SP25/lab7_2/sdk/lab7_2/_ide/bitstream/mb_lab7_1_wrapper.bit
targets -set -nocase -filter {name =~ "*microblaze*#0" && bscan=="USER2" }
loadhw -hw D:/School/UIUC_ECE385_SP25/lab7_2/sdk/mb_lab7_1_wrapper/export/mb_lab7_1_wrapper/hw/mb_lab7_1_wrapper.xsa -regs
configparams mdm-detect-bscan-mask 2
targets -set -nocase -filter {name =~ "*microblaze*#0" && bscan=="USER2" }
rst -system
after 3000
targets -set -nocase -filter {name =~ "*microblaze*#0" && bscan=="USER2" }
dow D:/School/UIUC_ECE385_SP25/lab7_2/sdk/lab7_2/Debug/lab7_2.elf
----------------End of Script----------------

14:49:53 INFO  : Context for processor 'microblaze_0' is selected.
14:49:53 INFO  : 'con' command is executed.
14:49:53 INFO  : ----------------XSDB Script (After Launch)----------------
targets -set -nocase -filter {name =~ "*microblaze*#0" && bscan=="USER2" }
con
----------------End of Script----------------

14:49:53 INFO  : Disconnected from the channel tcfchan#3.
14:57:56 INFO  : Checking for BSP changes to sync application flags for project 'lab7_2'...
14:58:03 INFO  : Connected to target on host '127.0.0.1' and port '3121'.
14:58:03 INFO  : Jtag cable 'RealDigital Boo 88710000000EA' is selected.
14:58:03 INFO  : 'jtag frequency' command is executed.
14:58:03 INFO  : 'targets -set -filter {jtag_cable_name =~ "RealDigital Boo 88710000000EA" && level==0 && jtag_device_ctx=="jsn1-0362f093-0"}' command is executed.
14:58:04 INFO  : Device configured successfully with "D:/School/UIUC_ECE385_SP25/lab7_2/sdk/lab7_2/_ide/bitstream/mb_lab7_1_wrapper.bit"
14:58:04 INFO  : Context for processor 'microblaze_0' is selected.
14:58:04 INFO  : Hardware design and registers information is loaded from 'D:/School/UIUC_ECE385_SP25/lab7_2/sdk/mb_lab7_1_wrapper/export/mb_lab7_1_wrapper/hw/mb_lab7_1_wrapper.xsa'.
14:58:04 INFO  : 'configparams mdm-detect-bscan-mask 2' command is executed.
14:58:04 INFO  : Context for processor 'microblaze_0' is selected.
14:58:04 INFO  : System reset is completed.
14:58:07 INFO  : 'after 3000' command is executed.
14:58:07 INFO  : Context for processor 'microblaze_0' is selected.
14:58:08 INFO  : The application 'D:/School/UIUC_ECE385_SP25/lab7_2/sdk/lab7_2/Debug/lab7_2.elf' is downloaded to processor 'microblaze_0'.
14:58:08 INFO  : ----------------XSDB Script----------------
connect -url tcp:127.0.0.1:3121
targets -set -filter {jtag_cable_name =~ "RealDigital Boo 88710000000EA" && level==0 && jtag_device_ctx=="jsn1-0362f093-0"}
fpga -file D:/School/UIUC_ECE385_SP25/lab7_2/sdk/lab7_2/_ide/bitstream/mb_lab7_1_wrapper.bit
targets -set -nocase -filter {name =~ "*microblaze*#0" && bscan=="USER2" }
loadhw -hw D:/School/UIUC_ECE385_SP25/lab7_2/sdk/mb_lab7_1_wrapper/export/mb_lab7_1_wrapper/hw/mb_lab7_1_wrapper.xsa -regs
configparams mdm-detect-bscan-mask 2
targets -set -nocase -filter {name =~ "*microblaze*#0" && bscan=="USER2" }
rst -system
after 3000
targets -set -nocase -filter {name =~ "*microblaze*#0" && bscan=="USER2" }
dow D:/School/UIUC_ECE385_SP25/lab7_2/sdk/lab7_2/Debug/lab7_2.elf
----------------End of Script----------------

14:58:08 INFO  : Context for processor 'microblaze_0' is selected.
14:58:08 INFO  : 'con' command is executed.
14:58:08 INFO  : ----------------XSDB Script (After Launch)----------------
targets -set -nocase -filter {name =~ "*microblaze*#0" && bscan=="USER2" }
con
----------------End of Script----------------

14:58:08 INFO  : Disconnected from the channel tcfchan#4.
15:07:05 INFO  : Connected to target on host '127.0.0.1' and port '3121'.
15:07:06 INFO  : Jtag cable 'RealDigital Boo 88710000000EA' is selected.
15:07:06 INFO  : 'jtag frequency' command is executed.
15:07:06 INFO  : 'targets -set -filter {jtag_cable_name =~ "RealDigital Boo 88710000000EA" && level==0 && jtag_device_ctx=="jsn1-0362f093-0"}' command is executed.
15:07:07 INFO  : Device configured successfully with "D:/School/UIUC_ECE385_SP25/lab7_2/sdk/lab7_2/_ide/bitstream/mb_lab7_1_wrapper.bit"
15:07:07 INFO  : Context for processor 'microblaze_0' is selected.
15:07:07 INFO  : Hardware design and registers information is loaded from 'D:/School/UIUC_ECE385_SP25/lab7_2/sdk/mb_lab7_1_wrapper/export/mb_lab7_1_wrapper/hw/mb_lab7_1_wrapper.xsa'.
15:07:07 INFO  : 'configparams mdm-detect-bscan-mask 2' command is executed.
15:07:07 INFO  : Context for processor 'microblaze_0' is selected.
15:07:07 INFO  : System reset is completed.
15:07:10 INFO  : 'after 3000' command is executed.
15:07:10 INFO  : Context for processor 'microblaze_0' is selected.
15:07:10 INFO  : The application 'D:/School/UIUC_ECE385_SP25/lab7_2/sdk/lab7_2/Debug/lab7_2.elf' is downloaded to processor 'microblaze_0'.
15:07:10 INFO  : ----------------XSDB Script----------------
connect -url tcp:127.0.0.1:3121
targets -set -filter {jtag_cable_name =~ "RealDigital Boo 88710000000EA" && level==0 && jtag_device_ctx=="jsn1-0362f093-0"}
fpga -file D:/School/UIUC_ECE385_SP25/lab7_2/sdk/lab7_2/_ide/bitstream/mb_lab7_1_wrapper.bit
targets -set -nocase -filter {name =~ "*microblaze*#0" && bscan=="USER2" }
loadhw -hw D:/School/UIUC_ECE385_SP25/lab7_2/sdk/mb_lab7_1_wrapper/export/mb_lab7_1_wrapper/hw/mb_lab7_1_wrapper.xsa -regs
configparams mdm-detect-bscan-mask 2
targets -set -nocase -filter {name =~ "*microblaze*#0" && bscan=="USER2" }
rst -system
after 3000
targets -set -nocase -filter {name =~ "*microblaze*#0" && bscan=="USER2" }
dow D:/School/UIUC_ECE385_SP25/lab7_2/sdk/lab7_2/Debug/lab7_2.elf
----------------End of Script----------------

15:07:10 INFO  : Context for processor 'microblaze_0' is selected.
15:07:10 INFO  : 'con' command is executed.
15:07:10 INFO  : ----------------XSDB Script (After Launch)----------------
targets -set -nocase -filter {name =~ "*microblaze*#0" && bscan=="USER2" }
con
----------------End of Script----------------

15:07:10 INFO  : Disconnected from the channel tcfchan#5.
15:23:39 INFO  : Connected to target on host '127.0.0.1' and port '3121'.
15:23:40 INFO  : Jtag cable 'RealDigital Boo 88710000000EA' is selected.
15:23:40 INFO  : 'jtag frequency' command is executed.
15:23:40 INFO  : 'targets -set -filter {jtag_cable_name =~ "RealDigital Boo 88710000000EA" && level==0 && jtag_device_ctx=="jsn1-0362f093-0"}' command is executed.
15:23:41 INFO  : Device configured successfully with "D:/School/UIUC_ECE385_SP25/lab7_2/sdk/lab7_2/_ide/bitstream/mb_lab7_1_wrapper.bit"
15:23:41 INFO  : Context for processor 'microblaze_0' is selected.
15:23:41 INFO  : Hardware design and registers information is loaded from 'D:/School/UIUC_ECE385_SP25/lab7_2/sdk/mb_lab7_1_wrapper/export/mb_lab7_1_wrapper/hw/mb_lab7_1_wrapper.xsa'.
15:23:41 INFO  : 'configparams mdm-detect-bscan-mask 2' command is executed.
15:23:41 INFO  : Context for processor 'microblaze_0' is selected.
15:23:41 INFO  : System reset is completed.
15:23:44 INFO  : 'after 3000' command is executed.
15:23:44 INFO  : Context for processor 'microblaze_0' is selected.
15:23:45 INFO  : The application 'D:/School/UIUC_ECE385_SP25/lab7_2/sdk/lab7_2/Debug/lab7_2.elf' is downloaded to processor 'microblaze_0'.
15:23:45 INFO  : ----------------XSDB Script----------------
connect -url tcp:127.0.0.1:3121
targets -set -filter {jtag_cable_name =~ "RealDigital Boo 88710000000EA" && level==0 && jtag_device_ctx=="jsn1-0362f093-0"}
fpga -file D:/School/UIUC_ECE385_SP25/lab7_2/sdk/lab7_2/_ide/bitstream/mb_lab7_1_wrapper.bit
targets -set -nocase -filter {name =~ "*microblaze*#0" && bscan=="USER2" }
loadhw -hw D:/School/UIUC_ECE385_SP25/lab7_2/sdk/mb_lab7_1_wrapper/export/mb_lab7_1_wrapper/hw/mb_lab7_1_wrapper.xsa -regs
configparams mdm-detect-bscan-mask 2
targets -set -nocase -filter {name =~ "*microblaze*#0" && bscan=="USER2" }
rst -system
after 3000
targets -set -nocase -filter {name =~ "*microblaze*#0" && bscan=="USER2" }
dow D:/School/UIUC_ECE385_SP25/lab7_2/sdk/lab7_2/Debug/lab7_2.elf
----------------End of Script----------------

15:23:45 INFO  : Context for processor 'microblaze_0' is selected.
15:23:45 INFO  : 'con' command is executed.
15:23:45 INFO  : ----------------XSDB Script (After Launch)----------------
targets -set -nocase -filter {name =~ "*microblaze*#0" && bscan=="USER2" }
con
----------------End of Script----------------

15:23:45 INFO  : Disconnected from the channel tcfchan#6.
15:27:53 INFO  : Hardware specification for platform project 'mb_lab7_1_wrapper' is updated.
15:28:17 INFO  : Result from executing command 'removePlatformRepo': 
15:28:23 INFO  : Result from executing command 'getProjects': mb_lab7_1_wrapper
15:28:23 INFO  : Result from executing command 'getPlatforms': 
15:28:23 INFO  : Checking for BSP changes to sync application flags for project 'lab7_2'...
15:28:30 INFO  : Connected to target on host '127.0.0.1' and port '3121'.
15:28:30 INFO  : Jtag cable 'RealDigital Boo 88710000000EA' is selected.
15:28:30 INFO  : 'jtag frequency' command is executed.
15:28:31 INFO  : 'targets -set -filter {jtag_cable_name =~ "RealDigital Boo 88710000000EA" && level==0 && jtag_device_ctx=="jsn1-0362f093-0"}' command is executed.
15:28:32 INFO  : Device configured successfully with "D:/School/UIUC_ECE385_SP25/lab7_2/sdk/lab7_2/_ide/bitstream/mb_lab7_1_wrapper.bit"
15:28:32 INFO  : Context for processor 'microblaze_0' is selected.
15:28:32 INFO  : Hardware design and registers information is loaded from 'D:/School/UIUC_ECE385_SP25/lab7_2/sdk/mb_lab7_1_wrapper/export/mb_lab7_1_wrapper/hw/mb_lab7_1_wrapper.xsa'.
15:28:32 INFO  : 'configparams mdm-detect-bscan-mask 2' command is executed.
15:28:32 INFO  : Context for processor 'microblaze_0' is selected.
15:28:32 INFO  : System reset is completed.
15:28:35 INFO  : 'after 3000' command is executed.
15:28:35 INFO  : Context for processor 'microblaze_0' is selected.
15:28:35 INFO  : The application 'D:/School/UIUC_ECE385_SP25/lab7_2/sdk/lab7_2/Debug/lab7_2.elf' is downloaded to processor 'microblaze_0'.
15:28:35 INFO  : ----------------XSDB Script----------------
connect -url tcp:127.0.0.1:3121
targets -set -filter {jtag_cable_name =~ "RealDigital Boo 88710000000EA" && level==0 && jtag_device_ctx=="jsn1-0362f093-0"}
fpga -file D:/School/UIUC_ECE385_SP25/lab7_2/sdk/lab7_2/_ide/bitstream/mb_lab7_1_wrapper.bit
targets -set -nocase -filter {name =~ "*microblaze*#0" && bscan=="USER2" }
loadhw -hw D:/School/UIUC_ECE385_SP25/lab7_2/sdk/mb_lab7_1_wrapper/export/mb_lab7_1_wrapper/hw/mb_lab7_1_wrapper.xsa -regs
configparams mdm-detect-bscan-mask 2
targets -set -nocase -filter {name =~ "*microblaze*#0" && bscan=="USER2" }
rst -system
after 3000
targets -set -nocase -filter {name =~ "*microblaze*#0" && bscan=="USER2" }
dow D:/School/UIUC_ECE385_SP25/lab7_2/sdk/lab7_2/Debug/lab7_2.elf
----------------End of Script----------------

15:28:35 INFO  : Context for processor 'microblaze_0' is selected.
15:28:35 INFO  : 'con' command is executed.
15:28:35 INFO  : ----------------XSDB Script (After Launch)----------------
targets -set -nocase -filter {name =~ "*microblaze*#0" && bscan=="USER2" }
con
----------------End of Script----------------

15:28:35 INFO  : Disconnected from the channel tcfchan#9.
15:28:58 INFO  : Connected to target on host '127.0.0.1' and port '3121'.
15:28:59 INFO  : Jtag cable 'RealDigital Boo 88710000000EA' is selected.
15:28:59 INFO  : 'jtag frequency' command is executed.
15:28:59 INFO  : 'targets -set -filter {jtag_cable_name =~ "RealDigital Boo 88710000000EA" && level==0 && jtag_device_ctx=="jsn1-0362f093-0"}' command is executed.
15:29:00 INFO  : Device configured successfully with "D:/School/UIUC_ECE385_SP25/lab7_2/sdk/lab7_2/_ide/bitstream/mb_lab7_1_wrapper.bit"
15:29:00 INFO  : Context for processor 'microblaze_0' is selected.
15:29:00 INFO  : Hardware design and registers information is loaded from 'D:/School/UIUC_ECE385_SP25/lab7_2/sdk/mb_lab7_1_wrapper/export/mb_lab7_1_wrapper/hw/mb_lab7_1_wrapper.xsa'.
15:29:00 INFO  : 'configparams mdm-detect-bscan-mask 2' command is executed.
15:29:00 INFO  : Context for processor 'microblaze_0' is selected.
15:29:00 INFO  : System reset is completed.
15:29:03 INFO  : 'after 3000' command is executed.
15:29:03 INFO  : Context for processor 'microblaze_0' is selected.
15:29:03 INFO  : The application 'D:/School/UIUC_ECE385_SP25/lab7_2/sdk/lab7_2/Debug/lab7_2.elf' is downloaded to processor 'microblaze_0'.
15:29:03 INFO  : ----------------XSDB Script----------------
connect -url tcp:127.0.0.1:3121
targets -set -filter {jtag_cable_name =~ "RealDigital Boo 88710000000EA" && level==0 && jtag_device_ctx=="jsn1-0362f093-0"}
fpga -file D:/School/UIUC_ECE385_SP25/lab7_2/sdk/lab7_2/_ide/bitstream/mb_lab7_1_wrapper.bit
targets -set -nocase -filter {name =~ "*microblaze*#0" && bscan=="USER2" }
loadhw -hw D:/School/UIUC_ECE385_SP25/lab7_2/sdk/mb_lab7_1_wrapper/export/mb_lab7_1_wrapper/hw/mb_lab7_1_wrapper.xsa -regs
configparams mdm-detect-bscan-mask 2
targets -set -nocase -filter {name =~ "*microblaze*#0" && bscan=="USER2" }
rst -system
after 3000
targets -set -nocase -filter {name =~ "*microblaze*#0" && bscan=="USER2" }
dow D:/School/UIUC_ECE385_SP25/lab7_2/sdk/lab7_2/Debug/lab7_2.elf
----------------End of Script----------------

15:29:03 INFO  : Context for processor 'microblaze_0' is selected.
15:29:03 INFO  : 'con' command is executed.
15:29:03 INFO  : ----------------XSDB Script (After Launch)----------------
targets -set -nocase -filter {name =~ "*microblaze*#0" && bscan=="USER2" }
con
----------------End of Script----------------

15:29:03 INFO  : Disconnected from the channel tcfchan#10.
15:53:17 INFO  : Hardware specification for platform project 'mb_lab7_1_wrapper' is updated.
15:53:35 INFO  : Result from executing command 'removePlatformRepo': 
15:53:41 INFO  : Result from executing command 'getProjects': mb_lab7_1_wrapper
15:53:41 INFO  : Result from executing command 'getPlatforms': 
15:53:41 INFO  : Checking for BSP changes to sync application flags for project 'lab7_2'...
15:53:43 INFO  : The hardware specification used by project 'lab7_2' is out of sync with the platform. Resource files extracted from the hardware specification will be updated.
15:53:43 INFO  : The file 'D:\School\UIUC_ECE385_SP25\lab7_2\sdk\lab7_2\_ide\bitstream\mb_lab7_1_wrapper.bit' stored in project is removed.
15:53:43 INFO  : The file 'D:\School\UIUC_ECE385_SP25\lab7_2\sdk\lab7_2\_ide\bitstream\mb_lab7_1_wrapper.mmi' stored in project is removed.
15:53:43 INFO  : The updated bitstream files are copied from platform to folder 'D:\School\UIUC_ECE385_SP25\lab7_2\sdk\lab7_2\_ide\bitstream' in project 'lab7_2'.
15:53:49 INFO  : Connected to target on host '127.0.0.1' and port '3121'.
15:53:49 INFO  : Jtag cable 'RealDigital Boo 88710000000EA' is selected.
15:53:49 INFO  : 'jtag frequency' command is executed.
15:53:49 INFO  : 'targets -set -filter {jtag_cable_name =~ "RealDigital Boo 88710000000EA" && level==0 && jtag_device_ctx=="jsn1-0362f093-0"}' command is executed.
15:53:50 INFO  : Device configured successfully with "D:/School/UIUC_ECE385_SP25/lab7_2/sdk/lab7_2/_ide/bitstream/mb_lab7_1_wrapper.bit"
15:53:50 INFO  : Context for processor 'microblaze_0' is selected.
15:53:50 INFO  : Hardware design and registers information is loaded from 'D:/School/UIUC_ECE385_SP25/lab7_2/sdk/mb_lab7_1_wrapper/export/mb_lab7_1_wrapper/hw/mb_lab7_1_wrapper.xsa'.
15:53:50 INFO  : 'configparams mdm-detect-bscan-mask 2' command is executed.
15:53:50 INFO  : Context for processor 'microblaze_0' is selected.
15:53:50 INFO  : System reset is completed.
15:53:53 INFO  : 'after 3000' command is executed.
15:53:53 INFO  : Context for processor 'microblaze_0' is selected.
15:53:54 INFO  : The application 'D:/School/UIUC_ECE385_SP25/lab7_2/sdk/lab7_2/Debug/lab7_2.elf' is downloaded to processor 'microblaze_0'.
15:53:54 INFO  : ----------------XSDB Script----------------
connect -url tcp:127.0.0.1:3121
targets -set -filter {jtag_cable_name =~ "RealDigital Boo 88710000000EA" && level==0 && jtag_device_ctx=="jsn1-0362f093-0"}
fpga -file D:/School/UIUC_ECE385_SP25/lab7_2/sdk/lab7_2/_ide/bitstream/mb_lab7_1_wrapper.bit
targets -set -nocase -filter {name =~ "*microblaze*#0" && bscan=="USER2" }
loadhw -hw D:/School/UIUC_ECE385_SP25/lab7_2/sdk/mb_lab7_1_wrapper/export/mb_lab7_1_wrapper/hw/mb_lab7_1_wrapper.xsa -regs
configparams mdm-detect-bscan-mask 2
targets -set -nocase -filter {name =~ "*microblaze*#0" && bscan=="USER2" }
rst -system
after 3000
targets -set -nocase -filter {name =~ "*microblaze*#0" && bscan=="USER2" }
dow D:/School/UIUC_ECE385_SP25/lab7_2/sdk/lab7_2/Debug/lab7_2.elf
----------------End of Script----------------

15:53:54 INFO  : Context for processor 'microblaze_0' is selected.
15:53:54 INFO  : 'con' command is executed.
15:53:54 INFO  : ----------------XSDB Script (After Launch)----------------
targets -set -nocase -filter {name =~ "*microblaze*#0" && bscan=="USER2" }
con
----------------End of Script----------------

15:53:54 INFO  : Disconnected from the channel tcfchan#13.
16:16:41 INFO  : Hardware specification for platform project 'mb_lab7_1_wrapper' is updated.
16:17:01 INFO  : Result from executing command 'removePlatformRepo': 
16:17:06 INFO  : Result from executing command 'getProjects': mb_lab7_1_wrapper
16:17:06 INFO  : Result from executing command 'getPlatforms': 
16:17:06 INFO  : Checking for BSP changes to sync application flags for project 'lab7_2'...
16:17:08 INFO  : The hardware specification used by project 'lab7_2' is out of sync with the platform. Resource files extracted from the hardware specification will be updated.
16:17:08 INFO  : The file 'D:\School\UIUC_ECE385_SP25\lab7_2\sdk\lab7_2\_ide\bitstream\mb_lab7_1_wrapper.bit' stored in project is removed.
16:17:08 INFO  : The file 'D:\School\UIUC_ECE385_SP25\lab7_2\sdk\lab7_2\_ide\bitstream\mb_lab7_1_wrapper.mmi' stored in project is removed.
16:17:08 INFO  : The updated bitstream files are copied from platform to folder 'D:\School\UIUC_ECE385_SP25\lab7_2\sdk\lab7_2\_ide\bitstream' in project 'lab7_2'.
16:17:14 INFO  : Connected to target on host '127.0.0.1' and port '3121'.
16:17:15 INFO  : Jtag cable 'RealDigital Boo 88710000000EA' is selected.
16:17:15 INFO  : 'jtag frequency' command is executed.
16:17:15 INFO  : 'targets -set -filter {jtag_cable_name =~ "RealDigital Boo 88710000000EA" && level==0 && jtag_device_ctx=="jsn1-0362f093-0"}' command is executed.
16:17:16 INFO  : Device configured successfully with "D:/School/UIUC_ECE385_SP25/lab7_2/sdk/lab7_2/_ide/bitstream/mb_lab7_1_wrapper.bit"
16:17:16 INFO  : Context for processor 'microblaze_0' is selected.
16:17:16 INFO  : Hardware design and registers information is loaded from 'D:/School/UIUC_ECE385_SP25/lab7_2/sdk/mb_lab7_1_wrapper/export/mb_lab7_1_wrapper/hw/mb_lab7_1_wrapper.xsa'.
16:17:16 INFO  : 'configparams mdm-detect-bscan-mask 2' command is executed.
16:17:16 INFO  : Context for processor 'microblaze_0' is selected.
16:17:16 INFO  : System reset is completed.
16:17:19 INFO  : 'after 3000' command is executed.
16:17:19 INFO  : Context for processor 'microblaze_0' is selected.
16:17:19 INFO  : The application 'D:/School/UIUC_ECE385_SP25/lab7_2/sdk/lab7_2/Debug/lab7_2.elf' is downloaded to processor 'microblaze_0'.
16:17:19 INFO  : ----------------XSDB Script----------------
connect -url tcp:127.0.0.1:3121
targets -set -filter {jtag_cable_name =~ "RealDigital Boo 88710000000EA" && level==0 && jtag_device_ctx=="jsn1-0362f093-0"}
fpga -file D:/School/UIUC_ECE385_SP25/lab7_2/sdk/lab7_2/_ide/bitstream/mb_lab7_1_wrapper.bit
targets -set -nocase -filter {name =~ "*microblaze*#0" && bscan=="USER2" }
loadhw -hw D:/School/UIUC_ECE385_SP25/lab7_2/sdk/mb_lab7_1_wrapper/export/mb_lab7_1_wrapper/hw/mb_lab7_1_wrapper.xsa -regs
configparams mdm-detect-bscan-mask 2
targets -set -nocase -filter {name =~ "*microblaze*#0" && bscan=="USER2" }
rst -system
after 3000
targets -set -nocase -filter {name =~ "*microblaze*#0" && bscan=="USER2" }
dow D:/School/UIUC_ECE385_SP25/lab7_2/sdk/lab7_2/Debug/lab7_2.elf
----------------End of Script----------------

16:17:19 INFO  : Context for processor 'microblaze_0' is selected.
16:17:19 INFO  : 'con' command is executed.
16:17:19 INFO  : ----------------XSDB Script (After Launch)----------------
targets -set -nocase -filter {name =~ "*microblaze*#0" && bscan=="USER2" }
con
----------------End of Script----------------

16:17:19 INFO  : Disconnected from the channel tcfchan#16.
12:23:34 INFO  : Connected to target on host '127.0.0.1' and port '3121'.
12:23:35 INFO  : Jtag cable 'RealDigital Boo 88710000000EA' is selected.
12:23:35 INFO  : 'jtag frequency' command is executed.
12:23:36 INFO  : 'targets -set -filter {jtag_cable_name =~ "RealDigital Boo 88710000000EA" && level==0 && jtag_device_ctx=="jsn1-0362f093-0"}' command is executed.
12:23:37 INFO  : Device configured successfully with "D:/School/UIUC_ECE385_SP25/lab7_2/sdk/lab7_2/_ide/bitstream/mb_lab7_1_wrapper.bit"
12:23:37 INFO  : Context for processor 'microblaze_0' is selected.
12:23:37 INFO  : Hardware design and registers information is loaded from 'D:/School/UIUC_ECE385_SP25/lab7_2/sdk/mb_lab7_1_wrapper/export/mb_lab7_1_wrapper/hw/mb_lab7_1_wrapper.xsa'.
12:23:37 INFO  : 'configparams mdm-detect-bscan-mask 2' command is executed.
12:23:37 INFO  : Context for processor 'microblaze_0' is selected.
12:23:37 INFO  : System reset is completed.
12:23:40 INFO  : 'after 3000' command is executed.
12:23:41 INFO  : Context for processor 'microblaze_0' is selected.
12:23:41 INFO  : The application 'D:/School/UIUC_ECE385_SP25/lab7_2/sdk/lab7_2/Debug/lab7_2.elf' is downloaded to processor 'microblaze_0'.
12:23:41 INFO  : ----------------XSDB Script----------------
connect -url tcp:127.0.0.1:3121
targets -set -filter {jtag_cable_name =~ "RealDigital Boo 88710000000EA" && level==0 && jtag_device_ctx=="jsn1-0362f093-0"}
fpga -file D:/School/UIUC_ECE385_SP25/lab7_2/sdk/lab7_2/_ide/bitstream/mb_lab7_1_wrapper.bit
targets -set -nocase -filter {name =~ "*microblaze*#0" && bscan=="USER2" }
loadhw -hw D:/School/UIUC_ECE385_SP25/lab7_2/sdk/mb_lab7_1_wrapper/export/mb_lab7_1_wrapper/hw/mb_lab7_1_wrapper.xsa -regs
configparams mdm-detect-bscan-mask 2
targets -set -nocase -filter {name =~ "*microblaze*#0" && bscan=="USER2" }
rst -system
after 3000
targets -set -nocase -filter {name =~ "*microblaze*#0" && bscan=="USER2" }
dow D:/School/UIUC_ECE385_SP25/lab7_2/sdk/lab7_2/Debug/lab7_2.elf
----------------End of Script----------------

12:23:42 INFO  : Context for processor 'microblaze_0' is selected.
12:23:42 INFO  : 'con' command is executed.
12:23:42 INFO  : ----------------XSDB Script (After Launch)----------------
targets -set -nocase -filter {name =~ "*microblaze*#0" && bscan=="USER2" }
con
----------------End of Script----------------

12:23:42 INFO  : Disconnected from the channel tcfchan#17.
12:25:10 INFO  : Connected to target on host '127.0.0.1' and port '3121'.
12:25:11 INFO  : Jtag cable 'RealDigital Boo 88710000000EA' is selected.
12:25:11 INFO  : 'jtag frequency' command is executed.
12:25:11 INFO  : 'targets -set -filter {jtag_cable_name =~ "RealDigital Boo 88710000000EA" && level==0 && jtag_device_ctx=="jsn1-0362f093-0"}' command is executed.
12:25:13 INFO  : Device configured successfully with "D:/School/UIUC_ECE385_SP25/lab7_2/sdk/lab7_2/_ide/bitstream/mb_lab7_1_wrapper.bit"
12:25:13 INFO  : Context for processor 'microblaze_0' is selected.
12:25:13 INFO  : Hardware design and registers information is loaded from 'D:/School/UIUC_ECE385_SP25/lab7_2/sdk/mb_lab7_1_wrapper/export/mb_lab7_1_wrapper/hw/mb_lab7_1_wrapper.xsa'.
12:25:13 INFO  : 'configparams mdm-detect-bscan-mask 2' command is executed.
12:25:13 INFO  : Context for processor 'microblaze_0' is selected.
12:25:13 INFO  : System reset is completed.
12:25:16 INFO  : 'after 3000' command is executed.
12:25:17 INFO  : Context for processor 'microblaze_0' is selected.
12:25:17 INFO  : The application 'D:/School/UIUC_ECE385_SP25/lab7_2/sdk/lab7_2/Debug/lab7_2.elf' is downloaded to processor 'microblaze_0'.
12:25:17 INFO  : ----------------XSDB Script----------------
connect -url tcp:127.0.0.1:3121
targets -set -filter {jtag_cable_name =~ "RealDigital Boo 88710000000EA" && level==0 && jtag_device_ctx=="jsn1-0362f093-0"}
fpga -file D:/School/UIUC_ECE385_SP25/lab7_2/sdk/lab7_2/_ide/bitstream/mb_lab7_1_wrapper.bit
targets -set -nocase -filter {name =~ "*microblaze*#0" && bscan=="USER2" }
loadhw -hw D:/School/UIUC_ECE385_SP25/lab7_2/sdk/mb_lab7_1_wrapper/export/mb_lab7_1_wrapper/hw/mb_lab7_1_wrapper.xsa -regs
configparams mdm-detect-bscan-mask 2
targets -set -nocase -filter {name =~ "*microblaze*#0" && bscan=="USER2" }
rst -system
after 3000
targets -set -nocase -filter {name =~ "*microblaze*#0" && bscan=="USER2" }
dow D:/School/UIUC_ECE385_SP25/lab7_2/sdk/lab7_2/Debug/lab7_2.elf
----------------End of Script----------------

12:25:17 INFO  : Context for processor 'microblaze_0' is selected.
12:25:17 INFO  : 'con' command is executed.
12:25:17 INFO  : ----------------XSDB Script (After Launch)----------------
targets -set -nocase -filter {name =~ "*microblaze*#0" && bscan=="USER2" }
con
----------------End of Script----------------

12:25:17 INFO  : Disconnected from the channel tcfchan#18.
12:25:52 INFO  : Connected to target on host '127.0.0.1' and port '3121'.
12:25:53 INFO  : Jtag cable 'RealDigital Boo 88710000000EA' is selected.
12:25:53 INFO  : 'jtag frequency' command is executed.
12:25:53 INFO  : 'targets -set -filter {jtag_cable_name =~ "RealDigital Boo 88710000000EA" && level==0 && jtag_device_ctx=="jsn1-0362f093-0"}' command is executed.
12:25:55 INFO  : Device configured successfully with "D:/School/UIUC_ECE385_SP25/lab7_2/sdk/lab7_2/_ide/bitstream/mb_lab7_1_wrapper.bit"
12:25:55 INFO  : Context for processor 'microblaze_0' is selected.
12:25:55 INFO  : Hardware design and registers information is loaded from 'D:/School/UIUC_ECE385_SP25/lab7_2/sdk/mb_lab7_1_wrapper/export/mb_lab7_1_wrapper/hw/mb_lab7_1_wrapper.xsa'.
12:25:55 INFO  : 'configparams mdm-detect-bscan-mask 2' command is executed.
12:25:55 INFO  : Context for processor 'microblaze_0' is selected.
12:25:55 INFO  : System reset is completed.
12:25:58 INFO  : 'after 3000' command is executed.
12:25:59 INFO  : Context for processor 'microblaze_0' is selected.
12:25:59 INFO  : The application 'D:/School/UIUC_ECE385_SP25/lab7_2/sdk/lab7_2/Debug/lab7_2.elf' is downloaded to processor 'microblaze_0'.
12:25:59 INFO  : ----------------XSDB Script----------------
connect -url tcp:127.0.0.1:3121
targets -set -filter {jtag_cable_name =~ "RealDigital Boo 88710000000EA" && level==0 && jtag_device_ctx=="jsn1-0362f093-0"}
fpga -file D:/School/UIUC_ECE385_SP25/lab7_2/sdk/lab7_2/_ide/bitstream/mb_lab7_1_wrapper.bit
targets -set -nocase -filter {name =~ "*microblaze*#0" && bscan=="USER2" }
loadhw -hw D:/School/UIUC_ECE385_SP25/lab7_2/sdk/mb_lab7_1_wrapper/export/mb_lab7_1_wrapper/hw/mb_lab7_1_wrapper.xsa -regs
configparams mdm-detect-bscan-mask 2
targets -set -nocase -filter {name =~ "*microblaze*#0" && bscan=="USER2" }
rst -system
after 3000
targets -set -nocase -filter {name =~ "*microblaze*#0" && bscan=="USER2" }
dow D:/School/UIUC_ECE385_SP25/lab7_2/sdk/lab7_2/Debug/lab7_2.elf
----------------End of Script----------------

12:25:59 INFO  : Context for processor 'microblaze_0' is selected.
12:25:59 INFO  : 'con' command is executed.
12:25:59 INFO  : ----------------XSDB Script (After Launch)----------------
targets -set -nocase -filter {name =~ "*microblaze*#0" && bscan=="USER2" }
con
----------------End of Script----------------

12:25:59 INFO  : Disconnected from the channel tcfchan#19.
13:16:51 INFO  : Connected to target on host '127.0.0.1' and port '3121'.
13:16:52 INFO  : Jtag cable 'RealDigital Boo 88710000000EA' is selected.
13:16:52 INFO  : 'jtag frequency' command is executed.
13:16:52 INFO  : 'targets -set -filter {jtag_cable_name =~ "RealDigital Boo 88710000000EA" && level==0 && jtag_device_ctx=="jsn1-0362f093-0"}' command is executed.
13:16:54 INFO  : Device configured successfully with "D:/School/UIUC_ECE385_SP25/lab7_2/sdk/lab7_2/_ide/bitstream/mb_lab7_1_wrapper.bit"
13:16:54 INFO  : Context for processor 'microblaze_0' is selected.
13:16:54 INFO  : Hardware design and registers information is loaded from 'D:/School/UIUC_ECE385_SP25/lab7_2/sdk/mb_lab7_1_wrapper/export/mb_lab7_1_wrapper/hw/mb_lab7_1_wrapper.xsa'.
13:16:54 INFO  : 'configparams mdm-detect-bscan-mask 2' command is executed.
13:16:54 INFO  : Context for processor 'microblaze_0' is selected.
13:16:54 INFO  : System reset is completed.
13:16:57 INFO  : 'after 3000' command is executed.
13:16:58 INFO  : Context for processor 'microblaze_0' is selected.
13:16:58 INFO  : The application 'D:/School/UIUC_ECE385_SP25/lab7_2/sdk/lab7_2/Debug/lab7_2.elf' is downloaded to processor 'microblaze_0'.
13:16:58 INFO  : ----------------XSDB Script----------------
connect -url tcp:127.0.0.1:3121
targets -set -filter {jtag_cable_name =~ "RealDigital Boo 88710000000EA" && level==0 && jtag_device_ctx=="jsn1-0362f093-0"}
fpga -file D:/School/UIUC_ECE385_SP25/lab7_2/sdk/lab7_2/_ide/bitstream/mb_lab7_1_wrapper.bit
targets -set -nocase -filter {name =~ "*microblaze*#0" && bscan=="USER2" }
loadhw -hw D:/School/UIUC_ECE385_SP25/lab7_2/sdk/mb_lab7_1_wrapper/export/mb_lab7_1_wrapper/hw/mb_lab7_1_wrapper.xsa -regs
configparams mdm-detect-bscan-mask 2
targets -set -nocase -filter {name =~ "*microblaze*#0" && bscan=="USER2" }
rst -system
after 3000
targets -set -nocase -filter {name =~ "*microblaze*#0" && bscan=="USER2" }
dow D:/School/UIUC_ECE385_SP25/lab7_2/sdk/lab7_2/Debug/lab7_2.elf
----------------End of Script----------------

13:16:58 INFO  : Context for processor 'microblaze_0' is selected.
13:16:58 INFO  : 'con' command is executed.
13:16:58 INFO  : ----------------XSDB Script (After Launch)----------------
targets -set -nocase -filter {name =~ "*microblaze*#0" && bscan=="USER2" }
con
----------------End of Script----------------

13:16:58 INFO  : Disconnected from the channel tcfchan#20.
17:23:49 DEBUG : Logs will be stored at 'D:/School/UIUC_ECE385_SP25/lab7_2/sdk/IDE.log'.
17:23:50 INFO  : Launching XSCT server: xsct.bat -n  -interactive D:\School\UIUC_ECE385_SP25\lab7_2\sdk\temp_xsdb_launch_script.tcl
17:23:54 INFO  : Platform repository initialization has completed.
17:23:54 INFO  : XSCT server has started successfully.
17:23:54 INFO  : Registering command handlers for Vitis TCF services
17:23:59 INFO  : Successfully done setting XSCT server connection channel  
17:23:59 INFO  : plnx-install-location is set to ''
17:23:59 INFO  : Successfully done query RDI_DATADIR 
17:23:59 INFO  : Successfully done setting workspace for the tool. 
