#-----------------------------------------------------------
# Vivado v2022.2 (64-bit)
# SW Build 3671981 on Fri Oct 14 05:00:03 MDT 2022
# IP Build 3669848 on Fri Oct 14 08:30:02 MDT 2022
# Start of session at: Wed Mar 26 01:29:41 2025
# Process ID: 792
# Current directory: D:/School/UIUC_ECE385_SP25/lab6
# Command line: vivado.exe -gui_launcher_event rodinguilauncherevent6800 D:\School\UIUC_ECE385_SP25\lab6\lab6.xpr
# Log file: D:/School/UIUC_ECE385_SP25/lab6/vivado.log
# Journal file: D:/School/UIUC_ECE385_SP25/lab6\vivado.jou
# Running On: Server, OS: Windows, CPU Frequency: 3893 MHz, CPU Physical cores: 12, Host memory: 29953 MB
#-----------------------------------------------------------
start_gui
open_project D:/School/UIUC_ECE385_SP25/lab6/lab6.xpr
WARNING: [Board 49-26] cannot add Board Part xilinx.com:ac701:part0:1.4 available at C:/Xilinx/Vivado/2022.2/data/xhub/boards/XilinxBoardStore/boards/Xilinx/ac701/1.4/board.xml as part xc7a200tfbg676-2 specified in board_part file is either invalid or not available
WARNING: [Board 49-26] cannot add Board Part xilinx.com:k26c:part0:1.2 available at C:/Xilinx/Vivado/2022.2/data/xhub/boards/XilinxBoardStore/boards/Xilinx/k26c/1.2/board.xml as part xck26-sfvc784-2lv-c specified in board_part file is either invalid or not available
WARNING: [Board 49-26] cannot add Board Part xilinx.com:k26c:part0:1.3 available at C:/Xilinx/Vivado/2022.2/data/xhub/boards/XilinxBoardStore/boards/Xilinx/k26c/1.3/board.xml as part xck26-sfvc784-2lv-c specified in board_part file is either invalid or not available
WARNING: [Board 49-26] cannot add Board Part xilinx.com:k26c:part0:1.4 available at C:/Xilinx/Vivado/2022.2/data/xhub/boards/XilinxBoardStore/boards/Xilinx/k26c/1.4/board.xml as part xck26-sfvc784-2lv-c specified in board_part file is either invalid or not available
WARNING: [Board 49-26] cannot add Board Part xilinx.com:k26i:part0:1.2 available at C:/Xilinx/Vivado/2022.2/data/xhub/boards/XilinxBoardStore/boards/Xilinx/k26i/1.2/board.xml as part xck26-sfvc784-2lvi-i specified in board_part file is either invalid or not available
WARNING: [Board 49-26] cannot add Board Part xilinx.com:k26i:part0:1.3 available at C:/Xilinx/Vivado/2022.2/data/xhub/boards/XilinxBoardStore/boards/Xilinx/k26i/1.3/board.xml as part xck26-sfvc784-2lvi-i specified in board_part file is either invalid or not available
WARNING: [Board 49-26] cannot add Board Part xilinx.com:k26i:part0:1.4 available at C:/Xilinx/Vivado/2022.2/data/xhub/boards/XilinxBoardStore/boards/Xilinx/k26i/1.4/board.xml as part xck26-sfvc784-2lvi-i specified in board_part file is either invalid or not available
WARNING: [Board 49-26] cannot add Board Part xilinx.com:kc705:part0:1.6 available at C:/Xilinx/Vivado/2022.2/data/xhub/boards/XilinxBoardStore/boards/Xilinx/kc705/1.6/board.xml as part xc7k325tffg900-2 specified in board_part file is either invalid or not available
WARNING: [Board 49-26] cannot add Board Part xilinx.com:kcu105:part0:1.6 available at C:/Xilinx/Vivado/2022.2/data/xhub/boards/XilinxBoardStore/boards/Xilinx/kcu105/1.6/board.xml as part xcku040-ffva1156-2-e specified in board_part file is either invalid or not available
WARNING: [Board 49-26] cannot add Board Part xilinx.com:kcu105:part0:1.7 available at C:/Xilinx/Vivado/2022.2/data/xhub/boards/XilinxBoardStore/boards/Xilinx/kcu105/1.7/board.xml as part xcku040-ffva1156-2-e specified in board_part file is either invalid or not available
WARNING: [Board 49-26] cannot add Board Part xilinx.com:kcu116:part0:1.4 available at C:/Xilinx/Vivado/2022.2/data/xhub/boards/XilinxBoardStore/boards/Xilinx/kcu116/1.4/board.xml as part xcku5p-ffvb676-2-e specified in board_part file is either invalid or not available
WARNING: [Board 49-26] cannot add Board Part xilinx.com:kcu116:part0:1.5 available at C:/Xilinx/Vivado/2022.2/data/xhub/boards/XilinxBoardStore/boards/Xilinx/kcu116/1.5/board.xml as part xcku5p-ffvb676-2-e specified in board_part file is either invalid or not available
WARNING: [Board 49-26] cannot add Board Part xilinx.com:kcu1500:part0:1.2 available at C:/Xilinx/Vivado/2022.2/data/xhub/boards/XilinxBoardStore/boards/Xilinx/kcu1500/1.2/board.xml as part xcku115-flvb2104-2-e specified in board_part file is either invalid or not available
WARNING: [Board 49-26] cannot add Board Part xilinx.com:kr260_som:part0:1.0 available at C:/Xilinx/Vivado/2022.2/data/xhub/boards/XilinxBoardStore/boards/Xilinx/kr260_som/1.0/board.xml as part xck26-sfvc784-2lv-c specified in board_part file is either invalid or not available
WARNING: [Board 49-26] cannot add Board Part xilinx.com:kr260_som:part0:1.1 available at C:/Xilinx/Vivado/2022.2/data/xhub/boards/XilinxBoardStore/boards/Xilinx/kr260_som/1.1/board.xml as part xck26-sfvc784-2lv-c specified in board_part file is either invalid or not available
WARNING: [Board 49-26] cannot add Board Part xilinx.com:kv260_som:part0:1.2 available at C:/Xilinx/Vivado/2022.2/data/xhub/boards/XilinxBoardStore/boards/Xilinx/kv260_som/1.2/board.xml as part xck26-sfvc784-2lv-c specified in board_part file is either invalid or not available
WARNING: [Board 49-26] cannot add Board Part xilinx.com:kv260_som:part0:1.3 available at C:/Xilinx/Vivado/2022.2/data/xhub/boards/XilinxBoardStore/boards/Xilinx/kv260_som/1.3/board.xml as part xck26-sfvc784-2lv-c specified in board_part file is either invalid or not available
WARNING: [Board 49-26] cannot add Board Part xilinx.com:kv260_som:part0:1.4 available at C:/Xilinx/Vivado/2022.2/data/xhub/boards/XilinxBoardStore/boards/Xilinx/kv260_som/1.4/board.xml as part xck26-sfvc784-2lv-c specified in board_part file is either invalid or not available
WARNING: [Board 49-26] cannot add Board Part xilinx.com:vc707:part0:1.4 available at C:/Xilinx/Vivado/2022.2/data/xhub/boards/XilinxBoardStore/boards/Xilinx/vc707/1.4/board.xml as part xc7vx485tffg1761-2 specified in board_part file is either invalid or not available
WARNING: [Board 49-26] cannot add Board Part xilinx.com:vc709:part0:1.8 available at C:/Xilinx/Vivado/2022.2/data/xhub/boards/XilinxBoardStore/boards/Xilinx/vc709/1.8/board.xml as part xc7vx690tffg1761-2 specified in board_part file is either invalid or not available
WARNING: [Board 49-26] cannot add Board Part xilinx.com:vck190:part0:2.2 available at C:/Xilinx/Vivado/2022.2/data/xhub/boards/XilinxBoardStore/boards/Xilinx/vck190/production/2.2/board.xml as part xcvc1902-vsva2197-2mp-e-s specified in board_part file is either invalid or not available
WARNING: [Board 49-26] cannot add Board Part xilinx.com:vck190:part0:3.0 available at C:/Xilinx/Vivado/2022.2/data/xhub/boards/XilinxBoardStore/boards/Xilinx/vck190/production/3.0/board.xml as part xcvc1902-vsva2197-2mp-e-s specified in board_part file is either invalid or not available
WARNING: [Board 49-26] cannot add Board Part xilinx.com:vck190:part0:3.1 available at C:/Xilinx/Vivado/2022.2/data/xhub/boards/XilinxBoardStore/boards/Xilinx/vck190/production/3.1/board.xml as part xcvc1902-vsva2197-2mp-e-s specified in board_part file is either invalid or not available
WARNING: [Board 49-26] cannot add Board Part xilinx.com:vck190_newl:part0:1.0 available at C:/Xilinx/Vivado/2022.2/data/xhub/boards/XilinxBoardStore/boards/Xilinx/vck190_newl/production/1.0/board.xml as part xcvc1902-vsva2197-2mp-e-s specified in board_part file is either invalid or not available
WARNING: [Board 49-26] cannot add Board Part xilinx.com:vcu108:part0:1.6 available at C:/Xilinx/Vivado/2022.2/data/xhub/boards/XilinxBoardStore/boards/Xilinx/vcu108/1.6/board.xml as part xcvu095-ffva2104-2-e specified in board_part file is either invalid or not available
WARNING: [Board 49-26] cannot add Board Part xilinx.com:vcu108:part0:1.7 available at C:/Xilinx/Vivado/2022.2/data/xhub/boards/XilinxBoardStore/boards/Xilinx/vcu108/1.7/board.xml as part xcvu095-ffva2104-2-e specified in board_part file is either invalid or not available
WARNING: [Board 49-26] cannot add Board Part xilinx.com:vcu110:part0:1.4 available at C:/Xilinx/Vivado/2022.2/data/xhub/boards/XilinxBoardStore/boards/Xilinx/vcu110/1.4/board.xml as part xcvu190-flgc2104-2-e specified in board_part file is either invalid or not available
WARNING: [Board 49-26] cannot add Board Part xilinx.com:vcu118:part0:2.0 available at C:/Xilinx/Vivado/2022.2/data/xhub/boards/XilinxBoardStore/boards/Xilinx/vcu118/2.0/board.xml as part xcvu9p-flga2104-2l-e specified in board_part file is either invalid or not available
WARNING: [Board 49-26] cannot add Board Part xilinx.com:vcu118:part0:2.3 available at C:/Xilinx/Vivado/2022.2/data/xhub/boards/XilinxBoardStore/boards/Xilinx/vcu118/2.3/board.xml as part xcvu9p-flga2104-2l-e specified in board_part file is either invalid or not available
WARNING: [Board 49-26] cannot add Board Part xilinx.com:vcu118:part0:2.4 available at C:/Xilinx/Vivado/2022.2/data/xhub/boards/XilinxBoardStore/boards/Xilinx/vcu118/2.4/board.xml as part xcvu9p-flga2104-2l-e specified in board_part file is either invalid or not available
WARNING: [Board 49-26] cannot add Board Part xilinx.com:vcu128:part0:1.0 available at C:/Xilinx/Vivado/2022.2/data/xhub/boards/XilinxBoardStore/boards/Xilinx/vcu128/production/1.0/board.xml as part xcvu37p-fsvh2892-2l-e specified in board_part file is either invalid or not available
WARNING: [Board 49-26] cannot add Board Part xilinx.com:vcu129:part0:1.0 available at C:/Xilinx/Vivado/2022.2/data/xhub/boards/XilinxBoardStore/boards/Xilinx/vcu129/production/1.0/board.xml as part xcvu29p-fsga2577-2l-e specified in board_part file is either invalid or not available
WARNING: [Board 49-26] cannot add Board Part xilinx.com:vcu1525:part0:1.3 available at C:/Xilinx/Vivado/2022.2/data/xhub/boards/XilinxBoardStore/boards/Xilinx/vcu1525/1.3/board.xml as part xcvu9p-fsgd2104-2l-e specified in board_part file is either invalid or not available
WARNING: [Board 49-26] cannot add Board Part xilinx.com:vek280_es:part0:1.0 available at C:/Xilinx/Vivado/2022.2/data/xhub/boards/XilinxBoardStore/boards/Xilinx/vek280/es/1.0/board.xml as part xcve2802-vsvh1760-2lp-e-s-es1 specified in board_part file is either invalid or not available
WARNING: [Board 49-26] cannot add Board Part xilinx.com:vermeo_t1_mpsoc:part0:1.0 available at C:/Xilinx/Vivado/2022.2/data/xhub/boards/XilinxBoardStore/boards/Xilinx/vermeo_t1_mpsoc/1.0/board.xml as part xczu19eg-ffvd1760-2l-e specified in board_part file is either invalid or not available
WARNING: [Board 49-26] cannot add Board Part xilinx.com:vermeo_t1_rfsoc:part0:1.0 available at C:/Xilinx/Vivado/2022.2/data/xhub/boards/XilinxBoardStore/boards/Xilinx/vermeo_t1_rfsoc/1.0/board.xml as part xczu21dr-ffvd1156-2l-e specified in board_part file is either invalid or not available
WARNING: [Board 49-26] cannot add Board Part xilinx.com:vhk158_es:part0:1.0 available at C:/Xilinx/Vivado/2022.2/data/xhub/boards/XilinxBoardStore/boards/Xilinx/vhk158/es/1.0/board.xml as part xcvh1582-vsva3697-2mp-e-s-es1 specified in board_part file is either invalid or not available
WARNING: [Board 49-26] cannot add Board Part xilinx.com:vmk180:part0:2.2 available at C:/Xilinx/Vivado/2022.2/data/xhub/boards/XilinxBoardStore/boards/Xilinx/vmk180/production/2.2/board.xml as part xcvm1802-vsva2197-2mp-e-s specified in board_part file is either invalid or not available
WARNING: [Board 49-26] cannot add Board Part xilinx.com:vmk180:part0:3.0 available at C:/Xilinx/Vivado/2022.2/data/xhub/boards/XilinxBoardStore/boards/Xilinx/vmk180/production/3.0/board.xml as part xcvm1802-vsva2197-2mp-e-s specified in board_part file is either invalid or not available
WARNING: [Board 49-26] cannot add Board Part xilinx.com:vmk180:part0:3.1 available at C:/Xilinx/Vivado/2022.2/data/xhub/boards/XilinxBoardStore/boards/Xilinx/vmk180/production/3.1/board.xml as part xcvm1802-vsva2197-2mp-e-s specified in board_part file is either invalid or not available
WARNING: [Board 49-26] cannot add Board Part xilinx.com:vmk180_newl:part0:1.0 available at C:/Xilinx/Vivado/2022.2/data/xhub/boards/XilinxBoardStore/boards/Xilinx/vmk180_newl/production/1.0/board.xml as part xcvm1802-vsva2197-2mp-e-s specified in board_part file is either invalid or not available
WARNING: [Board 49-26] cannot add Board Part xilinx.com:vpk120:part0:1.0 available at C:/Xilinx/Vivado/2022.2/data/xhub/boards/XilinxBoardStore/boards/Xilinx/vpk120/production/1.0/board.xml as part xcvp1202-vsva2785-2mp-e-s specified in board_part file is either invalid or not available
WARNING: [Board 49-26] cannot add Board Part xilinx.com:vpk120_es:part0:1.2 available at C:/Xilinx/Vivado/2022.2/data/xhub/boards/XilinxBoardStore/boards/Xilinx/vpk120/es/1.2/board.xml as part xcvp1202-vsva2785-2mp-e-s-es1 specified in board_part file is either invalid or not available
WARNING: [Board 49-26] cannot add Board Part xilinx.com:vpk120_es_revb:part0:1.0 available at C:/Xilinx/Vivado/2022.2/data/xhub/boards/XilinxBoardStore/boards/Xilinx/vpk120_revb/es/1.0/board.xml as part xcvp1202-vsva2785-2mp-e-s-es1 specified in board_part file is either invalid or not available
WARNING: [Board 49-26] cannot add Board Part xilinx.com:vpk180_es:part0:1.0 available at C:/Xilinx/Vivado/2022.2/data/xhub/boards/XilinxBoardStore/boards/Xilinx/vpk180/es/1.0/board.xml as part xcvp1802-lsvc4072-2mp-e-s-es1 specified in board_part file is either invalid or not available
WARNING: [Board 49-26] cannot add Board Part xilinx.com:zc702:part0:1.4 available at C:/Xilinx/Vivado/2022.2/data/xhub/boards/XilinxBoardStore/boards/Xilinx/zc702/1.4/board.xml as part xc7z020clg484-1 specified in board_part file is either invalid or not available
WARNING: [Board 49-26] cannot add Board Part xilinx.com:zc706:part0:1.4 available at C:/Xilinx/Vivado/2022.2/data/xhub/boards/XilinxBoardStore/boards/Xilinx/zc706/1.4/board.xml as part xc7z045ffg900-2 specified in board_part file is either invalid or not available
WARNING: [Board 49-26] cannot add Board Part xilinx.com:zcu102:part0:3.3 available at C:/Xilinx/Vivado/2022.2/data/xhub/boards/XilinxBoardStore/boards/Xilinx/zcu102/3.3/board.xml as part xczu9eg-ffvb1156-2-e specified in board_part file is either invalid or not available
WARNING: [Board 49-26] cannot add Board Part xilinx.com:zcu102:part0:3.4 available at C:/Xilinx/Vivado/2022.2/data/xhub/boards/XilinxBoardStore/boards/Xilinx/zcu102/3.4/board.xml as part xczu9eg-ffvb1156-2-e specified in board_part file is either invalid or not available
WARNING: [Board 49-26] cannot add Board Part xilinx.com:zcu104:part0:1.1 available at C:/Xilinx/Vivado/2022.2/data/xhub/boards/XilinxBoardStore/boards/Xilinx/zcu104/1.1/board.xml as part xczu7ev-ffvc1156-2-e specified in board_part file is either invalid or not available
WARNING: [Board 49-26] cannot add Board Part xilinx.com:zcu106:part0:2.4 available at C:/Xilinx/Vivado/2022.2/data/xhub/boards/XilinxBoardStore/boards/Xilinx/zcu106/2.4/board.xml as part xczu7ev-ffvc1156-2-e specified in board_part file is either invalid or not available
WARNING: [Board 49-26] cannot add Board Part xilinx.com:zcu106:part0:2.5 available at C:/Xilinx/Vivado/2022.2/data/xhub/boards/XilinxBoardStore/boards/Xilinx/zcu106/2.5/board.xml as part xczu7ev-ffvc1156-2-e specified in board_part file is either invalid or not available
WARNING: [Board 49-26] cannot add Board Part xilinx.com:zcu106:part0:2.6 available at C:/Xilinx/Vivado/2022.2/data/xhub/boards/XilinxBoardStore/boards/Xilinx/zcu106/2.6/board.xml as part xczu7ev-ffvc1156-2-e specified in board_part file is either invalid or not available
WARNING: [Board 49-26] cannot add Board Part xilinx.com:zcu111:part0:1.2 available at C:/Xilinx/Vivado/2022.2/data/xhub/boards/XilinxBoardStore/boards/Xilinx/zcu111/1.2/board.xml as part xczu28dr-ffvg1517-2-e specified in board_part file is either invalid or not available
WARNING: [Board 49-26] cannot add Board Part xilinx.com:zcu111:part0:1.3 available at C:/Xilinx/Vivado/2022.2/data/xhub/boards/XilinxBoardStore/boards/Xilinx/zcu111/1.3/board.xml as part xczu28dr-ffvg1517-2-e specified in board_part file is either invalid or not available
WARNING: [Board 49-26] cannot add Board Part xilinx.com:zcu111:part0:1.4 available at C:/Xilinx/Vivado/2022.2/data/xhub/boards/XilinxBoardStore/boards/Xilinx/zcu111/1.4/board.xml as part xczu28dr-ffvg1517-2-e specified in board_part file is either invalid or not available
WARNING: [Board 49-26] cannot add Board Part xilinx.com:zcu1275:part0:1.0 available at C:/Xilinx/Vivado/2022.2/data/xhub/boards/XilinxBoardStore/boards/Xilinx/zcu1275/1.0/board.xml as part xczu29dr-ffvf1760-2-e specified in board_part file is either invalid or not available
WARNING: [Board 49-26] cannot add Board Part xilinx.com:zcu1285:part0:1.0 available at C:/Xilinx/Vivado/2022.2/data/xhub/boards/XilinxBoardStore/boards/Xilinx/zcu1285/1.0/board.xml as part xczu39dr-ffvf1760-2-i specified in board_part file is either invalid or not available
WARNING: [Board 49-26] cannot add Board Part xilinx.com:zcu208:part0:2.0 available at C:/Xilinx/Vivado/2022.2/data/xhub/boards/XilinxBoardStore/boards/Xilinx/zcu208/production/2.0/board.xml as part xczu48dr-fsvg1517-2-e specified in board_part file is either invalid or not available
WARNING: [Board 49-26] cannot add Board Part xilinx.com:zcu208ld:part0:2.0 available at C:/Xilinx/Vivado/2022.2/data/xhub/boards/XilinxBoardStore/boards/Xilinx/zcu208ld/production/2.0/board.xml as part xczu58dr-fsvg1517-2-i specified in board_part file is either invalid or not available
WARNING: [Board 49-26] cannot add Board Part xilinx.com:zcu216:part0:2.0 available at C:/Xilinx/Vivado/2022.2/data/xhub/boards/XilinxBoardStore/boards/Xilinx/zcu216/production/2.0/board.xml as part xczu49dr-ffvf1760-2-e specified in board_part file is either invalid or not available
WARNING: [Board 49-26] cannot add Board Part xilinx.com:zcu216ld:part0:2.0 available at C:/Xilinx/Vivado/2022.2/data/xhub/boards/XilinxBoardStore/boards/Xilinx/zcu216ld/production/2.0/board.xml as part xczu59dr-ffvf1760-2-i specified in board_part file is either invalid or not available
WARNING: [Board 49-26] cannot add Board Part xilinx.com:zcu670:part0:2.0 available at C:/Xilinx/Vivado/2022.2/data/xhub/boards/XilinxBoardStore/boards/Xilinx/zcu670/2.0/board.xml as part xczu67dr-fsve1156-2-i specified in board_part file is either invalid or not available
WARNING: [Board 49-26] cannot add Board Part xilinx.com:zcu670ld:part0:1.0 available at C:/Xilinx/Vivado/2022.2/data/xhub/boards/XilinxBoardStore/boards/Xilinx/zcu670ld/1.0/board.xml as part xczu57dr-fsve1156-2-i specified in board_part file is either invalid or not available
Scanning sources...
Finished scanning sources
INFO: [IP_Flow 19-234] Refreshing IP repositories
INFO: [IP_Flow 19-1704] No user IP repositories specified
INFO: [IP_Flow 19-2313] Loaded Vivado IP repository 'C:/Xilinx/Vivado/2022.2/data/ip'.
open_project: Time (s): cpu = 00:00:18 ; elapsed = 00:00:08 . Memory (MB): peak = 1198.527 ; gain = 371.082
update_compile_order -fileset sources_1
save_project_as lab6_2 D:/School/UIUC_ECE385_SP25/lab6_2 -exclude_run_results -force
INFO: [Coretcl 2-133] re-setting run 'synth_1'...
INFO: [Project 1-1161] Replacing file D:/School/UIUC_ECE385_SP25/lab6_2/lab6_2.srcs/utils_1/imports/synth_1/mb_intro_top.dcp with file D:/School/UIUC_ECE385_SP25/lab6_2/lab6_2.runs/synth_1/mb_intro_top.dcp
WARNING: [Coretcl 2-98] Problems encountered while resetting run:
1. Failed to delete one or more files in run directory D:/School/UIUC_ECE385_SP25/lab6_2/lab6_2.runs/synth_1

INFO: [Coretcl 2-133] re-setting run 'mb_block_microblaze_0_0_synth_1'...
WARNING: [Coretcl 2-98] Problems encountered while resetting run:
1. Failed to delete one or more files in run directory D:/School/UIUC_ECE385_SP25/lab6_2/lab6_2.runs/mb_block_microblaze_0_0_synth_1

INFO: [Coretcl 2-133] re-setting run 'mb_block_dlmb_v10_0_synth_1'...
WARNING: [Coretcl 2-98] Problems encountered while resetting run:
1. Failed to delete one or more files in run directory D:/School/UIUC_ECE385_SP25/lab6_2/lab6_2.runs/mb_block_dlmb_v10_0_synth_1

INFO: [Coretcl 2-133] re-setting run 'mb_block_ilmb_v10_0_synth_1'...
WARNING: [Coretcl 2-98] Problems encountered while resetting run:
1. Failed to delete one or more files in run directory D:/School/UIUC_ECE385_SP25/lab6_2/lab6_2.runs/mb_block_ilmb_v10_0_synth_1

INFO: [Coretcl 2-133] re-setting run 'mb_block_dlmb_bram_if_cntlr_0_synth_1'...
WARNING: [Coretcl 2-98] Problems encountered while resetting run:
1. Failed to delete one or more files in run directory D:/School/UIUC_ECE385_SP25/lab6_2/lab6_2.runs/mb_block_dlmb_bram_if_cntlr_0_synth_1

INFO: [Coretcl 2-133] re-setting run 'mb_block_ilmb_bram_if_cntlr_0_synth_1'...
WARNING: [Coretcl 2-98] Problems encountered while resetting run:
1. Failed to delete one or more files in run directory D:/School/UIUC_ECE385_SP25/lab6_2/lab6_2.runs/mb_block_ilmb_bram_if_cntlr_0_synth_1

INFO: [Coretcl 2-133] re-setting run 'mb_block_lmb_bram_0_synth_1'...
WARNING: [Coretcl 2-98] Problems encountered while resetting run:
1. Failed to delete one or more files in run directory D:/School/UIUC_ECE385_SP25/lab6_2/lab6_2.runs/mb_block_lmb_bram_0_synth_1

INFO: [Coretcl 2-133] re-setting run 'mb_block_xbar_0_synth_1'...
WARNING: [Coretcl 2-98] Problems encountered while resetting run:
1. Failed to delete one or more files in run directory D:/School/UIUC_ECE385_SP25/lab6_2/lab6_2.runs/mb_block_xbar_0_synth_1

INFO: [Coretcl 2-133] re-setting run 'mb_block_microblaze_0_axi_intc_0_synth_1'...
INFO: [Coretcl 2-133] re-setting run 'mb_block_mdm_1_0_synth_1'...
INFO: [Coretcl 2-133] re-setting run 'mb_block_clk_wiz_1_0_synth_1'...
INFO: [Coretcl 2-133] re-setting run 'mb_block_rst_clk_wiz_1_100M_0_synth_1'...
INFO: [Coretcl 2-133] re-setting run 'mb_block_axi_uartlite_0_0_synth_1'...
INFO: [Coretcl 2-133] re-setting run 'mb_block_axi_gpio_0_0_synth_1'...
INFO: [Coretcl 2-133] re-setting run 'impl_1'...
INFO: [Coretcl 2-133] re-setting run 'mb_block_microblaze_0_0_impl_1'...
INFO: [Coretcl 2-133] re-setting run 'mb_block_dlmb_v10_0_impl_1'...
INFO: [Coretcl 2-133] re-setting run 'mb_block_ilmb_v10_0_impl_1'...
INFO: [Coretcl 2-133] re-setting run 'mb_block_dlmb_bram_if_cntlr_0_impl_1'...
INFO: [Coretcl 2-133] re-setting run 'mb_block_ilmb_bram_if_cntlr_0_impl_1'...
INFO: [Coretcl 2-133] re-setting run 'mb_block_lmb_bram_0_impl_1'...
INFO: [Coretcl 2-133] re-setting run 'mb_block_xbar_0_impl_1'...
INFO: [Coretcl 2-133] re-setting run 'mb_block_microblaze_0_axi_intc_0_impl_1'...
INFO: [Coretcl 2-133] re-setting run 'mb_block_mdm_1_0_impl_1'...
INFO: [Coretcl 2-133] re-setting run 'mb_block_clk_wiz_1_0_impl_1'...
INFO: [Coretcl 2-133] re-setting run 'mb_block_rst_clk_wiz_1_100M_0_impl_1'...
INFO: [Coretcl 2-133] re-setting run 'mb_block_axi_uartlite_0_0_impl_1'...
INFO: [Coretcl 2-133] re-setting run 'mb_block_axi_gpio_0_0_impl_1'...
save_project_as: Time (s): cpu = 00:00:15 ; elapsed = 00:00:06 . Memory (MB): peak = 1217.535 ; gain = 19.008
add_files -norecurse -scan_for_includes {D:/School/UIUC_ECE385_SP25/lab6_2_provided/design_source/VGA_controller.sv D:/School/UIUC_ECE385_SP25/lab6_2_provided/design_source/ball.sv D:/School/UIUC_ECE385_SP25/lab6_2_provided/design_source/hex_driver.sv D:/School/UIUC_ECE385_SP25/lab6_2_provided/design_source/Color_Mapper.sv D:/School/UIUC_ECE385_SP25/lab6_2_provided/design_source/mb_usb_hdmi_top.sv}
import_files -norecurse {D:/School/UIUC_ECE385_SP25/lab6_2_provided/design_source/VGA_controller.sv D:/School/UIUC_ECE385_SP25/lab6_2_provided/design_source/ball.sv D:/School/UIUC_ECE385_SP25/lab6_2_provided/design_source/hex_driver.sv D:/School/UIUC_ECE385_SP25/lab6_2_provided/design_source/Color_Mapper.sv D:/School/UIUC_ECE385_SP25/lab6_2_provided/design_source/mb_usb_hdmi_top.sv}
update_compile_order -fileset sources_1
set_property top mb_usb_hdmi_top [current_fileset]
update_compile_order -fileset sources_1
export_ip_user_files -of_objects  [get_files D:/School/UIUC_ECE385_SP25/lab6_2/lab6_2.srcs/sources_1/imports/design_source/mb_intro_top.sv] -no_script -reset -force -quiet
remove_files  D:/School/UIUC_ECE385_SP25/lab6_2/lab6_2.srcs/sources_1/imports/design_source/mb_intro_top.sv
open_bd_design {D:/School/UIUC_ECE385_SP25/lab6_2/lab6_2.srcs/sources_1/bd/mb_block/mb_block.bd}
Reading block design file <D:/School/UIUC_ECE385_SP25/lab6_2/lab6_2.srcs/sources_1/bd/mb_block/mb_block.bd>...
Adding component instance block -- xilinx.com:ip:microblaze:11.0 - microblaze_0
Adding component instance block -- xilinx.com:ip:lmb_v10:3.0 - dlmb_v10
Adding component instance block -- xilinx.com:ip:lmb_v10:3.0 - ilmb_v10
Adding component instance block -- xilinx.com:ip:lmb_bram_if_cntlr:4.0 - dlmb_bram_if_cntlr
Adding component instance block -- xilinx.com:ip:lmb_bram_if_cntlr:4.0 - ilmb_bram_if_cntlr
Adding component instance block -- xilinx.com:ip:blk_mem_gen:8.4 - lmb_bram
Adding component instance block -- xilinx.com:ip:axi_interconnect:2.1 - microblaze_0_axi_periph
Adding component instance block -- xilinx.com:ip:axi_crossbar:2.1 - xbar
Adding component instance block -- xilinx.com:ip:axi_intc:4.1 - microblaze_0_axi_intc
Adding component instance block -- xilinx.com:ip:mdm:3.2 - mdm_1
Adding component instance block -- xilinx.com:ip:clk_wiz:6.0 - clk_wiz_1
Adding component instance block -- xilinx.com:ip:proc_sys_reset:5.0 - rst_clk_wiz_1_100M
Adding component instance block -- xilinx.com:ip:axi_uartlite:2.0 - axi_uartlite_0
Adding component instance block -- xilinx.com:ip:axi_gpio:2.0 - axi_gpio_0
Successfully read diagram <mb_block> from block design file <D:/School/UIUC_ECE385_SP25/lab6_2/lab6_2.srcs/sources_1/bd/mb_block/mb_block.bd>
update_compile_order -fileset sources_1
make_wrapper -files [get_files D:/School/UIUC_ECE385_SP25/lab6_2/lab6_2.srcs/sources_1/bd/mb_block/mb_block.bd] -top
add_files -norecurse D:/School/UIUC_ECE385_SP25/lab6_2/lab6_2.gen/sources_1/bd/mb_block/hdl/mb_block_wrapper.v
update_compile_order -fileset sources_1
startgroup
create_bd_cell -type ip -vlnv xilinx.com:ip:axi_gpio:2.0 axi_gpio_1
endgroup
set_property name gpio_usb_rst [get_bd_cells axi_gpio_0]
startgroup
set_property -dict [list \
  CONFIG.C_ALL_INPUTS {0} \
  CONFIG.C_ALL_OUTPUTS {1} \
  CONFIG.C_ALL_OUTPUTS_2 {0} \
  CONFIG.C_DOUT_DEFAULT {0x0} \
  CONFIG.C_GPIO_WIDTH {1} \
  CONFIG.C_IS_DUAL {0} \
] [get_bd_cells gpio_usb_rst]
WARNING: [IP_Flow 19-3374] An attempt to modify the value of disabled parameter 'C_ALL_OUTPUTS_2' from '1' to '0' has been ignored for IP 'gpio_usb_rst'
WARNING: [BD 41-1684] Pin /gpio_usb_rst/gpio_io_i is now disabled. All connections to this pin have been removed. 
delete_bd_objs [get_bd_nets b_sw_1] [get_bd_intf_nets axi_gpio_0_GPIO2]
endgroup
delete_bd_objs [get_bd_ports b_sw]
set_property name gpio_usb_int [get_bd_cells axi_gpio_1]
set_property location {7 2183 570} [get_bd_cells gpio_usb_int]
set_property -dict [list \
  CONFIG.C_ALL_INPUTS {1} \
  CONFIG.C_GPIO_WIDTH {1} \
  CONFIG.C_INTERRUPT_PRESENT {1} \
] [get_bd_cells gpio_usb_int]
startgroup
create_bd_cell -type ip -vlnv xilinx.com:ip:axi_gpio:2.0 axi_gpio_0
endgroup
set_property name gpio_usb_keycode [get_bd_cells axi_gpio_0]
set_property -dict [list \
  CONFIG.C_ALL_INPUTS {0} \
  CONFIG.C_ALL_INPUTS_2 {0} \
  CONFIG.C_ALL_OUTPUTS {1} \
  CONFIG.C_ALL_OUTPUTS_2 {1} \
  CONFIG.C_IS_DUAL {1} \
] [get_bd_cells gpio_usb_keycode]
startgroup
create_bd_cell -type ip -vlnv xilinx.com:ip:axi_timer:2.0 axi_timer_0
endgroup
set_property name timer_usb_axi [get_bd_cells axi_timer_0]
set_property CONFIG.enable_timer2 {0} [get_bd_cells timer_usb_axi]
startgroup
create_bd_cell -type ip -vlnv xilinx.com:ip:axi_quad_spi:3.2 axi_quad_spi_0
WARNING: [BD 41-721] Attempt to set value '0' on disabled parameter 'C_S_AXI4_ID_WIDTH' of cell '/axi_quad_spi_0' is ignored
endgroup
set_property name spi_usb [get_bd_cells axi_quad_spi_0]
update_gui_for_PARAM_VALUE.C_XIP_MODE- xip_mode: 0 spi_mode: 0 xip_perf_mode: 1
update_gui_for_PARAM_VALUE.C_XIP_PERF_MODE- xip_mode: 0 xip_perf_mode: 1 axi4_interface: 0
set_property -dict [list \
  CONFIG.C_SCK_RATIO {4} \
  CONFIG.C_USE_STARTUP {0} \
] [get_bd_cells spi_usb]
startgroup
create_bd_cell -type ip -vlnv xilinx.com:ip:xlconcat:2.1 xlconcat_0
endgroup
set_property -dict [list CONFIG.IN0_WIDTH.VALUE_SRC PROPAGATED] [get_bd_cells xlconcat_0]
set_property CONFIG.NUM_PORTS {4} [get_bd_cells xlconcat_0]
set_property location {4 954 687} [get_bd_cells xlconcat_0]
set_property -dict [list CONFIG.IN1_WIDTH.VALUE_SRC PROPAGATED CONFIG.IN0_WIDTH.VALUE_SRC PROPAGATED] [get_bd_cells xlconcat_0]
delete_bd_objs [get_bd_cells xlconcat_0]
startgroup
apply_bd_automation -rule xilinx.com:bd_rule:board -config { Manual_Source {Auto}}  [get_bd_intf_pins gpio_usb_int/GPIO]
INFO: [BoardRule 102-8] create_bd_intf_port -mode Master -vlnv xilinx.com:interface:gpio_rtl:1.0 gpio_rtl_1
INFO: [BoardRule 102-9] connect_bd_intf_net /gpio_rtl_1 /gpio_usb_int/GPIO
apply_bd_automation -rule xilinx.com:bd_rule:axi4 -config { Clk_master {/clk_wiz_1/clk_out1 (100 MHz)} Clk_slave {Auto} Clk_xbar {/clk_wiz_1/clk_out1 (100 MHz)} Master {/microblaze_0 (Periph)} Slave {/gpio_usb_int/S_AXI} ddr_seg {Auto} intc_ip {/microblaze_0_axi_periph} master_apm {0}}  [get_bd_intf_pins gpio_usb_int/S_AXI]
Slave segment '/gpio_usb_int/S_AXI/Reg' is being assigned into address space '/microblaze_0/Data' at <0x4001_0000 [ 64K ]>.
apply_bd_automation -rule xilinx.com:bd_rule:board -config { Manual_Source {Auto}}  [get_bd_intf_pins gpio_usb_keycode/GPIO]
INFO: [BoardRule 102-8] create_bd_intf_port -mode Master -vlnv xilinx.com:interface:gpio_rtl:1.0 gpio_rtl_2
INFO: [BoardRule 102-9] connect_bd_intf_net /gpio_rtl_2 /gpio_usb_keycode/GPIO
apply_bd_automation -rule xilinx.com:bd_rule:board -config { Manual_Source {Auto}}  [get_bd_intf_pins gpio_usb_keycode/GPIO2]
INFO: [BoardRule 102-8] create_bd_intf_port -mode Master -vlnv xilinx.com:interface:gpio_rtl:1.0 gpio_rtl_3
INFO: [BoardRule 102-9] connect_bd_intf_net /gpio_rtl_3 /gpio_usb_keycode/GPIO2
apply_bd_automation -rule xilinx.com:bd_rule:axi4 -config { Clk_master {/clk_wiz_1/clk_out1 (100 MHz)} Clk_slave {Auto} Clk_xbar {/clk_wiz_1/clk_out1 (100 MHz)} Master {/microblaze_0 (Periph)} Slave {/gpio_usb_keycode/S_AXI} ddr_seg {Auto} intc_ip {/microblaze_0_axi_periph} master_apm {0}}  [get_bd_intf_pins gpio_usb_keycode/S_AXI]
Slave segment '/gpio_usb_keycode/S_AXI/Reg' is being assigned into address space '/microblaze_0/Data' at <0x4002_0000 [ 64K ]>.
apply_bd_automation -rule xilinx.com:bd_rule:board -config { Manual_Source {Auto}}  [get_bd_intf_pins gpio_usb_rst/GPIO]
INFO: [BoardRule 102-8] create_bd_intf_port -mode Master -vlnv xilinx.com:interface:gpio_rtl:1.0 gpio_rtl_4
INFO: [BoardRule 102-9] connect_bd_intf_net /gpio_rtl_4 /gpio_usb_rst/GPIO
apply_bd_automation -rule xilinx.com:bd_rule:axi4 -config { Clk_master {/clk_wiz_1/clk_out1 (100 MHz)} Clk_slave {Auto} Clk_xbar {/clk_wiz_1/clk_out1 (100 MHz)} Master {/microblaze_0 (Periph)} Slave {/spi_usb/AXI_LITE} ddr_seg {Auto} intc_ip {/microblaze_0_axi_periph} master_apm {0}}  [get_bd_intf_pins spi_usb/AXI_LITE]
Slave segment '/spi_usb/AXI_LITE/Reg' is being assigned into address space '/microblaze_0/Data' at <0x44A0_0000 [ 64K ]>.
apply_bd_automation -rule xilinx.com:bd_rule:board -config { Manual_Source {Auto}}  [get_bd_intf_pins spi_usb/SPI_0]
INFO: [BoardRule 102-8] create_bd_intf_port -mode Master -vlnv xilinx.com:interface:spi_rtl:1.0 spi_rtl_0
INFO: [BoardRule 102-9] connect_bd_intf_net /spi_rtl_0 /spi_usb/SPI_0
apply_bd_automation -rule xilinx.com:bd_rule:axi4 -config { Clk_master {/clk_wiz_1/clk_out1 (100 MHz)} Clk_slave {Auto} Clk_xbar {/clk_wiz_1/clk_out1 (100 MHz)} Master {/microblaze_0 (Periph)} Slave {/timer_usb_axi/S_AXI} ddr_seg {Auto} intc_ip {/microblaze_0_axi_periph} master_apm {0}}  [get_bd_intf_pins timer_usb_axi/S_AXI]
Slave segment '/timer_usb_axi/S_AXI/Reg' is being assigned into address space '/microblaze_0/Data' at <0x41C0_0000 [ 64K ]>.
endgroup
delete_bd_objs [get_bd_intf_ports gpio_rtl_0]
set_property name gpio_usb_rst [get_bd_intf_ports gpio_rtl_4]
set_property name gpio_usb_int [get_bd_intf_ports gpio_rtl_1]
create_bd_port -dir I gpio_usb_int
delete_bd_objs [get_bd_intf_nets gpio_usb_int_GPIO] [get_bd_intf_ports gpio_usb_int]
connect_bd_net [get_bd_ports gpio_usb_int] [get_bd_pins gpio_usb_int/gpio_io_i]
WARNING: [BD 41-1306] The connection to interface pin </gpio_usb_int/gpio_io_i> is being overridden by the user with net <gpio_usb_int_1>. This pin will not be connected as a part of interface connection <GPIO>.
set_property name gpio_usb_keycode_0 [get_bd_intf_ports gpio_rtl_2]
set_property name gpio_usb_keycode_1 [get_bd_intf_ports gpio_rtl_3]
delete_bd_objs [get_bd_intf_nets spi_usb_SPI_0] [get_bd_intf_ports spi_rtl_0]
create_bd_port -dir I usb_spi_mosi
delete_bd_objs [get_bd_ports usb_spi_mosi]
create_bd_port -dir O usb_spi_mosi
create_bd_port -dir O usjb_spi_sclk
set_property location {7 2191 918} [get_bd_cells spi_usb]
set_property location {2397 880} [get_bd_ports usb_spi_mosi]
set_property location {2393 908} [get_bd_ports usjb_spi_sclk]
create_bd_port -dir I usb_spi_miso
create_bd_port -dir I -from 0 -to 0 usb_spi_ss
delete_bd_objs [get_bd_ports usb_spi_ss]
create_bd_port -dir O -from 0 -to 0 usb_spi_ss
set_property location {2398 956} [get_bd_ports usb_spi_ss]
set_property location {-96 1065} [get_bd_ports usb_spi_miso]
connect_bd_net [get_bd_ports usb_spi_miso] [get_bd_pins spi_usb/io1_i]
WARNING: [BD 41-1306] The connection to interface pin </spi_usb/io1_i> is being overridden by the user with net <usb_spi_miso_1>. This pin will not be connected as a part of interface connection <SPI_0>.
connect_bd_net [get_bd_ports usb_spi_mosi] [get_bd_pins spi_usb/io0_o]
WARNING: [BD 41-1306] The connection to interface pin </spi_usb/io0_o> is being overridden by the user with net <spi_usb_io0_o>. This pin will not be connected as a part of interface connection <SPI_0>.
connect_bd_net [get_bd_ports usjb_spi_sclk] [get_bd_pins spi_usb/sck_o]
WARNING: [BD 41-1306] The connection to interface pin </spi_usb/sck_o> is being overridden by the user with net <spi_usb_sck_o>. This pin will not be connected as a part of interface connection <SPI_0>.
connect_bd_net [get_bd_ports usb_spi_ss] [get_bd_pins spi_usb/ss_o]
WARNING: [BD 41-1306] The connection to interface pin </spi_usb/ss_o> is being overridden by the user with net <spi_usb_ss_o>. This pin will not be connected as a part of interface connection <SPI_0>.
set_property location {5 1615 738} [get_bd_cells timer_usb_axi]
startgroup
create_bd_cell -type ip -vlnv xilinx.com:ip:xlconcat:2.1 xlconcat_0
endgroup
set_property CONFIG.NUM_PORTS {4} [get_bd_cells xlconcat_0]
set_property location {5 1177 763} [get_bd_cells xlconcat_0]
set_property location {5 1761 978} [get_bd_cells microblaze_0_axi_intc]
delete_bd_objs [get_bd_nets axi_uartlite_0_interrupt]
connect_bd_net [get_bd_pins axi_uartlite_0/interrupt] [get_bd_pins xlconcat_0/In0]
connect_bd_net [get_bd_pins gpio_usb_int/ip2intc_irpt] [get_bd_pins xlconcat_0/In1]
connect_bd_net [get_bd_pins spi_usb/ip2intc_irpt] [get_bd_pins xlconcat_0/In3]
connect_bd_net [get_bd_pins timer_usb_axi/interrupt] [get_bd_pins xlconcat_0/In2]
connect_bd_net [get_bd_pins xlconcat_0/dout] [get_bd_pins microblaze_0_axi_intc/intr]
connect_bd_net [get_bd_pins clk_wiz_1/clk_out1] [get_bd_pins spi_usb/ext_spi_clk]
delete_bd_objs [get_bd_nets gpio_usb_int_1] [get_bd_ports gpio_usb_int]
apply_bd_automation -rule xilinx.com:bd_rule:board -config { Manual_Source {Auto}}  [get_bd_intf_pins gpio_usb_int/GPIO]
INFO: [BoardRule 102-8] create_bd_intf_port -mode Master -vlnv xilinx.com:interface:gpio_rtl:1.0 gpio_rtl_0
INFO: [BoardRule 102-9] connect_bd_intf_net /gpio_rtl_0 /gpio_usb_int/GPIO
set_property name gpio_usb_int [get_bd_intf_ports gpio_rtl_0]
validate_bd_design
WARNING: [filemgmt 56-443] The ECC Algorithm string is empty. Setting the Memory Map to default ECC value to ECC_NONE.
INFO: [xilinx.com:ip:axi_quad_spi:3.2-1] /spi_usb 
                   #######################################################################################
                   INFO: AXI Quad SPI core's AXI Lite Clock and EXT SPI CLK are synchronous to each other.
                   ########################################################################################
INFO: [xilinx.com:ip:axi_intc:4.1-1] /microblaze_0_axi_intc: The AXI INTC core has been configured to operate with synchronous clocks.
INFO: [xilinx.com:ip:clk_wiz:6.0-1] /clk_wiz_1 clk_wiz propagate
set_property location {2 310 724} [get_bd_cells clk_wiz_1]
save_bd_design
Wrote  : <D:\School\UIUC_ECE385_SP25\lab6_2\lab6_2.srcs\sources_1\bd\mb_block\mb_block.bd> 
Wrote  : <D:/School/UIUC_ECE385_SP25/lab6_2/lab6_2.srcs/sources_1/bd/mb_block/ui/bd_d3042d03.ui> 
close_bd_design [get_bd_designs mb_block]
make_wrapper -files [get_files D:/School/UIUC_ECE385_SP25/lab6_2/lab6_2.srcs/sources_1/bd/mb_block/mb_block.bd] -top
INFO: [BD 41-1662] The design 'mb_block.bd' is already validated. Therefore parameter propagation will not be re-run.
WARNING: [filemgmt 56-443] The ECC Algorithm string is empty. Setting the Memory Map to default ECC value to ECC_NONE.
WARNING: [filemgmt 56-443] The ECC Algorithm string is empty. Setting the Memory Map to default ECC value to ECC_NONE.
Verilog Output written to : d:/School/UIUC_ECE385_SP25/lab6_2/lab6_2.gen/sources_1/bd/mb_block/synth/mb_block.v
Verilog Output written to : d:/School/UIUC_ECE385_SP25/lab6_2/lab6_2.gen/sources_1/bd/mb_block/sim/mb_block.v
Verilog Output written to : d:/School/UIUC_ECE385_SP25/lab6_2/lab6_2.gen/sources_1/bd/mb_block/hdl/mb_block_wrapper.v
make_wrapper: Time (s): cpu = 00:00:03 ; elapsed = 00:00:08 . Memory (MB): peak = 2094.062 ; gain = 199.105
export_ip_user_files -of_objects  [get_files D:/School/UIUC_ECE385_SP25/lab6_2/lab6_2.gen/sources_1/bd/mb_block/hdl/mb_block_wrapper.v] -no_script -reset -force -quiet
remove_files  D:/School/UIUC_ECE385_SP25/lab6_2/lab6_2.gen/sources_1/bd/mb_block/hdl/mb_block_wrapper.v
file delete -force D:/School/UIUC_ECE385_SP25/lab6_2/lab6_2.gen/sources_1/bd/mb_block/hdl/mb_block_wrapper.v
set_property  ip_repo_paths  D:/School/UIUC_ECE385_SP25/lab6_2/hdmi_tx_1.0 [current_project]
update_ip_catalog
INFO: [IP_Flow 19-234] Refreshing IP repositories
INFO: [IP_Flow 19-1700] Loaded user IP repository 'd:/School/UIUC_ECE385_SP25/lab6_2/hdmi_tx_1.0'.
create_ip -name hdmi_tx -vendor realdigital.org -library realdigital -version 1.0 -module_name hdmi_tx_0
set_property -dict [list \
  CONFIG.C_BLUE_WIDTH {4} \
  CONFIG.C_GREEN_WIDTH {4} \
  CONFIG.C_RED_WIDTH {4} \
  CONFIG.MODE {HDMI} \
] [get_ips hdmi_tx_0]
generate_target {instantiation_template} [get_files d:/School/UIUC_ECE385_SP25/lab6_2/lab6_2.srcs/sources_1/ip/hdmi_tx_0/hdmi_tx_0.xci]
INFO: [IP_Flow 19-1686] Generating 'Instantiation Template' target for IP 'hdmi_tx_0'...
update_compile_order -fileset sources_1
generate_target all [get_files  d:/School/UIUC_ECE385_SP25/lab6_2/lab6_2.srcs/sources_1/ip/hdmi_tx_0/hdmi_tx_0.xci]
INFO: [IP_Flow 19-1686] Generating 'Synthesis' target for IP 'hdmi_tx_0'...
INFO: [IP_Flow 19-1686] Generating 'Simulation' target for IP 'hdmi_tx_0'...
catch { config_ip_cache -export [get_ips -all hdmi_tx_0] }
INFO: [IP_Flow 19-6924] IPCACHE: Running cache check for IP inst: hdmi_tx_0
export_ip_user_files -of_objects [get_files d:/School/UIUC_ECE385_SP25/lab6_2/lab6_2.srcs/sources_1/ip/hdmi_tx_0/hdmi_tx_0.xci] -no_script -sync -force -quiet
create_ip_run [get_files -of_objects [get_fileset sources_1] d:/School/UIUC_ECE385_SP25/lab6_2/lab6_2.srcs/sources_1/ip/hdmi_tx_0/hdmi_tx_0.xci]
launch_runs hdmi_tx_0_synth_1 -jobs 6
INFO: [IP_Flow 19-6924] IPCACHE: Running cache check for IP inst: hdmi_tx_0
[Wed Mar 26 11:09:24 2025] Launched hdmi_tx_0_synth_1...
Run output will be captured here: D:/School/UIUC_ECE385_SP25/lab6_2/lab6_2.runs/hdmi_tx_0_synth_1/runme.log
export_simulation -of_objects [get_files d:/School/UIUC_ECE385_SP25/lab6_2/lab6_2.srcs/sources_1/ip/hdmi_tx_0/hdmi_tx_0.xci] -directory D:/School/UIUC_ECE385_SP25/lab6_2/lab6_2.ip_user_files/sim_scripts -ip_user_files_dir D:/School/UIUC_ECE385_SP25/lab6_2/lab6_2.ip_user_files -ipstatic_source_dir D:/School/UIUC_ECE385_SP25/lab6_2/lab6_2.ip_user_files/ipstatic -lib_map_path [list {modelsim=D:/School/UIUC_ECE385_SP25/lab6_2/lab6_2.cache/compile_simlib/modelsim} {questa=D:/School/UIUC_ECE385_SP25/lab6_2/lab6_2.cache/compile_simlib/questa} {riviera=D:/School/UIUC_ECE385_SP25/lab6_2/lab6_2.cache/compile_simlib/riviera} {activehdl=D:/School/UIUC_ECE385_SP25/lab6_2/lab6_2.cache/compile_simlib/activehdl}] -use_ip_compiled_libs -force -quiet
create_ip -name clk_wiz -vendor xilinx.com -library ip -version 6.0 -module_name clk_wiz_0
set_property -dict [list \
  CONFIG.CLKOUT1_JITTER {175.402} \
  CONFIG.CLKOUT1_REQUESTED_OUT_FREQ {25} \
  CONFIG.CLKOUT2_JITTER {125.247} \
  CONFIG.CLKOUT2_PHASE_ERROR {98.575} \
  CONFIG.CLKOUT2_REQUESTED_OUT_FREQ {125} \
  CONFIG.CLKOUT2_USED {true} \
  CONFIG.MMCM_CLKOUT0_DIVIDE_F {40.000} \
  CONFIG.MMCM_CLKOUT1_DIVIDE {8} \
  CONFIG.NUM_OUT_CLKS {2} \
] [get_ips clk_wiz_0]
generate_target {instantiation_template} [get_files d:/School/UIUC_ECE385_SP25/lab6_2/lab6_2.srcs/sources_1/ip/clk_wiz_0/clk_wiz_0.xci]
INFO: [IP_Flow 19-1686] Generating 'Instantiation Template' target for IP 'clk_wiz_0'...
generate_target all [get_files  d:/School/UIUC_ECE385_SP25/lab6_2/lab6_2.srcs/sources_1/ip/clk_wiz_0/clk_wiz_0.xci]
INFO: [IP_Flow 19-1686] Generating 'Synthesis' target for IP 'clk_wiz_0'...
INFO: [IP_Flow 19-1686] Generating 'Simulation' target for IP 'clk_wiz_0'...
INFO: [IP_Flow 19-1686] Generating 'Implementation' target for IP 'clk_wiz_0'...
INFO: [IP_Flow 19-1686] Generating 'Change Log' target for IP 'clk_wiz_0'...
catch { config_ip_cache -export [get_ips -all clk_wiz_0] }
INFO: [IP_Flow 19-6924] IPCACHE: Running cache check for IP inst: clk_wiz_0
export_ip_user_files -of_objects [get_files d:/School/UIUC_ECE385_SP25/lab6_2/lab6_2.srcs/sources_1/ip/clk_wiz_0/clk_wiz_0.xci] -no_script -sync -force -quiet
create_ip_run [get_files -of_objects [get_fileset sources_1] d:/School/UIUC_ECE385_SP25/lab6_2/lab6_2.srcs/sources_1/ip/clk_wiz_0/clk_wiz_0.xci]
launch_runs clk_wiz_0_synth_1 -jobs 6
INFO: [IP_Flow 19-6924] IPCACHE: Running cache check for IP inst: clk_wiz_0
[Wed Mar 26 11:11:40 2025] Launched clk_wiz_0_synth_1...
Run output will be captured here: D:/School/UIUC_ECE385_SP25/lab6_2/lab6_2.runs/clk_wiz_0_synth_1/runme.log
export_simulation -of_objects [get_files d:/School/UIUC_ECE385_SP25/lab6_2/lab6_2.srcs/sources_1/ip/clk_wiz_0/clk_wiz_0.xci] -directory D:/School/UIUC_ECE385_SP25/lab6_2/lab6_2.ip_user_files/sim_scripts -ip_user_files_dir D:/School/UIUC_ECE385_SP25/lab6_2/lab6_2.ip_user_files -ipstatic_source_dir D:/School/UIUC_ECE385_SP25/lab6_2/lab6_2.ip_user_files/ipstatic -lib_map_path [list {modelsim=D:/School/UIUC_ECE385_SP25/lab6_2/lab6_2.cache/compile_simlib/modelsim} {questa=D:/School/UIUC_ECE385_SP25/lab6_2/lab6_2.cache/compile_simlib/questa} {riviera=D:/School/UIUC_ECE385_SP25/lab6_2/lab6_2.cache/compile_simlib/riviera} {activehdl=D:/School/UIUC_ECE385_SP25/lab6_2/lab6_2.cache/compile_simlib/activehdl}] -use_ip_compiled_libs -force -quiet
export_ip_user_files -of_objects  [get_files D:/School/UIUC_ECE385_SP25/lab6_2/lab6_2.srcs/constrs_1/imports/pin_assignment/mb_intro_top.xdc] -no_script -reset -force -quiet
remove_files  -fileset constrs_1 D:/School/UIUC_ECE385_SP25/lab6_2/lab6_2.srcs/constrs_1/imports/pin_assignment/mb_intro_top.xdc
add_files -fileset constrs_1 -norecurse D:/School/UIUC_ECE385_SP25/lab6_2_provided/pin_assignment/mb_usb_hdmi_top.xdc
import_files -fileset constrs_1 D:/School/UIUC_ECE385_SP25/lab6_2_provided/pin_assignment/mb_usb_hdmi_top.xdc
launch_runs impl_1 -to_step write_bitstream -jobs 6
INFO: [BD 41-1662] The design 'mb_block.bd' is already validated. Therefore parameter propagation will not be re-run.
WARNING: [filemgmt 56-443] The ECC Algorithm string is empty. Setting the Memory Map to default ECC value to ECC_NONE.
WARNING: [filemgmt 56-443] The ECC Algorithm string is empty. Setting the Memory Map to default ECC value to ECC_NONE.
Verilog Output written to : d:/School/UIUC_ECE385_SP25/lab6_2/lab6_2.gen/sources_1/bd/mb_block/synth/mb_block.v
Verilog Output written to : d:/School/UIUC_ECE385_SP25/lab6_2/lab6_2.gen/sources_1/bd/mb_block/sim/mb_block.v
Verilog Output written to : d:/School/UIUC_ECE385_SP25/lab6_2/lab6_2.gen/sources_1/bd/mb_block/hdl/mb_block_wrapper.v
INFO: [BD 41-1029] Generation completed for the IP Integrator block microblaze_0_axi_periph/xbar .
INFO: [BD 41-1029] Generation completed for the IP Integrator block microblaze_0_axi_intc .
INFO: [BD 41-1029] Generation completed for the IP Integrator block gpio_usb_rst .
INFO: [BD 41-1029] Generation completed for the IP Integrator block gpio_usb_int .
INFO: [BD 41-1029] Generation completed for the IP Integrator block gpio_usb_keycode .
WARNING: [IP_Flow 19-4994] Overwriting existing constraint file 'd:/School/UIUC_ECE385_SP25/lab6_2/lab6_2.gen/sources_1/bd/mb_block/ip/mb_block_axi_timer_0_0/mb_block_axi_timer_0_0_ooc.xdc'
INFO: [BD 41-1029] Generation completed for the IP Integrator block timer_usb_axi .
INFO: [BD 41-1029] Generation completed for the IP Integrator block spi_usb .
INFO: [BD 41-1029] Generation completed for the IP Integrator block xlconcat_0 .
Exporting to file d:/School/UIUC_ECE385_SP25/lab6_2/lab6_2.gen/sources_1/bd/mb_block/hw_handoff/mb_block.hwh
Generated Hardware Definition File d:/School/UIUC_ECE385_SP25/lab6_2/lab6_2.gen/sources_1/bd/mb_block/synth/mb_block.hwdef
INFO: [IP_Flow 19-6930] IPCACHE: runCacheChecks() number of threads = 8
INFO: [IP_Flow 19-6921] IPCACHE: Adding cache check func to thread queue for IP mb_block_axi_gpio_0_0
INFO: [IP_Flow 19-6921] IPCACHE: Adding cache check func to thread queue for IP mb_block_axi_gpio_0_1
INFO: [IP_Flow 19-6921] IPCACHE: Adding cache check func to thread queue for IP mb_block_axi_gpio_1_0
INFO: [IP_Flow 19-6921] IPCACHE: Adding cache check func to thread queue for IP mb_block_axi_quad_spi_0_0
INFO: [IP_Flow 19-6921] IPCACHE: Adding cache check func to thread queue for IP mb_block_axi_timer_0_0
INFO: [IP_Flow 19-6921] IPCACHE: Adding cache check func to thread queue for IP mb_block_microblaze_0_axi_intc_0
INFO: [IP_Flow 19-6921] IPCACHE: Adding cache check func to thread queue for IP mb_block_xbar_0
INFO: [IP_Flow 19-8020] IPCACHE: runCacheChecks() calling threadPool finishWork()
INFO: [IP_Flow 19-6924] IPCACHE: Running cache check for IP inst: mb_block_axi_gpio_0_0
INFO: [IP_Flow 19-6924] IPCACHE: Running cache check for IP inst: mb_block_axi_gpio_0_1
INFO: [IP_Flow 19-6924] IPCACHE: Running cache check for IP inst: mb_block_axi_gpio_1_0
INFO: [IP_Flow 19-6924] IPCACHE: Running cache check for IP inst: mb_block_axi_quad_spi_0_0
INFO: [IP_Flow 19-6924] IPCACHE: Running cache check for IP inst: mb_block_axi_timer_0_0
INFO: [IP_Flow 19-6924] IPCACHE: Running cache check for IP inst: mb_block_microblaze_0_axi_intc_0
INFO: [IP_Flow 19-6924] IPCACHE: Running cache check for IP inst: mb_block_xbar_0
[Wed Mar 26 11:13:05 2025] Launched mb_block_microblaze_0_0_synth_1, mb_block_dlmb_v10_0_synth_1, mb_block_ilmb_v10_0_synth_1, mb_block_dlmb_bram_if_cntlr_0_synth_1, mb_block_ilmb_bram_if_cntlr_0_synth_1, mb_block_lmb_bram_0_synth_1, mb_block_xbar_0_synth_1, mb_block_microblaze_0_axi_intc_0_synth_1, mb_block_mdm_1_0_synth_1, mb_block_clk_wiz_1_0_synth_1, mb_block_rst_clk_wiz_1_100M_0_synth_1, mb_block_axi_uartlite_0_0_synth_1, mb_block_axi_gpio_0_0_synth_1, mb_block_axi_quad_spi_0_0_synth_1, mb_block_axi_gpio_1_0_synth_1, mb_block_axi_timer_0_0_synth_1, mb_block_axi_gpio_0_1_synth_1, synth_1...
Run output will be captured here:
mb_block_microblaze_0_0_synth_1: D:/School/UIUC_ECE385_SP25/lab6_2/lab6_2.runs/mb_block_microblaze_0_0_synth_1/runme.log
mb_block_dlmb_v10_0_synth_1: D:/School/UIUC_ECE385_SP25/lab6_2/lab6_2.runs/mb_block_dlmb_v10_0_synth_1/runme.log
mb_block_ilmb_v10_0_synth_1: D:/School/UIUC_ECE385_SP25/lab6_2/lab6_2.runs/mb_block_ilmb_v10_0_synth_1/runme.log
mb_block_dlmb_bram_if_cntlr_0_synth_1: D:/School/UIUC_ECE385_SP25/lab6_2/lab6_2.runs/mb_block_dlmb_bram_if_cntlr_0_synth_1/runme.log
mb_block_ilmb_bram_if_cntlr_0_synth_1: D:/School/UIUC_ECE385_SP25/lab6_2/lab6_2.runs/mb_block_ilmb_bram_if_cntlr_0_synth_1/runme.log
mb_block_lmb_bram_0_synth_1: D:/School/UIUC_ECE385_SP25/lab6_2/lab6_2.runs/mb_block_lmb_bram_0_synth_1/runme.log
mb_block_xbar_0_synth_1: D:/School/UIUC_ECE385_SP25/lab6_2/lab6_2.runs/mb_block_xbar_0_synth_1/runme.log
mb_block_microblaze_0_axi_intc_0_synth_1: D:/School/UIUC_ECE385_SP25/lab6_2/lab6_2.runs/mb_block_microblaze_0_axi_intc_0_synth_1/runme.log
mb_block_mdm_1_0_synth_1: D:/School/UIUC_ECE385_SP25/lab6_2/lab6_2.runs/mb_block_mdm_1_0_synth_1/runme.log
mb_block_clk_wiz_1_0_synth_1: D:/School/UIUC_ECE385_SP25/lab6_2/lab6_2.runs/mb_block_clk_wiz_1_0_synth_1/runme.log
mb_block_rst_clk_wiz_1_100M_0_synth_1: D:/School/UIUC_ECE385_SP25/lab6_2/lab6_2.runs/mb_block_rst_clk_wiz_1_100M_0_synth_1/runme.log
mb_block_axi_uartlite_0_0_synth_1: D:/School/UIUC_ECE385_SP25/lab6_2/lab6_2.runs/mb_block_axi_uartlite_0_0_synth_1/runme.log
mb_block_axi_gpio_0_0_synth_1: D:/School/UIUC_ECE385_SP25/lab6_2/lab6_2.runs/mb_block_axi_gpio_0_0_synth_1/runme.log
mb_block_axi_quad_spi_0_0_synth_1: D:/School/UIUC_ECE385_SP25/lab6_2/lab6_2.runs/mb_block_axi_quad_spi_0_0_synth_1/runme.log
mb_block_axi_gpio_1_0_synth_1: D:/School/UIUC_ECE385_SP25/lab6_2/lab6_2.runs/mb_block_axi_gpio_1_0_synth_1/runme.log
mb_block_axi_timer_0_0_synth_1: D:/School/UIUC_ECE385_SP25/lab6_2/lab6_2.runs/mb_block_axi_timer_0_0_synth_1/runme.log
mb_block_axi_gpio_0_1_synth_1: D:/School/UIUC_ECE385_SP25/lab6_2/lab6_2.runs/mb_block_axi_gpio_0_1_synth_1/runme.log
synth_1: D:/School/UIUC_ECE385_SP25/lab6_2/lab6_2.runs/synth_1/runme.log
[Wed Mar 26 11:13:07 2025] Launched impl_1...
Run output will be captured here: D:/School/UIUC_ECE385_SP25/lab6_2/lab6_2.runs/impl_1/runme.log
launch_runs: Time (s): cpu = 00:00:07 ; elapsed = 00:00:08 . Memory (MB): peak = 2323.684 ; gain = 0.000
open_bd_design {D:/School/UIUC_ECE385_SP25/lab6_2/lab6_2.srcs/sources_1/bd/mb_block/mb_block.bd}
Reading block design file <D:/School/UIUC_ECE385_SP25/lab6_2/lab6_2.srcs/sources_1/bd/mb_block/mb_block.bd>...
Adding component instance block -- xilinx.com:ip:microblaze:11.0 - microblaze_0
Adding component instance block -- xilinx.com:ip:lmb_v10:3.0 - dlmb_v10
Adding component instance block -- xilinx.com:ip:lmb_v10:3.0 - ilmb_v10
Adding component instance block -- xilinx.com:ip:lmb_bram_if_cntlr:4.0 - dlmb_bram_if_cntlr
Adding component instance block -- xilinx.com:ip:lmb_bram_if_cntlr:4.0 - ilmb_bram_if_cntlr
Adding component instance block -- xilinx.com:ip:blk_mem_gen:8.4 - lmb_bram
Adding component instance block -- xilinx.com:ip:axi_interconnect:2.1 - microblaze_0_axi_periph
Adding component instance block -- xilinx.com:ip:axi_crossbar:2.1 - xbar
Adding component instance block -- xilinx.com:ip:axi_intc:4.1 - microblaze_0_axi_intc
Adding component instance block -- xilinx.com:ip:mdm:3.2 - mdm_1
Adding component instance block -- xilinx.com:ip:clk_wiz:6.0 - clk_wiz_1
Adding component instance block -- xilinx.com:ip:proc_sys_reset:5.0 - rst_clk_wiz_1_100M
Adding component instance block -- xilinx.com:ip:axi_uartlite:2.0 - axi_uartlite_0
Adding component instance block -- xilinx.com:ip:axi_gpio:2.0 - gpio_usb_rst
Adding component instance block -- xilinx.com:ip:axi_gpio:2.0 - gpio_usb_int
Adding component instance block -- xilinx.com:ip:axi_gpio:2.0 - gpio_usb_keycode
Adding component instance block -- xilinx.com:ip:axi_timer:2.0 - timer_usb_axi
Adding component instance block -- xilinx.com:ip:axi_quad_spi:3.2 - spi_usb
Adding component instance block -- xilinx.com:ip:xlconcat:2.1 - xlconcat_0
Successfully read diagram <mb_block> from block design file <D:/School/UIUC_ECE385_SP25/lab6_2/lab6_2.srcs/sources_1/bd/mb_block/mb_block.bd>
set_property name usb_spi_sclk [get_bd_ports usjb_spi_sclk]
save_bd_design
Wrote  : <D:\School\UIUC_ECE385_SP25\lab6_2\lab6_2.srcs\sources_1\bd\mb_block\mb_block.bd> 
Wrote  : <D:/School/UIUC_ECE385_SP25/lab6_2/lab6_2.srcs/sources_1/bd/mb_block/ui/bd_d3042d03.ui> 
reset_run synth_1
launch_runs impl_1 -to_step write_bitstream -jobs 6
WARNING: [filemgmt 56-443] The ECC Algorithm string is empty. Setting the Memory Map to default ECC value to ECC_NONE.
WARNING: [filemgmt 56-443] The ECC Algorithm string is empty. Setting the Memory Map to default ECC value to ECC_NONE.
INFO: [xilinx.com:ip:axi_intc:4.1-1] /microblaze_0_axi_intc: The AXI INTC core has been configured to operate with synchronous clocks.
INFO: [xilinx.com:ip:clk_wiz:6.0-1] /clk_wiz_1 clk_wiz propagate
INFO: [xilinx.com:ip:axi_quad_spi:3.2-1] /spi_usb 
                   #######################################################################################
                   INFO: AXI Quad SPI core's AXI Lite Clock and EXT SPI CLK are synchronous to each other.
                   ########################################################################################
Wrote  : <D:\School\UIUC_ECE385_SP25\lab6_2\lab6_2.srcs\sources_1\bd\mb_block\mb_block.bd> 
Verilog Output written to : d:/School/UIUC_ECE385_SP25/lab6_2/lab6_2.gen/sources_1/bd/mb_block/synth/mb_block.v
Verilog Output written to : d:/School/UIUC_ECE385_SP25/lab6_2/lab6_2.gen/sources_1/bd/mb_block/sim/mb_block.v
Verilog Output written to : d:/School/UIUC_ECE385_SP25/lab6_2/lab6_2.gen/sources_1/bd/mb_block/hdl/mb_block_wrapper.v
Exporting to file d:/School/UIUC_ECE385_SP25/lab6_2/lab6_2.gen/sources_1/bd/mb_block/hw_handoff/mb_block.hwh
Generated Hardware Definition File d:/School/UIUC_ECE385_SP25/lab6_2/lab6_2.gen/sources_1/bd/mb_block/synth/mb_block.hwdef
[Wed Mar 26 11:17:12 2025] Launched synth_1...
Run output will be captured here: D:/School/UIUC_ECE385_SP25/lab6_2/lab6_2.runs/synth_1/runme.log
[Wed Mar 26 11:17:12 2025] Launched impl_1...
Run output will be captured here: D:/School/UIUC_ECE385_SP25/lab6_2/lab6_2.runs/impl_1/runme.log
launch_runs: Time (s): cpu = 00:00:09 ; elapsed = 00:00:11 . Memory (MB): peak = 2414.742 ; gain = 4.461
open_run impl_1
INFO: [Device 21-403] Loading part xc7s50csga324-1
Netlist sorting complete. Time (s): cpu = 00:00:00 ; elapsed = 00:00:00.195 . Memory (MB): peak = 2462.211 ; gain = 0.000
INFO: [Netlist 29-17] Analyzing 411 Unisim elements for replacement
INFO: [Netlist 29-28] Unisim Transformation completed in 0 CPU seconds
INFO: [Project 1-479] Netlist was created with Vivado 2022.2
INFO: [Project 1-570] Preparing netlist for logic optimization
WARNING: [Constraints 18-550] Could not create 'IBUF_LOW_PWR' constraint because net 'clk_wiz/clk_in1' is not directly connected to top level port. Synthesis is ignored for IBUF_LOW_PWR but preserved for implementation.
WARNING: [Constraints 18-550] Could not create 'IBUF_LOW_PWR' constraint because net 'mb_block/clk_wiz_1/clk_in1' is not directly connected to top level port. Synthesis is ignored for IBUF_LOW_PWR but preserved for implementation.
INFO: [Timing 38-478] Restoring timing data from binary archive.
INFO: [Timing 38-479] Binary timing data restore complete.
INFO: [Project 1-856] Restoring constraints from binary archive.
INFO: [Project 1-853] Binary constraint restore complete.
Reading XDEF placement.
Reading placer database...
Reading XDEF routing.
Read XDEF Files: Time (s): cpu = 00:00:01 ; elapsed = 00:00:00.475 . Memory (MB): peak = 3058.570 ; gain = 0.000
Restored from archive | CPU: 1.000000 secs | Memory: 0.000000 MB |
Finished XDEF File Restore: Time (s): cpu = 00:00:01 ; elapsed = 00:00:00.475 . Memory (MB): peak = 3058.570 ; gain = 0.000
Generating merged BMM file for the design top 'mb_usb_hdmi_top'...
INFO: [Memdata 28-144] Successfully populated the BRAM INIT strings from the following elf files: d:/School/UIUC_ECE385_SP25/lab6_2/lab6_2.gen/sources_1/bd/mb_block/ip/mb_block_microblaze_0_0/data/mb_bootloop_le.elf 
Netlist sorting complete. Time (s): cpu = 00:00:00 ; elapsed = 00:00:00.010 . Memory (MB): peak = 3058.570 ; gain = 0.000
INFO: [Project 1-111] Unisim Transformation Summary:
  A total of 246 instances were transformed.
  LUT6_2 => LUT6_2 (LUT5, LUT6): 143 instances
  RAM16X1D => RAM32X1D (RAMD32(x2)): 32 instances
  RAM32M => RAM32M (RAMD32(x6), RAMS32(x2)): 2 instances
  RAM32X1D => RAM32X1D (RAMD32(x2)): 68 instances
  SRLC16E => SRL16E: 1 instance 

open_run: Time (s): cpu = 00:00:15 ; elapsed = 00:00:10 . Memory (MB): peak = 3166.289 ; gain = 737.141
write_hw_platform -fixed -include_bit -force -file D:/School/UIUC_ECE385_SP25/lab6_2/mb_usb_hdmi_top.xsa
INFO: [Project 1-1918] Creating Hardware Platform: D:/School/UIUC_ECE385_SP25/lab6_2/mb_usb_hdmi_top.xsa ...
INFO: [Project 1-1943] The Hardware Platform can be used for Hardware
INFO: [Project 1-1941] Successfully created Hardware Platform: D:/School/UIUC_ECE385_SP25/lab6_2/mb_usb_hdmi_top.xsa
INFO: [Hsi 55-2053] elapsed time for repository (C:/Xilinx/Vivado/2022.2/data/embeddedsw) loading 1 seconds
INFO: [Vivado 12-8231] Launching Vitis
INFO: [Vivado 12-417] Running vitis
INFO: [Vivado 12-8232] Vitis launch initiated. Please check console for any further messages.
INFO: [Vivado 12-8231] Launching Vitis
INFO: [Vivado 12-417] Running vitis
INFO: [Vivado 12-8232] Vitis launch initiated. Please check console for any further messages.
exit
INFO: [Common 17-206] Exiting Vivado at Wed Mar 26 15:57:02 2025...
