Copyright 1986-2022 Xilinx, Inc. All Rights Reserved.
------------------------------------------------------------------------------------------------------------------------------------------------------------------------------------------------------------------------
| Tool Version : Vivado v.2022.2 (win64) Build 3671981 Fri Oct 14 05:00:03 MDT 2022
| Date         : Fri Oct  3 13:50:53 2025
| Host         : Server running 64-bit major release  (build 9200)
| Command      : report_timing_summary -max_paths 10 -report_unconstrained -file mult8_top_timing_summary_routed.rpt -pb mult8_top_timing_summary_routed.pb -rpx mult8_top_timing_summary_routed.rpx -warn_on_violation
| Design       : mult8_top
| Device       : 7s50-csga324
| Speed File   : -1  PRODUCTION 1.23 2018-06-13
------------------------------------------------------------------------------------------------------------------------------------------------------------------------------------------------------------------------

Timing Summary Report

------------------------------------------------------------------------------------------------
| Timer Settings
| --------------
------------------------------------------------------------------------------------------------

  Enable Multi Corner Analysis               :  Yes
  Enable Pessimism Removal                   :  Yes
  Pessimism Removal Resolution               :  Nearest Common Node
  Enable Input Delay Default Clock           :  No
  Enable Preset / Clear Arcs                 :  No
  Disable Flight Delays                      :  No
  Ignore I/O Paths                           :  No
  Timing Early Launch at Borrowing Latches   :  No
  Borrow Time for Max Delay Exceptions       :  Yes
  Merge Timing Exceptions                    :  Yes

  Corner  Analyze    Analyze    
  Name    Max Paths  Min Paths  
  ------  ---------  ---------  
  Slow    Yes        Yes        
  Fast    Yes        Yes        


------------------------------------------------------------------------------------------------
| Report Methodology
| ------------------
------------------------------------------------------------------------------------------------

Rule       Severity          Description                  Violations  
---------  ----------------  ---------------------------  ----------  
TIMING-17  Critical Warning  Non-clocked sequential cell  81          

Note: This report is based on the most recent report_methodology run and may not be up-to-date. Run report_methodology on the current design for the latest report.



check_timing report

Table of Contents
-----------------
1. checking no_clock (81)
2. checking constant_clock (0)
3. checking pulse_width_clock (0)
4. checking unconstrained_internal_endpoints (169)
5. checking no_input_delay (10)
6. checking no_output_delay (27)
7. checking multiple_clock (0)
8. checking generated_clocks (0)
9. checking loops (0)
10. checking partial_input_delay (0)
11. checking partial_output_delay (0)
12. checking latch_loops (0)

1. checking no_clock (81)
-------------------------
 There are 81 register/latch pins with no clock driven by root clock pin: clk (HIGH)


2. checking constant_clock (0)
------------------------------
 There are 0 register/latch pins with constant_clock.


3. checking pulse_width_clock (0)
---------------------------------
 There are 0 register/latch pins which need pulse_width check


4. checking unconstrained_internal_endpoints (169)
--------------------------------------------------
 There are 169 pins that are not constrained for maximum delay. (HIGH)

 There are 0 pins that are not constrained for maximum delay due to constant clock.


5. checking no_input_delay (10)
-------------------------------
 There are 10 input ports with no input delay specified. (HIGH)

 There are 0 input ports with no input delay but user has a false path constraint.


6. checking no_output_delay (27)
--------------------------------
 There are 27 ports with no output delay specified. (HIGH)

 There are 0 ports with no output delay but user has a false path constraint

 There are 0 ports with no output delay but with a timing clock defined on it or propagating through it


7. checking multiple_clock (0)
------------------------------
 There are 0 register/latch pins with multiple clocks.


8. checking generated_clocks (0)
--------------------------------
 There are 0 generated clocks that are not connected to a clock source.


9. checking loops (0)
---------------------
 There are 0 combinational loops in the design.


10. checking partial_input_delay (0)
------------------------------------
 There are 0 input ports with partial input delay specified.


11. checking partial_output_delay (0)
-------------------------------------
 There are 0 ports with partial output delay specified.


12. checking latch_loops (0)
----------------------------
 There are 0 combinational latch loops in the design through latch input



------------------------------------------------------------------------------------------------
| Design Timing Summary
| ---------------------
------------------------------------------------------------------------------------------------

    WNS(ns)      TNS(ns)  TNS Failing Endpoints  TNS Total Endpoints      WHS(ns)      THS(ns)  THS Failing Endpoints  THS Total Endpoints     WPWS(ns)     TPWS(ns)  TPWS Failing Endpoints  TPWS Total Endpoints  
    -------      -------  ---------------------  -------------------      -------      -------  ---------------------  -------------------     --------     --------  ----------------------  --------------------  
        inf        0.000                      0                  196          inf        0.000                      0                  196           NA           NA                      NA                    NA  


There are no user specified timing constraints.


------------------------------------------------------------------------------------------------
| Clock Summary
| -------------
------------------------------------------------------------------------------------------------


------------------------------------------------------------------------------------------------
| Intra Clock Table
| -----------------
------------------------------------------------------------------------------------------------

Clock             WNS(ns)      TNS(ns)  TNS Failing Endpoints  TNS Total Endpoints      WHS(ns)      THS(ns)  THS Failing Endpoints  THS Total Endpoints     WPWS(ns)     TPWS(ns)  TPWS Failing Endpoints  TPWS Total Endpoints  
-----             -------      -------  ---------------------  -------------------      -------      -------  ---------------------  -------------------     --------     --------  ----------------------  --------------------  


------------------------------------------------------------------------------------------------
| Inter Clock Table
| -----------------
------------------------------------------------------------------------------------------------

From Clock    To Clock          WNS(ns)      TNS(ns)  TNS Failing Endpoints  TNS Total Endpoints      WHS(ns)      THS(ns)  THS Failing Endpoints  THS Total Endpoints  
----------    --------          -------      -------  ---------------------  -------------------      -------      -------  ---------------------  -------------------  


------------------------------------------------------------------------------------------------
| Other Path Groups Table
| -----------------------
------------------------------------------------------------------------------------------------

Path Group    From Clock    To Clock          WNS(ns)      TNS(ns)  TNS Failing Endpoints  TNS Total Endpoints      WHS(ns)      THS(ns)  THS Failing Endpoints  THS Total Endpoints  
----------    ----------    --------          -------      -------  ---------------------  -------------------      -------      -------  ---------------------  -------------------  


------------------------------------------------------------------------------------------------
| User Ignored Path Table
| -----------------------
------------------------------------------------------------------------------------------------

Path Group    From Clock    To Clock    
----------    ----------    --------    


------------------------------------------------------------------------------------------------
| Unconstrained Path Table
| ------------------------
------------------------------------------------------------------------------------------------

Path Group    From Clock    To Clock    
----------    ----------    --------    
(none)                                    


------------------------------------------------------------------------------------------------
| Timing Details
| --------------
------------------------------------------------------------------------------------------------


--------------------------------------------------------------------------------------
Path Group:  (none)
From Clock:  
  To Clock:  

Max Delay           196 Endpoints
Min Delay           196 Endpoints
--------------------------------------------------------------------------------------


Max Delay Paths
--------------------------------------------------------------------------------------
Slack:                    inf
  Source:                 u_hex/counter_reg[15]/C
                            (rising edge-triggered cell FDRE)
  Destination:            hex_seg_o[5]
                            (output port)
  Path Group:             (none)
  Path Type:              Max at Slow Process Corner
  Data Path Delay:        9.068ns  (logic 3.919ns (43.212%)  route 5.150ns (56.788%))
  Logic Levels:           6  (FDRE=1 LUT6=4 OBUF=1)

    Location             Delay type                Incr(ns)  Path(ns)    Netlist Resource(s)
  -------------------------------------------------------------------    -------------------
    SLICE_X64Y76         FDRE                         0.000     0.000 r  u_hex/counter_reg[15]/C
    SLICE_X64Y76         FDRE (Prop_fdre_C_Q)         0.518     0.518 f  u_hex/counter_reg[15]/Q
                         net (fo=21, routed)          1.337     1.855    u_regB/p_0_in[0]
    SLICE_X60Y78         LUT6 (Prop_lut6_I1_O)        0.124     1.979 r  u_regB/hex_seg_o_OBUF[5]_inst_i_7/O
                         net (fo=1, routed)           0.452     2.431    u_regB/hex_seg_o_OBUF[5]_inst_i_7_n_0
    SLICE_X60Y78         LUT6 (Prop_lut6_I5_O)        0.124     2.555 r  u_regB/hex_seg_o_OBUF[5]_inst_i_5/O
                         net (fo=1, routed)           0.662     3.217    u_regA/hex_seg_o_OBUF[5]_inst_i_1_1
    SLICE_X60Y80         LUT6 (Prop_lut6_I5_O)        0.124     3.341 r  u_regA/hex_seg_o_OBUF[5]_inst_i_3/O
                         net (fo=1, routed)           0.785     4.126    u_regA/hex_seg_o_OBUF[5]_inst_i_3_n_0
    SLICE_X63Y80         LUT6 (Prop_lut6_I5_O)        0.124     4.250 r  u_regA/hex_seg_o_OBUF[5]_inst_i_1/O
                         net (fo=1, routed)           1.914     6.164    hex_seg_o_OBUF[5]
    D6                   OBUF (Prop_obuf_I_O)         2.905     9.068 r  hex_seg_o_OBUF[5]_inst/O
                         net (fo=0)                   0.000     9.068    hex_seg_o[5]
    D6                                                                r  hex_seg_o[5] (OUT)
  -------------------------------------------------------------------    -------------------

Slack:                    inf
  Source:                 u_regB/data_q_reg[5]/C
                            (rising edge-triggered cell FDRE)
  Destination:            hex_seg_o[6]
                            (output port)
  Path Group:             (none)
  Path Type:              Max at Slow Process Corner
  Data Path Delay:        8.863ns  (logic 4.270ns (48.181%)  route 4.593ns (51.819%))
  Logic Levels:           5  (FDRE=1 LUT4=1 LUT6=1 MUXF7=1 OBUF=1)

    Location             Delay type                Incr(ns)  Path(ns)    Netlist Resource(s)
  -------------------------------------------------------------------    -------------------
    SLICE_X62Y75         FDRE                         0.000     0.000 r  u_regB/data_q_reg[5]/C
    SLICE_X62Y75         FDRE (Prop_fdre_C_Q)         0.456     0.456 r  u_regB/data_q_reg[5]/Q
                         net (fo=10, routed)          1.714     2.170    u_regB/Bval_OBUF[5]
    SLICE_X62Y78         LUT4 (Prop_lut4_I2_O)        0.154     2.324 r  u_regB/hex_seg_o_OBUF[6]_inst_i_5/O
                         net (fo=1, routed)           0.812     3.135    u_regA/hex_seg_o_OBUF[6]_inst_i_1_1
    SLICE_X63Y78         LUT6 (Prop_lut6_I5_O)        0.327     3.462 r  u_regA/hex_seg_o_OBUF[6]_inst_i_3/O
                         net (fo=1, routed)           0.000     3.462    u_regA/hex_seg_o_OBUF[6]_inst_i_3_n_0
    SLICE_X63Y78         MUXF7 (Prop_muxf7_I1_O)      0.245     3.707 r  u_regA/hex_seg_o_OBUF[6]_inst_i_1/O
                         net (fo=1, routed)           2.067     5.775    hex_seg_o_OBUF[6]
    C4                   OBUF (Prop_obuf_I_O)         3.088     8.863 r  hex_seg_o_OBUF[6]_inst/O
                         net (fo=0)                   0.000     8.863    hex_seg_o[6]
    C4                                                                r  hex_seg_o[6] (OUT)
  -------------------------------------------------------------------    -------------------

Slack:                    inf
  Source:                 u_regB/data_q_reg[5]/C
                            (rising edge-triggered cell FDRE)
  Destination:            hex_seg_o[0]
                            (output port)
  Path Group:             (none)
  Path Type:              Max at Slow Process Corner
  Data Path Delay:        8.413ns  (logic 3.996ns (47.494%)  route 4.417ns (52.506%))
  Logic Levels:           5  (FDRE=1 LUT4=1 LUT6=1 MUXF7=1 OBUF=1)

    Location             Delay type                Incr(ns)  Path(ns)    Netlist Resource(s)
  -------------------------------------------------------------------    -------------------
    SLICE_X62Y75         FDRE                         0.000     0.000 r  u_regB/data_q_reg[5]/C
    SLICE_X62Y75         FDRE (Prop_fdre_C_Q)         0.456     0.456 r  u_regB/data_q_reg[5]/Q
                         net (fo=10, routed)          1.714     2.170    u_regB/Bval_OBUF[5]
    SLICE_X62Y78         LUT4 (Prop_lut4_I2_O)        0.124     2.294 r  u_regB/hex_seg_o_OBUF[0]_inst_i_5/O
                         net (fo=1, routed)           0.643     2.937    u_regA/hex_seg_o_OBUF[0]_inst_i_1_1
    SLICE_X63Y78         LUT6 (Prop_lut6_I5_O)        0.124     3.061 r  u_regA/hex_seg_o_OBUF[0]_inst_i_3/O
                         net (fo=1, routed)           0.000     3.061    u_regA/hex_seg_o_OBUF[0]_inst_i_3_n_0
    SLICE_X63Y78         MUXF7 (Prop_muxf7_I1_O)      0.217     3.278 r  u_regA/hex_seg_o_OBUF[0]_inst_i_1/O
                         net (fo=1, routed)           2.060     5.338    hex_seg_o_OBUF[0]
    E6                   OBUF (Prop_obuf_I_O)         3.075     8.413 r  hex_seg_o_OBUF[0]_inst/O
                         net (fo=0)                   0.000     8.413    hex_seg_o[0]
    E6                                                                r  hex_seg_o[0] (OUT)
  -------------------------------------------------------------------    -------------------

Slack:                    inf
  Source:                 u_regB/data_q_reg[5]/C
                            (rising edge-triggered cell FDRE)
  Destination:            hex_seg_o[1]
                            (output port)
  Path Group:             (none)
  Path Type:              Max at Slow Process Corner
  Data Path Delay:        8.109ns  (logic 4.013ns (49.493%)  route 4.095ns (50.507%))
  Logic Levels:           5  (FDRE=1 LUT4=1 LUT6=1 MUXF7=1 OBUF=1)

    Location             Delay type                Incr(ns)  Path(ns)    Netlist Resource(s)
  -------------------------------------------------------------------    -------------------
    SLICE_X62Y75         FDRE                         0.000     0.000 r  u_regB/data_q_reg[5]/C
    SLICE_X62Y75         FDRE (Prop_fdre_C_Q)         0.456     0.456 r  u_regB/data_q_reg[5]/Q
                         net (fo=10, routed)          1.410     1.866    u_regB/Bval_OBUF[5]
    SLICE_X61Y79         LUT4 (Prop_lut4_I2_O)        0.124     1.990 r  u_regB/hex_seg_o_OBUF[1]_inst_i_5/O
                         net (fo=1, routed)           0.821     2.811    u_regA/hex_seg_o_OBUF[1]_inst_i_1_1
    SLICE_X62Y79         LUT6 (Prop_lut6_I5_O)        0.124     2.935 r  u_regA/hex_seg_o_OBUF[1]_inst_i_3/O
                         net (fo=1, routed)           0.000     2.935    u_regA/hex_seg_o_OBUF[1]_inst_i_3_n_0
    SLICE_X62Y79         MUXF7 (Prop_muxf7_I1_O)      0.217     3.152 r  u_regA/hex_seg_o_OBUF[1]_inst_i_1/O
                         net (fo=1, routed)           1.864     5.016    hex_seg_o_OBUF[1]
    B4                   OBUF (Prop_obuf_I_O)         3.092     8.109 r  hex_seg_o_OBUF[1]_inst/O
                         net (fo=0)                   0.000     8.109    hex_seg_o[1]
    B4                                                                r  hex_seg_o[1] (OUT)
  -------------------------------------------------------------------    -------------------

Slack:                    inf
  Source:                 u_hex/counter_reg[16]/C
                            (rising edge-triggered cell FDRE)
  Destination:            hex_seg_o[4]
                            (output port)
  Path Group:             (none)
  Path Type:              Max at Slow Process Corner
  Data Path Delay:        8.032ns  (logic 3.682ns (45.837%)  route 4.350ns (54.163%))
  Logic Levels:           4  (FDRE=1 LUT4=1 LUT6=1 OBUF=1)

    Location             Delay type                Incr(ns)  Path(ns)    Netlist Resource(s)
  -------------------------------------------------------------------    -------------------
    SLICE_X64Y77         FDRE                         0.000     0.000 r  u_hex/counter_reg[16]/C
    SLICE_X64Y77         FDRE (Prop_fdre_C_Q)         0.518     0.518 r  u_hex/counter_reg[16]/Q
                         net (fo=25, routed)          1.711     2.229    u_regA/p_0_in[1]
    SLICE_X62Y80         LUT6 (Prop_lut6_I1_O)        0.124     2.353 r  u_regA/hex_seg_o_OBUF[4]_inst_i_3/O
                         net (fo=1, routed)           0.402     2.756    u_regA/hex_seg_o_OBUF[4]_inst_i_3_n_0
    SLICE_X63Y80         LUT4 (Prop_lut4_I1_O)        0.124     2.880 r  u_regA/hex_seg_o_OBUF[4]_inst_i_1/O
                         net (fo=1, routed)           2.237     5.116    hex_seg_o_OBUF[4]
    D7                   OBUF (Prop_obuf_I_O)         2.916     8.032 r  hex_seg_o_OBUF[4]_inst/O
                         net (fo=0)                   0.000     8.032    hex_seg_o[4]
    D7                                                                r  hex_seg_o[4] (OUT)
  -------------------------------------------------------------------    -------------------

Slack:                    inf
  Source:                 u_regB/data_q_reg[5]/C
                            (rising edge-triggered cell FDRE)
  Destination:            hex_seg_o[3]
                            (output port)
  Path Group:             (none)
  Path Type:              Max at Slow Process Corner
  Data Path Delay:        7.996ns  (logic 3.612ns (45.169%)  route 4.384ns (54.831%))
  Logic Levels:           4  (FDRE=1 LUT4=1 LUT6=1 OBUF=1)

    Location             Delay type                Incr(ns)  Path(ns)    Netlist Resource(s)
  -------------------------------------------------------------------    -------------------
    SLICE_X62Y75         FDRE                         0.000     0.000 r  u_regB/data_q_reg[5]/C
    SLICE_X62Y75         FDRE (Prop_fdre_C_Q)         0.456     0.456 r  u_regB/data_q_reg[5]/Q
                         net (fo=10, routed)          1.340     1.796    u_regB/Bval_OBUF[5]
    SLICE_X63Y79         LUT6 (Prop_lut6_I3_O)        0.124     1.920 r  u_regB/hex_seg_o_OBUF[3]_inst_i_5/O
                         net (fo=1, routed)           0.795     2.716    u_regB/hex_seg_o_OBUF[3]_inst_i_5_n_0
    SLICE_X64Y79         LUT4 (Prop_lut4_I3_O)        0.124     2.840 r  u_regB/hex_seg_o_OBUF[3]_inst_i_1/O
                         net (fo=1, routed)           2.249     5.088    hex_seg_o_OBUF[3]
    C5                   OBUF (Prop_obuf_I_O)         2.908     7.996 r  hex_seg_o_OBUF[3]_inst/O
                         net (fo=0)                   0.000     7.996    hex_seg_o[3]
    C5                                                                r  hex_seg_o[3] (OUT)
  -------------------------------------------------------------------    -------------------

Slack:                    inf
  Source:                 u_regB/data_q_reg[2]/C
                            (rising edge-triggered cell FDRE)
  Destination:            hex_seg_o[2]
                            (output port)
  Path Group:             (none)
  Path Type:              Max at Slow Process Corner
  Data Path Delay:        7.995ns  (logic 4.233ns (52.944%)  route 3.762ns (47.056%))
  Logic Levels:           5  (FDRE=1 LUT4=1 LUT6=1 MUXF7=1 OBUF=1)

    Location             Delay type                Incr(ns)  Path(ns)    Netlist Resource(s)
  -------------------------------------------------------------------    -------------------
    SLICE_X62Y77         FDRE                         0.000     0.000 r  u_regB/data_q_reg[2]/C
    SLICE_X62Y77         FDRE (Prop_fdre_C_Q)         0.456     0.456 r  u_regB/data_q_reg[2]/Q
                         net (fo=10, routed)          1.202     1.658    u_regB/Bval_OBUF[2]
    SLICE_X62Y79         LUT4 (Prop_lut4_I1_O)        0.154     1.812 r  u_regB/hex_seg_o_OBUF[2]_inst_i_4/O
                         net (fo=1, routed)           0.651     2.463    u_regA/hex_seg_o_OBUF[2]_inst_i_1_0
    SLICE_X61Y79         LUT6 (Prop_lut6_I5_O)        0.327     2.790 r  u_regA/hex_seg_o_OBUF[2]_inst_i_2/O
                         net (fo=1, routed)           0.000     2.790    u_regA/hex_seg_o_OBUF[2]_inst_i_2_n_0
    SLICE_X61Y79         MUXF7 (Prop_muxf7_I0_O)      0.212     3.002 r  u_regA/hex_seg_o_OBUF[2]_inst_i_1/O
                         net (fo=1, routed)           1.909     4.911    hex_seg_o_OBUF[2]
    D5                   OBUF (Prop_obuf_I_O)         3.084     7.995 r  hex_seg_o_OBUF[2]_inst/O
                         net (fo=0)                   0.000     7.995    hex_seg_o[2]
    D5                                                                r  hex_seg_o[2] (OUT)
  -------------------------------------------------------------------    -------------------

Slack:                    inf
  Source:                 u_regA/data_q_reg[1]/C
                            (rising edge-triggered cell FDRE)
  Destination:            Aval[1]
                            (output port)
  Path Group:             (none)
  Path Type:              Max at Slow Process Corner
  Data Path Delay:        7.905ns  (logic 4.000ns (50.601%)  route 3.905ns (49.399%))
  Logic Levels:           2  (FDRE=1 OBUF=1)

    Location             Delay type                Incr(ns)  Path(ns)    Netlist Resource(s)
  -------------------------------------------------------------------    -------------------
    SLICE_X63Y76         FDRE                         0.000     0.000 r  u_regA/data_q_reg[1]/C
    SLICE_X63Y76         FDRE (Prop_fdre_C_Q)         0.456     0.456 r  u_regA/data_q_reg[1]/Q
                         net (fo=14, routed)          3.905     4.361    Aval_OBUF[1]
    B18                  OBUF (Prop_obuf_I_O)         3.544     7.905 r  Aval_OBUF[1]_inst/O
                         net (fo=0)                   0.000     7.905    Aval[1]
    B18                                                               r  Aval[1] (OUT)
  -------------------------------------------------------------------    -------------------

Slack:                    inf
  Source:                 u_regA/data_q_reg[0]/C
                            (rising edge-triggered cell FDRE)
  Destination:            Aval[0]
                            (output port)
  Path Group:             (none)
  Path Type:              Max at Slow Process Corner
  Data Path Delay:        7.832ns  (logic 4.002ns (51.106%)  route 3.829ns (48.894%))
  Logic Levels:           2  (FDRE=1 OBUF=1)

    Location             Delay type                Incr(ns)  Path(ns)    Netlist Resource(s)
  -------------------------------------------------------------------    -------------------
    SLICE_X63Y77         FDRE                         0.000     0.000 r  u_regA/data_q_reg[0]/C
    SLICE_X63Y77         FDRE (Prop_fdre_C_Q)         0.456     0.456 r  u_regA/data_q_reg[0]/Q
                         net (fo=14, routed)          3.829     4.285    Aval_OBUF[0]
    C17                  OBUF (Prop_obuf_I_O)         3.546     7.832 r  Aval_OBUF[0]_inst/O
                         net (fo=0)                   0.000     7.832    Aval[0]
    C17                                                               r  Aval[0] (OUT)
  -------------------------------------------------------------------    -------------------

Slack:                    inf
  Source:                 u_regB/data_q_reg[6]/C
                            (rising edge-triggered cell FDRE)
  Destination:            Bval[6]
                            (output port)
  Path Group:             (none)
  Path Type:              Max at Slow Process Corner
  Data Path Delay:        7.830ns  (logic 3.988ns (50.925%)  route 3.843ns (49.075%))
  Logic Levels:           2  (FDRE=1 OBUF=1)

    Location             Delay type                Incr(ns)  Path(ns)    Netlist Resource(s)
  -------------------------------------------------------------------    -------------------
    SLICE_X65Y77         FDRE                         0.000     0.000 r  u_regB/data_q_reg[6]/C
    SLICE_X65Y77         FDRE (Prop_fdre_C_Q)         0.456     0.456 r  u_regB/data_q_reg[6]/Q
                         net (fo=10, routed)          3.843     4.299    Bval_OBUF[6]
    E17                  OBUF (Prop_obuf_I_O)         3.532     7.830 r  Bval_OBUF[6]_inst/O
                         net (fo=0)                   0.000     7.830    Bval[6]
    E17                                                               r  Bval[6] (OUT)
  -------------------------------------------------------------------    -------------------





Min Delay Paths
--------------------------------------------------------------------------------------
Slack:                    inf
  Source:                 u_ne_rlc/prev_in_reg/C
                            (rising edge-triggered cell FDRE)
  Destination:            u_ne_rlc/out_reg/D
  Path Group:             (none)
  Path Type:              Min at Fast Process Corner
  Data Path Delay:        0.280ns  (logic 0.227ns (80.953%)  route 0.053ns (19.047%))
  Logic Levels:           2  (FDRE=1 LUT2=1)

    Location             Delay type                Incr(ns)  Path(ns)    Netlist Resource(s)
  -------------------------------------------------------------------    -------------------
    SLICE_X63Y73         FDRE                         0.000     0.000 r  u_ne_rlc/prev_in_reg/C
    SLICE_X63Y73         FDRE (Prop_fdre_C_Q)         0.128     0.128 r  u_ne_rlc/prev_in_reg/Q
                         net (fo=1, routed)           0.053     0.181    u_db_rlc/prev_in
    SLICE_X63Y73         LUT2 (Prop_lut2_I1_O)        0.099     0.280 r  u_db_rlc/out_i_1__0/O
                         net (fo=1, routed)           0.000     0.280    u_ne_rlc/out_reg_0
    SLICE_X63Y73         FDRE                                         r  u_ne_rlc/out_reg/D
  -------------------------------------------------------------------    -------------------

Slack:                    inf
  Source:                 u_ctrl/cnt_reg[2]/C
                            (rising edge-triggered cell FDRE)
  Destination:            u_ctrl/cnt_reg[2]/D
  Path Group:             (none)
  Path Type:              Min at Fast Process Corner
  Data Path Delay:        0.308ns  (logic 0.186ns (60.417%)  route 0.122ns (39.583%))
  Logic Levels:           2  (FDRE=1 LUT6=1)

    Location             Delay type                Incr(ns)  Path(ns)    Netlist Resource(s)
  -------------------------------------------------------------------    -------------------
    SLICE_X61Y74         FDRE                         0.000     0.000 r  u_ctrl/cnt_reg[2]/C
    SLICE_X61Y74         FDRE (Prop_fdre_C_Q)         0.141     0.141 r  u_ctrl/cnt_reg[2]/Q
                         net (fo=2, routed)           0.122     0.263    u_ctrl/cnt[2]
    SLICE_X61Y74         LUT6 (Prop_lut6_I0_O)        0.045     0.308 r  u_ctrl/cnt[2]_i_1/O
                         net (fo=1, routed)           0.000     0.308    u_ctrl/cnt[2]_i_1_n_0
    SLICE_X61Y74         FDRE                                         r  u_ctrl/cnt_reg[2]/D
  -------------------------------------------------------------------    -------------------

Slack:                    inf
  Source:                 u_db_rlc/q_reg/C
                            (rising edge-triggered cell FDRE)
  Destination:            u_ne_rlc/prev_in_reg/D
  Path Group:             (none)
  Path Type:              Min at Fast Process Corner
  Data Path Delay:        0.350ns  (logic 0.183ns (52.255%)  route 0.167ns (47.745%))
  Logic Levels:           2  (FDRE=1 LUT1=1)

    Location             Delay type                Incr(ns)  Path(ns)    Netlist Resource(s)
  -------------------------------------------------------------------    -------------------
    SLICE_X63Y73         FDRE                         0.000     0.000 r  u_db_rlc/q_reg/C
    SLICE_X63Y73         FDRE (Prop_fdre_C_Q)         0.141     0.141 f  u_db_rlc/q_reg/Q
                         net (fo=3, routed)           0.167     0.308    u_db_rlc/q_reg_n_0
    SLICE_X63Y73         LUT1 (Prop_lut1_I0_O)        0.042     0.350 r  u_db_rlc/prev_in_i_1__0/O
                         net (fo=1, routed)           0.000     0.350    u_ne_rlc/prev_in_reg_0
    SLICE_X63Y73         FDRE                                         r  u_ne_rlc/prev_in_reg/D
  -------------------------------------------------------------------    -------------------

Slack:                    inf
  Source:                 u_db_rlc/q_reg/C
                            (rising edge-triggered cell FDRE)
  Destination:            u_db_rlc/q_reg/D
  Path Group:             (none)
  Path Type:              Min at Fast Process Corner
  Data Path Delay:        0.353ns  (logic 0.186ns (52.660%)  route 0.167ns (47.340%))
  Logic Levels:           2  (FDRE=1 LUT4=1)

    Location             Delay type                Incr(ns)  Path(ns)    Netlist Resource(s)
  -------------------------------------------------------------------    -------------------
    SLICE_X63Y73         FDRE                         0.000     0.000 r  u_db_rlc/q_reg/C
    SLICE_X63Y73         FDRE (Prop_fdre_C_Q)         0.141     0.141 r  u_db_rlc/q_reg/Q
                         net (fo=3, routed)           0.167     0.308    u_db_rlc/q_reg_n_0
    SLICE_X63Y73         LUT4 (Prop_lut4_I3_O)        0.045     0.353 r  u_db_rlc/q_i_1__0/O
                         net (fo=1, routed)           0.000     0.353    u_db_rlc/q_i_1__0_n_0
    SLICE_X63Y73         FDRE                                         r  u_db_rlc/q_reg/D
  -------------------------------------------------------------------    -------------------

Slack:                    inf
  Source:                 u_db_rlc/counter_reg[11]/C
                            (rising edge-triggered cell FDRE)
  Destination:            u_db_rlc/counter_reg[11]/D
  Path Group:             (none)
  Path Type:              Min at Fast Process Corner
  Data Path Delay:        0.357ns  (logic 0.249ns (69.714%)  route 0.108ns (30.286%))
  Logic Levels:           2  (CARRY4=1 FDRE=1)

    Location             Delay type                Incr(ns)  Path(ns)    Netlist Resource(s)
  -------------------------------------------------------------------    -------------------
    SLICE_X65Y75         FDRE                         0.000     0.000 r  u_db_rlc/counter_reg[11]/C
    SLICE_X65Y75         FDRE (Prop_fdre_C_Q)         0.141     0.141 r  u_db_rlc/counter_reg[11]/Q
                         net (fo=1, routed)           0.108     0.249    u_db_rlc/counter_reg_n_0_[11]
    SLICE_X65Y75         CARRY4 (Prop_carry4_S[3]_O[3])
                                                      0.108     0.357 r  u_db_rlc/counter_reg[8]_i_1__0/O[3]
                         net (fo=1, routed)           0.000     0.357    u_db_rlc/counter_reg[8]_i_1__0_n_4
    SLICE_X65Y75         FDRE                                         r  u_db_rlc/counter_reg[11]/D
  -------------------------------------------------------------------    -------------------

Slack:                    inf
  Source:                 u_db_rlc/counter_reg[3]/C
                            (rising edge-triggered cell FDRE)
  Destination:            u_db_rlc/counter_reg[3]/D
  Path Group:             (none)
  Path Type:              Min at Fast Process Corner
  Data Path Delay:        0.357ns  (logic 0.249ns (69.714%)  route 0.108ns (30.286%))
  Logic Levels:           2  (CARRY4=1 FDRE=1)

    Location             Delay type                Incr(ns)  Path(ns)    Netlist Resource(s)
  -------------------------------------------------------------------    -------------------
    SLICE_X65Y73         FDRE                         0.000     0.000 r  u_db_rlc/counter_reg[3]/C
    SLICE_X65Y73         FDRE (Prop_fdre_C_Q)         0.141     0.141 r  u_db_rlc/counter_reg[3]/Q
                         net (fo=1, routed)           0.108     0.249    u_db_rlc/counter_reg_n_0_[3]
    SLICE_X65Y73         CARRY4 (Prop_carry4_S[3]_O[3])
                                                      0.108     0.357 r  u_db_rlc/counter_reg[0]_i_3__0/O[3]
                         net (fo=1, routed)           0.000     0.357    u_db_rlc/counter_reg[0]_i_3__0_n_4
    SLICE_X65Y73         FDRE                                         r  u_db_rlc/counter_reg[3]/D
  -------------------------------------------------------------------    -------------------

Slack:                    inf
  Source:                 u_db_rlc/counter_reg[7]/C
                            (rising edge-triggered cell FDRE)
  Destination:            u_db_rlc/counter_reg[7]/D
  Path Group:             (none)
  Path Type:              Min at Fast Process Corner
  Data Path Delay:        0.357ns  (logic 0.249ns (69.714%)  route 0.108ns (30.286%))
  Logic Levels:           2  (CARRY4=1 FDRE=1)

    Location             Delay type                Incr(ns)  Path(ns)    Netlist Resource(s)
  -------------------------------------------------------------------    -------------------
    SLICE_X65Y74         FDRE                         0.000     0.000 r  u_db_rlc/counter_reg[7]/C
    SLICE_X65Y74         FDRE (Prop_fdre_C_Q)         0.141     0.141 r  u_db_rlc/counter_reg[7]/Q
                         net (fo=1, routed)           0.108     0.249    u_db_rlc/counter_reg_n_0_[7]
    SLICE_X65Y74         CARRY4 (Prop_carry4_S[3]_O[3])
                                                      0.108     0.357 r  u_db_rlc/counter_reg[4]_i_1__0/O[3]
                         net (fo=1, routed)           0.000     0.357    u_db_rlc/counter_reg[4]_i_1__0_n_4
    SLICE_X65Y74         FDRE                                         r  u_db_rlc/counter_reg[7]/D
  -------------------------------------------------------------------    -------------------

Slack:                    inf
  Source:                 u_db_rlc/counter_reg[12]/C
                            (rising edge-triggered cell FDRE)
  Destination:            u_db_rlc/counter_reg[12]/D
  Path Group:             (none)
  Path Type:              Min at Fast Process Corner
  Data Path Delay:        0.361ns  (logic 0.256ns (70.880%)  route 0.105ns (29.120%))
  Logic Levels:           2  (CARRY4=1 FDRE=1)

    Location             Delay type                Incr(ns)  Path(ns)    Netlist Resource(s)
  -------------------------------------------------------------------    -------------------
    SLICE_X65Y76         FDRE                         0.000     0.000 r  u_db_rlc/counter_reg[12]/C
    SLICE_X65Y76         FDRE (Prop_fdre_C_Q)         0.141     0.141 r  u_db_rlc/counter_reg[12]/Q
                         net (fo=1, routed)           0.105     0.246    u_db_rlc/counter_reg_n_0_[12]
    SLICE_X65Y76         CARRY4 (Prop_carry4_S[0]_O[0])
                                                      0.115     0.361 r  u_db_rlc/counter_reg[12]_i_1__0/O[0]
                         net (fo=1, routed)           0.000     0.361    u_db_rlc/counter_reg[12]_i_1__0_n_7
    SLICE_X65Y76         FDRE                                         r  u_db_rlc/counter_reg[12]/D
  -------------------------------------------------------------------    -------------------

Slack:                    inf
  Source:                 u_db_rlc/counter_reg[4]/C
                            (rising edge-triggered cell FDRE)
  Destination:            u_db_rlc/counter_reg[4]/D
  Path Group:             (none)
  Path Type:              Min at Fast Process Corner
  Data Path Delay:        0.361ns  (logic 0.256ns (70.880%)  route 0.105ns (29.120%))
  Logic Levels:           2  (CARRY4=1 FDRE=1)

    Location             Delay type                Incr(ns)  Path(ns)    Netlist Resource(s)
  -------------------------------------------------------------------    -------------------
    SLICE_X65Y74         FDRE                         0.000     0.000 r  u_db_rlc/counter_reg[4]/C
    SLICE_X65Y74         FDRE (Prop_fdre_C_Q)         0.141     0.141 r  u_db_rlc/counter_reg[4]/Q
                         net (fo=1, routed)           0.105     0.246    u_db_rlc/counter_reg_n_0_[4]
    SLICE_X65Y74         CARRY4 (Prop_carry4_S[0]_O[0])
                                                      0.115     0.361 r  u_db_rlc/counter_reg[4]_i_1__0/O[0]
                         net (fo=1, routed)           0.000     0.361    u_db_rlc/counter_reg[4]_i_1__0_n_7
    SLICE_X65Y74         FDRE                                         r  u_db_rlc/counter_reg[4]/D
  -------------------------------------------------------------------    -------------------

Slack:                    inf
  Source:                 u_db_rlc/counter_reg[8]/C
                            (rising edge-triggered cell FDRE)
  Destination:            u_db_rlc/counter_reg[8]/D
  Path Group:             (none)
  Path Type:              Min at Fast Process Corner
  Data Path Delay:        0.361ns  (logic 0.256ns (70.880%)  route 0.105ns (29.120%))
  Logic Levels:           2  (CARRY4=1 FDRE=1)

    Location             Delay type                Incr(ns)  Path(ns)    Netlist Resource(s)
  -------------------------------------------------------------------    -------------------
    SLICE_X65Y75         FDRE                         0.000     0.000 r  u_db_rlc/counter_reg[8]/C
    SLICE_X65Y75         FDRE (Prop_fdre_C_Q)         0.141     0.141 r  u_db_rlc/counter_reg[8]/Q
                         net (fo=1, routed)           0.105     0.246    u_db_rlc/counter_reg_n_0_[8]
    SLICE_X65Y75         CARRY4 (Prop_carry4_S[0]_O[0])
                                                      0.115     0.361 r  u_db_rlc/counter_reg[8]_i_1__0/O[0]
                         net (fo=1, routed)           0.000     0.361    u_db_rlc/counter_reg[8]_i_1__0_n_7
    SLICE_X65Y75         FDRE                                         r  u_db_rlc/counter_reg[8]/D
  -------------------------------------------------------------------    -------------------





